Component: ARM Compiler 5.06 update 7 (build 960) Tool: armlink [4d3601]

==============================================================================

Section Cross References

    startup_stm32f412rx.o(RESET) refers to startup_stm32f412rx.o(STACK) for __initial_sp
    startup_stm32f412rx.o(RESET) refers to startup_stm32f412rx.o(.text) for Reset_Handler
    startup_stm32f412rx.o(RESET) refers to stm32f4xx_it.o(i.NMI_Handler) for NMI_Handler
    startup_stm32f412rx.o(RESET) refers to stm32f4xx_it.o(i.HardFault_Handler) for HardFault_Handler
    startup_stm32f412rx.o(RESET) refers to stm32f4xx_it.o(i.MemManage_Handler) for MemManage_Handler
    startup_stm32f412rx.o(RESET) refers to stm32f4xx_it.o(i.BusFault_Handler) for BusFault_Handler
    startup_stm32f412rx.o(RESET) refers to stm32f4xx_it.o(i.UsageFault_Handler) for UsageFault_Handler
    startup_stm32f412rx.o(RESET) refers to port.o(.emb_text) for SVC_Handler
    startup_stm32f412rx.o(RESET) refers to stm32f4xx_it.o(i.DebugMon_Handler) for DebugMon_Handler
    startup_stm32f412rx.o(RESET) refers to cmsis_os2.o(i.SysTick_Handler) for SysTick_Handler
    startup_stm32f412rx.o(RESET) refers to stm32f4xx_it.o(i.DMA1_Stream5_IRQHandler) for DMA1_Stream5_IRQHandler
    startup_stm32f412rx.o(RESET) refers to stm32f4xx_it.o(i.DMA1_Stream6_IRQHandler) for DMA1_Stream6_IRQHandler
    startup_stm32f412rx.o(RESET) refers to stm32f4xx_it.o(i.TIM1_UP_TIM10_IRQHandler) for TIM1_UP_TIM10_IRQHandler
    startup_stm32f412rx.o(RESET) refers to stm32f4xx_it.o(i.TIM2_IRQHandler) for TIM2_IRQHandler
    startup_stm32f412rx.o(RESET) refers to stm32f4xx_it.o(i.USART2_IRQHandler) for USART2_IRQHandler
    startup_stm32f412rx.o(.text) refers to system_stm32f4xx.o(i.SystemInit) for SystemInit
    startup_stm32f412rx.o(.text) refers to entry.o(.ARM.Collect$$$$00000000) for __main
    main.o(i.HAL_TIM_IC_CaptureCallback) refers to stm32f4xx_hal_tim.o(i.HAL_TIM_ReadCapturedValue) for HAL_TIM_ReadCapturedValue
    main.o(i.HAL_TIM_IC_CaptureCallback) refers to freertos.o(.data) for IC_DONE_FLAG
    main.o(i.HAL_TIM_IC_CaptureCallback) refers to tim.o(.bss) for htim2
    main.o(i.HAL_TIM_PeriodElapsedCallback) refers to stm32f4xx_hal.o(i.HAL_IncTick) for HAL_IncTick
    main.o(i.HAL_TIM_PeriodElapsedCallback) refers to freertos.o(.data) for IC_DONE_FLAG
    main.o(i.SystemClock_Config) refers to memseta.o(.text) for __aeabi_memclr4
    main.o(i.SystemClock_Config) refers to stm32f4xx_hal_rcc_ex.o(i.HAL_RCC_OscConfig) for HAL_RCC_OscConfig
    main.o(i.SystemClock_Config) refers to main.o(i.Error_Handler) for Error_Handler
    main.o(i.SystemClock_Config) refers to stm32f4xx_hal_rcc.o(i.HAL_RCC_ClockConfig) for HAL_RCC_ClockConfig
    main.o(i.main) refers to stm32f4xx_hal.o(i.HAL_Init) for HAL_Init
    main.o(i.main) refers to main.o(i.SystemClock_Config) for SystemClock_Config
    main.o(i.main) refers to gpio.o(i.MX_GPIO_Init) for MX_GPIO_Init
    main.o(i.main) refers to dma.o(i.MX_DMA_Init) for MX_DMA_Init
    main.o(i.main) refers to tim.o(i.MX_TIM2_Init) for MX_TIM2_Init
    main.o(i.main) refers to usart.o(i.MX_USART2_UART_Init) for MX_USART2_UART_Init
    main.o(i.main) refers to stm32f4xx_hal_tim.o(i.HAL_TIM_IC_Start_IT) for HAL_TIM_IC_Start_IT
    main.o(i.main) refers to tjc_usart_hmi.o(i.initRingBuff) for initRingBuff
    main.o(i.main) refers to stm32f4xx_hal_uart.o(i.HAL_UART_Receive_IT) for HAL_UART_Receive_IT
    main.o(i.main) refers to tjc_usart_hmi.o(i.TJCPrintf) for TJCPrintf
    main.o(i.main) refers to cmsis_os2.o(i.osKernelInitialize) for osKernelInitialize
    main.o(i.main) refers to freertos.o(i.MX_FREERTOS_Init) for MX_FREERTOS_Init
    main.o(i.main) refers to cmsis_os2.o(i.osKernelStart) for osKernelStart
    main.o(i.main) refers to tim.o(.bss) for htim2
    main.o(i.main) refers to tjc_usart_hmi.o(.data) for RxBuff
    main.o(i.main) refers to usart.o(.bss) for huart2
    gpio.o(i.MX_GPIO_Init) refers to memseta.o(.text) for __aeabi_memclr4
    gpio.o(i.MX_GPIO_Init) refers to stm32f4xx_hal_gpio.o(i.HAL_GPIO_WritePin) for HAL_GPIO_WritePin
    gpio.o(i.MX_GPIO_Init) refers to stm32f4xx_hal_gpio.o(i.HAL_GPIO_Init) for HAL_GPIO_Init
    freertos.o(i.MX_FREERTOS_Init) refers to cmsis_os2.o(i.osMessageQueueNew) for osMessageQueueNew
    freertos.o(i.MX_FREERTOS_Init) refers to cmsis_os2.o(i.osThreadNew) for osThreadNew
    freertos.o(i.MX_FREERTOS_Init) refers to freertos.o(.constdata) for Pulse_Reception_Queue_attributes
    freertos.o(i.MX_FREERTOS_Init) refers to freertos.o(.data) for Pulse_Reception_QueueHandle
    freertos.o(i.MX_FREERTOS_Init) refers to freertos.o(i.StartDefaultTask) for StartDefaultTask
    freertos.o(i.MX_FREERTOS_Init) refers to freertos.o(i.Pulse_acquisition) for Pulse_acquisition
    freertos.o(i.MX_FREERTOS_Init) refers to freertos.o(i.Screen) for Screen
    freertos.o(i.Pulse_acquisition) refers to cmsis_os2.o(i.osDelay) for osDelay
[...]
    i.HAL_DMA_Abort_IT                       0x08000a0e   Section        0  stm32f4xx_hal_dma.o(i.HAL_DMA_Abort_IT)
    i.HAL_DMA_IRQHandler                     0x08000a38   Section        0  stm32f4xx_hal_dma.o(i.HAL_DMA_IRQHandler)
    i.HAL_DMA_Init                           0x08000c78   Section        0  stm32f4xx_hal_dma.o(i.HAL_DMA_Init)
    i.HAL_GPIO_Init                          0x08000d64   Section        0  stm32f4xx_hal_gpio.o(i.HAL_GPIO_Init)
    i.HAL_GPIO_WritePin                      0x08000f20   Section        0  stm32f4xx_hal_gpio.o(i.HAL_GPIO_WritePin)
    i.HAL_GetTick                            0x08000f2c   Section        0  stm32f4xx_hal.o(i.HAL_GetTick)
    i.HAL_IncTick                            0x08000f38   Section        0  stm32f4xx_hal.o(i.HAL_IncTick)
    i.HAL_Init                               0x08000f50   Section        0  stm32f4xx_hal.o(i.HAL_Init)
    i.HAL_InitTick                           0x08000f8c   Section        0  stm32f4xx_hal_timebase_tim.o(i.HAL_InitTick)
    i.HAL_MspInit                            0x0800102c   Section        0  stm32f4xx_hal_msp.o(i.HAL_MspInit)
    i.HAL_NVIC_EnableIRQ                     0x08001080   Section        0  stm32f4xx_hal_cortex.o(i.HAL_NVIC_EnableIRQ)
    i.HAL_NVIC_SetPriority                   0x080010a0   Section        0  stm32f4xx_hal_cortex.o(i.HAL_NVIC_SetPriority)
    i.HAL_NVIC_SetPriorityGrouping           0x0800111c   Section        0  stm32f4xx_hal_cortex.o(i.HAL_NVIC_SetPriorityGrouping)
    i.HAL_RCC_ClockConfig                    0x08001144   Section        0  stm32f4xx_hal_rcc.o(i.HAL_RCC_ClockConfig)
    i.HAL_RCC_GetClockConfig                 0x080012c8   Section        0  stm32f4xx_hal_rcc.o(i.HAL_RCC_GetClockConfig)
    i.HAL_RCC_GetHCLKFreq                    0x0800130c   Section        0  stm32f4xx_hal_rcc.o(i.HAL_RCC_GetHCLKFreq)
    i.HAL_RCC_GetPCLK1Freq                   0x08001318   Section        0  stm32f4xx_hal_rcc.o(i.HAL_RCC_GetPCLK1Freq)
    i.HAL_RCC_GetPCLK2Freq                   0x08001338   Section        0  stm32f4xx_hal_rcc.o(i.HAL_RCC_GetPCLK2Freq)
    i.HAL_RCC_GetSysClockFreq                0x08001358   Section        0  stm32f4xx_hal_rcc.o(i.HAL_RCC_GetSysClockFreq)
    i.HAL_RCC_OscConfig                      0x08001408   Section        0  stm32f4xx_hal_rcc_ex.o(i.HAL_RCC_OscConfig)
    i.HAL_TIMEx_BreakCallback                0x080018b8   Section        0  stm32f4xx_hal_tim_ex.o(i.HAL_TIMEx_BreakCallback)
    i.HAL_TIMEx_CommutCallback               0x080018ba   Section        0  stm32f4xx_hal_tim_ex.o(i.HAL_TIMEx_CommutCallback)
    i.HAL_TIMEx_MasterConfigSynchronization  0x080018bc   Section        0  stm32f4xx_hal_tim_ex.o(i.HAL_TIMEx_MasterConfigSynchronization)
    i.HAL_TIM_Base_Init                      0x08001970   Section        0  stm32f4xx_hal_tim.o(i.HAL_TIM_Base_Init)
    i.HAL_TIM_Base_MspInit                   0x080019d6   Section        0  stm32f4xx_hal_tim.o(i.HAL_TIM_Base_MspInit)
    i.HAL_TIM_Base_Start_IT                  0x080019d8   Section        0  stm32f4xx_hal_tim.o(i.HAL_TIM_Base_Start_IT)
    i.HAL_TIM_IC_CaptureCallback             0x08001a80   Section        0  main.o(i.HAL_TIM_IC_CaptureCallback)
    i.HAL_TIM_IC_ConfigChannel               0x08001b20   Section        0  stm32f4xx_hal_tim.o(i.HAL_TIM_IC_ConfigChannel)
    i.HAL_TIM_IC_Init                        0x08001bfe   Section        0  stm32f4xx_hal_tim.o(i.HAL_TIM_IC_Init)
    i.HAL_TIM_IC_MspInit                     0x08001c64   Section        0  tim.o(i.HAL_TIM_IC_MspInit)
    i.HAL_TIM_IC_Start_IT                    0x08001cf4   Section        0  stm32f4xx_hal_tim.o(i.HAL_TIM_IC_Start_IT)
    i.HAL_TIM_IRQHandler                     0x08001e84   Section        0  stm32f4xx_hal_tim.o(i.HAL_TIM_IRQHandler)
    i.HAL_TIM_OC_DelayElapsedCallback        0x0800201a   Section        0  stm32f4xx_hal_tim.o(i.HAL_TIM_OC_DelayElapsedCallback)
    i.HAL_TIM_PWM_PulseFinishedCallback      0x0800201c   Section        0  stm32f4xx_hal_tim.o(i.HAL_TIM_PWM_PulseFinishedCallback)
    i.HAL_TIM_PeriodElapsedCallback          0x08002020   Section        0  main.o(i.HAL_TIM_PeriodElapsedCallback)
    i.HAL_TIM_ReadCapturedValue              0x08002064   Section        0  stm32f4xx_hal_tim.o(i.HAL_TIM_ReadCapturedValue)
    i.HAL_TIM_TriggerCallback                0x08002096   Section        0  stm32f4xx_hal_tim.o(i.HAL_TIM_TriggerCallback)
    i.HAL_UARTEx_RxEventCallback             0x08002098   Section        0  stm32f4xx_hal_uart.o(i.HAL_UARTEx_RxEventCallback)
    i.HAL_UART_ErrorCallback                 0x0800209a   Section        0  stm32f4xx_hal_uart.o(i.HAL_UART_ErrorCallback)
    i.HAL_UART_IRQHandler                    0x0800209c   Section        0  stm32f4xx_hal_uart.o(i.HAL_UART_IRQHandler)
    i.HAL_UART_Init                          0x0800237c   Section        0  stm32f4xx_hal_uart.o(i.HAL_UART_Init)
    i.HAL_UART_MspInit                       0x080023f0   Section        0  usart.o(i.HAL_UART_MspInit)
    i.HAL_UART_Receive_IT                    0x0800250c   Section        0  stm32f4xx_hal_uart.o(i.HAL_UART_Receive_IT)
    i.HAL_UART_RxCpltCallback                0x08002550   Section        0  tjc_usart_hmi.o(i.HAL_UART_RxCpltCallback)
    i.HAL_UART_Transmit_IT                   0x0800257c   Section        0  stm32f4xx_hal_uart.o(i.HAL_UART_Transmit_IT)
    i.HAL_UART_TxCpltCallback                0x080025d4   Section        0  stm32f4xx_hal_uart.o(i.HAL_UART_TxCpltCallback)
    i.HardFault_Handler                      0x080025d6   Section        0  stm32f4xx_it.o(i.HardFault_Handler)
    i.MX_DMA_Init                            0x080025dc   Section        0  dma.o(i.MX_DMA_Init)
    i.MX_FREERTOS_Init                       0x08002624   Section        0  freertos.o(i.MX_FREERTOS_Init)
    i.MX_GPIO_Init                           0x080026a4   Section        0  gpio.o(i.MX_GPIO_Init)
    i.MX_TIM2_Init                           0x08002738   Section        0  tim.o(i.MX_TIM2_Init)
    i.MX_USART2_UART_Init                    0x080027ac   Section        0  usart.o(i.MX_USART2_UART_Init)
    i.MemManage_Handler                      0x080027e4   Section        0  stm32f4xx_it.o(i.MemManage_Handler)
    i.NMI_Handler                            0x080027e8   Section        0  stm32f4xx_it.o(i.NMI_Handler)
    i.Pulse_acquisition                      0x080027ec   Section        0  freertos.o(i.Pulse_acquisition)
    i.Screen                                 0x0800285c   Section        0  freertos.o(i.Screen)
    i.StartDefaultTask                       0x080028e4   Section        0  freertos.o(i.StartDefaultTask)
    i.SysTick_Handler                        0x080028ee   Section        0  cmsis_os2.o(i.SysTick_Handler)
    i.SystemClock_Config                     0x08002904   Section        0  main.o(i.SystemClock_Config)
    i.SystemInit                             0x080029b4   Section        0  system_stm32f4xx.o(i.SystemInit)
    i.TIM1_UP_TIM10_IRQHandler               0x080029c8   Section        0  stm32f4xx_it.o(i.TIM1_UP_TIM10_IRQHandler)
    i.TIM2_IRQHandler                        0x080029d8   Section        0  stm32f4xx_it.o(i.TIM2_IRQHandler)
    i.TIM_Base_SetConfig                     0x080029e8   Section        0  stm32f4xx_hal_tim.o(i.TIM_Base_SetConfig)
    i.TIM_CCxChannelCmd                      0x08002ac0   Section        0  stm32f4xx_hal_tim.o(i.TIM_CCxChannelCmd)
    i.TIM_TI1_SetConfig                      0x08002ae4   Section        0  stm32f4xx_hal_tim.o(i.TIM_TI1_SetConfig)
    i.TIM_TI2_SetConfig                      0x08002b74   Section        0  stm32f4xx_hal_tim.o(i.TIM_TI2_SetConfig)
    TIM_TI2_SetConfig                        0x08002b75   Thumb Code    58  stm32f4xx_hal_tim.o(i.TIM_TI2_SetConfig)
    i.TIM_TI3_SetConfig                      0x08002bae   Section        0  stm32f4xx_hal_tim.o(i.TIM_TI3_SetConfig)
    TIM_TI3_SetConfig                        0x08002baf   Thumb Code    56  stm32f4xx_hal_tim.o(i.TIM_TI3_SetConfig)
    i.TIM_TI4_SetConfig                      0x08002be6   Section        0  stm32f4xx_hal_tim.o(i.TIM_TI4_SetConfig)
    TIM_TI4_SetConfig                        0x08002be7   Thumb Code    60  stm32f4xx_hal_tim.o(i.TIM_TI4_SetConfig)
    i.TJCPrintf                              0x08002c24   Section        0  tjc_usart_hmi.o(i.TJCPrintf)
    i.UART_DMAAbortOnError                   0x08002cc0   Section        0  stm32f4xx_hal_uart.o(i.UART_DMAAbortOnError)
    UART_DMAAbortOnError                     0x08002cc1   Thumb Code    20  stm32f4xx_hal_uart.o(i.UART_DMAAbortOnError)
    i.UART_EndRxTransfer                     0x08002cd4   Section        0  stm32f4xx_hal_uart.o(i.UART_EndRxTransfer)
    UART_EndRxTransfer                       0x08002cd5   Thumb Code   108  stm32f4xx_hal_uart.o(i.UART_EndRxTransfer)
    i.UART_EndTransmit_IT                    0x08002d40   Section        0  stm32f4xx_hal_uart.o(i.UART_EndTransmit_IT)
    UART_EndTransmit_IT                      0x08002d41   Thumb Code    32  stm32f4xx_hal_uart.o(i.UART_EndTransmit_IT)
    i.UART_Receive_IT                        0x08002d60   Section        0  stm32f4xx_hal_uart.o(i.UART_Receive_IT)
    UART_Receive_IT                          0x08002d61   Thumb Code   248  stm32f4xx_hal_uart.o(i.UART_Receive_IT)
    i.UART_SetConfig                         0x08002e58   Section        0  stm32f4xx_hal_uart.o(i.UART_SetConfig)
    UART_SetConfig                           0x08002e59   Thumb Code   546  stm32f4xx_hal_uart.o(i.UART_SetConfig)
    i.UART_Start_Receive_IT                  0x08003084   Section        0  stm32f4xx_hal_uart.o(i.UART_Start_Receive_IT)
    i.UART_Transmit_IT                       0x080030ce   Section        0  stm32f4xx_hal_uart.o(i.UART_Transmit_IT)
    UART_Transmit_IT                         0x080030cf   Thumb Code    96  stm32f4xx_hal_uart.o(i.UART_Transmit_IT)
    i.USART2_IRQHandler                      0x08003130   Section        0  stm32f4xx_it.o(i.USART2_IRQHandler)
    i.UsageFault_Handler                     0x08003140   Section        0  stm32f4xx_it.o(i.UsageFault_Handler)
    i.__0vsnprintf                           0x08003144   Section        0  printfa.o(i.__0vsnprintf)
    i.__NVIC_GetPriorityGrouping             0x08003178   Section        0  stm32f4xx_hal_cortex.o(i.__NVIC_GetPriorityGrouping)
    __NVIC_GetPriorityGrouping               0x08003179   Thumb Code    10  stm32f4xx_hal_cortex.o(i.__NVIC_GetPriorityGrouping)
    i.__NVIC_SetPriority                     0x08003188   Section        0  stm32f4xx_hal_cortex.o(i.__NVIC_SetPriority)
    __NVIC_SetPriority                       0x08003189   Thumb Code    32  stm32f4xx_hal_cortex.o(i.__NVIC_SetPriority)
    i.__get_IPSR                             0x080031b0   Section        0  cmsis_os2.o(i.__get_IPSR)
    __get_IPSR                               0x080031b1   Thumb Code     6  cmsis_os2.o(i.__get_IPSR)
    i.__scatterload_copy                     0x080031b6   Section       14  handlers.o(i.__scatterload_copy)
    i.__scatterload_null                     0x080031c4   Section        2  handlers.o(i.__scatterload_null)
    i.__scatterload_zeroinit                 0x080031c6   Section       14  handlers.o(i.__scatterload_zeroinit)
    i._fp_digits                             0x080031d4   Section        0  printfa.o(i._fp_digits)
    _fp_digits                               0x080031d5   Thumb Code   366  printfa.o(i._fp_digits)
    i._printf_core                           0x08003358   Section        0  printfa.o(i._printf_core)
    _printf_core                             0x08003359   Thumb Code  1704  printfa.o(i._printf_core)
    i._printf_post_padding                   0x08003a0c   Section        0  printfa.o(i._printf_post_padding)
    _printf_post_padding                     0x08003a0d   Thumb Code    36  printfa.o(i._printf_post_padding)
    i._printf_pre_padding                    0x08003a30   Section        0  printfa.o(i._printf_pre_padding)
    _printf_pre_padding                      0x08003a31   Thumb Code    46  printfa.o(i._printf_pre_padding)
    i._snputc                                0x08003a5e   Section        0  printfa.o(i._snputc)
    _snputc                                  0x08003a5f   Thumb Code    22  printfa.o(i._snputc)
    i.initRingBuff                           0x08003a74   Section        0  tjc_usart_hmi.o(i.initRingBuff)
    i.main                                   0x08003a84   Section        0  main.o(i.main)
    i.osDelay                                0x08003aec   Section        0  cmsis_os2.o(i.osDelay)
    i.osKernelInitialize                     0x08003b0c   Section        0  cmsis_os2.o(i.osKernelInitialize)
    i.osKernelStart                          0x08003b38   Section        0  cmsis_os2.o(i.osKernelStart)
    i.osMessageQueueGet                      0x08003b98   Section        0  cmsis_os2.o(i.osMessageQueueGet)
    i.osMessageQueueNew                      0x08003c18   Section        0  cmsis_os2.o(i.osMessageQueueNew)
    i.osMessageQueuePut                      0x08003cb4   Section        0  cmsis_os2.o(i.osMessageQueuePut)
    i.osThreadNew                            0x08003d38   Section        0  cmsis_os2.o(i.osThreadNew)
    i.prvAddCurrentTaskToDelayedList         0x08003df0   Section        0  tasks.o(i.prvAddCurrentTaskToDelayedList)
    prvAddCurrentTaskToDelayedList           0x08003df1   Thumb Code   100  tasks.o(i.prvAddCurrentTaskToDelayedList)
    i.prvAddNewTaskToReadyList               0x08003e6c   Section        0  tasks.o(i.prvAddNewTaskToReadyList)
    prvAddNewTaskToReadyList                 0x08003e6d   Thumb Code   154  tasks.o(i.prvAddNewTaskToReadyList)
    i.prvCheckForValidListAndQueue           0x08003f24   Section        0  timers.o(i.prvCheckForValidListAndQueue)
    prvCheckForValidListAndQueue             0x08003f25   Thumb Code    78  timers.o(i.prvCheckForValidListAndQueue)
    i.prvCheckTasksWaitingTermination        0x08003f98   Section        0  tasks.o(i.prvCheckTasksWaitingTermination)
    prvCheckTasksWaitingTermination          0x08003f99   Thumb Code    60  tasks.o(i.prvCheckTasksWaitingTermination)
    i.prvCopyDataFromQueue                   0x08003fe0   Section        0  queue.o(i.prvCopyDataFromQueue)
    prvCopyDataFromQueue                     0x08003fe1   Thumb Code    42  queue.o(i.prvCopyDataFromQueue)
    i.prvCopyDataToQueue                     0x0800400a   Section        0  queue.o(i.prvCopyDataToQueue)
    prvCopyDataToQueue                       0x0800400b   Thumb Code   126  queue.o(i.prvCopyDataToQueue)
    i.prvDeleteTCB                           0x08004088   Section        0  tasks.o(i.prvDeleteTCB)
    prvDeleteTCB                             0x08004089   Thumb Code    80  tasks.o(i.prvDeleteTCB)
    i.prvGetNextExpireTime                   0x080040d8   Section        0  timers.o(i.prvGetNextExpireTime)
    prvGetNextExpireTime                     0x080040d9   Thumb Code    36  timers.o(i.prvGetNextExpireTime)
    i.prvHeapInit                            0x08004100   Section        0  heap_4.o(i.prvHeapInit)
    prvHeapInit                              0x08004101   Thumb Code    98  heap_4.o(i.prvHeapInit)
    i.prvIdleTask                            0x0800417c   Section        0  tasks.o(i.prvIdleTask)
    prvIdleTask                              0x0800417d   Thumb Code    32  tasks.o(i.prvIdleTask)
    i.prvInitialiseNewQueue                  0x080041a4   Section        0  queue.o(i.prvInitialiseNewQueue)
    prvInitialiseNewQueue                    0x080041a5   Thumb Code    42  queue.o(i.prvInitialiseNewQueue)
    i.prvInitialiseNewTask                   0x080041ce   Section        0  tasks.o(i.prvInitialiseNewTask)
    prvInitialiseNewTask                     0x080041cf   Thumb Code   190  tasks.o(i.prvInitialiseNewTask)
    i.prvInitialiseTaskLists                 0x0800428c   Section        0  tasks.o(i.prvInitialiseTaskLists)
    prvInitialiseTaskLists                   0x0800428d   Thumb Code    70  tasks.o(i.prvInitialiseTaskLists)
    i.prvInsertBlockIntoFreeList             0x080042f4   Section        0  heap_4.o(i.prvInsertBlockIntoFreeList)
    prvInsertBlockIntoFreeList               0x080042f5   Thumb Code    96  heap_4.o(i.prvInsertBlockIntoFreeList)
    i.prvInsertTimerInActiveList             0x0800435c   Section        0  timers.o(i.prvInsertTimerInActiveList)
    prvInsertTimerInActiveList               0x0800435d   Thumb Code    80  timers.o(i.prvInsertTimerInActiveList)
    i.prvIsQueueEmpty                        0x080043b4   Section        0  queue.o(i.prvIsQueueEmpty)
    prvIsQueueEmpty                          0x080043b5   Thumb Code    26  queue.o(i.prvIsQueueEmpty)
    i.prvIsQueueFull                         0x080043ce   Section        0  queue.o(i.prvIsQueueFull)
    prvIsQueueFull                           0x080043cf   Thumb Code    30  queue.o(i.prvIsQueueFull)
    i.prvProcessExpiredTimer                 0x080043ec   Section        0  timers.o(i.prvProcessExpiredTimer)
    prvProcessExpiredTimer                   0x080043ed   Thumb Code   110  timers.o(i.prvProcessExpiredTimer)
    i.prvProcessReceivedCommands             0x08004460   Section        0  timers.o(i.prvProcessReceivedCommands)
    prvProcessReceivedCommands               0x08004461   Thumb Code   350  timers.o(i.prvProcessReceivedCommands)
    i.prvProcessTimerOrBlockTask             0x080045c4   Section        0  timers.o(i.prvProcessTimerOrBlockTask)
    prvProcessTimerOrBlockTask               0x080045c5   Thumb Code   102  timers.o(i.prvProcessTimerOrBlockTask)
    i.prvResetNextTaskUnblockTime            0x08004638   Section        0  tasks.o(i.prvResetNextTaskUnblockTime)
    prvResetNextTaskUnblockTime              0x08004639   Thumb Code    42  tasks.o(i.prvResetNextTaskUnblockTime)
    i.prvSampleTimeNow                       0x0800466c   Section        0  timers.o(i.prvSampleTimeNow)
    prvSampleTimeNow                         0x0800466d   Thumb Code    40  timers.o(i.prvSampleTimeNow)
    i.prvSwitchTimerLists                    0x08004698   Section        0  timers.o(i.prvSwitchTimerLists)
    prvSwitchTimerLists                      0x08004699   Thumb Code   154  timers.o(i.prvSwitchTimerLists)
    i.prvTaskExitError                       0x0800473c   Section        0  port.o(i.prvTaskExitError)
    prvTaskExitError                         0x0800473d   Thumb Code    60  port.o(i.prvTaskExitError)
    i.prvTimerTask                           0x0800477c   Section        0  timers.o(i.prvTimerTask)
    prvTimerTask                             0x0800477d   Thumb Code    26  timers.o(i.prvTimerTask)
    i.prvUnlockQueue                         0x08004796   Section        0  queue.o(i.prvUnlockQueue)
    prvUnlockQueue                           0x08004797   Thumb Code   126  queue.o(i.prvUnlockQueue)
    i.pvPortMalloc                           0x08004814   Section        0  heap_4.o(i.pvPortMalloc)
    i.pxPortInitialiseStack                  0x08004960   Section        0  port.o(i.pxPortInitialiseStack)
    i.uxListRemove                           0x0800498c   Section        0  list.o(i.uxListRemove)
    i.vApplicationGetIdleTaskMemory          0x080049b4   Section        0  cmsis_os2.o(i.vApplicationGetIdleTaskMemory)
    i.vApplicationGetTimerTaskMemory         0x080049cc   Section        0  cmsis_os2.o(i.vApplicationGetTimerTaskMemory)
    i.vListInitialise                        0x080049e4   Section        0  list.o(i.vListInitialise)
    i.vListInitialiseItem                    0x080049fe   Section        0  list.o(i.vListInitialiseItem)
    i.vListInsert                            0x08004a04   Section        0  list.o(i.vListInsert)
    i.vListInsertEnd                         0x08004a38   Section        0  list.o(i.vListInsertEnd)
    i.vPortEnterCritical                     0x08004a50   Section        0  port.o(i.vPortEnterCritical)
    i.vPortExitCritical                      0x08004aa4   Section        0  port.o(i.vPortExitCritical)
    i.vPortFree                              0x08004ae0   Section        0  heap_4.o(i.vPortFree)
    i.vPortSetupTimerInterrupt               0x08004b84   Section        0  port.o(i.vPortSetupTimerInterrupt)
    i.vPortValidateInterruptPriority         0x08004bac   Section        0  port.o(i.vPortValidateInterruptPriority)
    i.vQueueAddToRegistry                    0x08004c24   Section        0  queue.o(i.vQueueAddToRegistry)
    i.vQueueWaitForMessageRestricted         0x08004c50   Section        0  queue.o(i.vQueueWaitForMessageRestricted)
    i.vTaskDelay                             0x08004c9c   Section        0  tasks.o(i.vTaskDelay)
    i.vTaskInternalSetTimeOutState           0x08004cf8   Section        0  tasks.o(i.vTaskInternalSetTimeOutState)
    i.vTaskMissedYield                       0x08004d10   Section        0  tasks.o(i.vTaskMissedYield)
    i.vTaskPlaceOnEventList                  0x08004d1c   Section        0  tasks.o(i.vTaskPlaceOnEventList)
    i.vTaskPlaceOnEventListRestricted        0x08004d54   Section        0  tasks.o(i.vTaskPlaceOnEventListRestricted)
    i.vTaskStartScheduler                    0x08004d94   Section        0  tasks.o(i.vTaskStartScheduler)
    i.vTaskSuspendAll                        0x08004e4c   Section        0  tasks.o(i.vTaskSuspendAll)
    i.vTaskSwitchContext                     0x08004e5c   Section        0  tasks.o(i.vTaskSwitchContext)
    i.writeRingBuff                          0x08004eec   Section        0  tjc_usart_hmi.o(i.writeRingBuff)
    i.xPortStartScheduler                    0x08004f28   Section        0  port.o(i.xPortStartScheduler)
    i.xPortSysTickHandler                    0x08005090   Section        0  port.o(i.xPortSysTickHandler)
    i.xQueueGenericCreate                    0x080050c4   Section        0  queue.o(i.xQueueGenericCreate)
    i.xQueueGenericCreateStatic              0x0800511e   Section        0  queue.o(i.xQueueGenericCreateStatic)
    i.xQueueGenericReset                     0x08005200   Section        0  queue.o(i.xQueueGenericReset)
    i.xQueueGenericSend                      0x08005298   Section        0  queue.o(i.xQueueGenericSend)
    i.xQueueGenericSendFromISR               0x08005440   Section        0  queue.o(i.xQueueGenericSendFromISR)
    i.xQueueReceive                          0x0800553c   Section        0  queue.o(i.xQueueReceive)
    i.xQueueReceiveFromISR                   0x080056a4   Section        0  queue.o(i.xQueueReceiveFromISR)
    i.xTaskCheckForTimeOut                   0x08005770   Section        0  tasks.o(i.xTaskCheckForTimeOut)
    i.xTaskCreate                            0x080057fc   Section        0  tasks.o(i.xTaskCreate)
    i.xTaskCreateStatic                      0x08005860   Section        0  tasks.o(i.xTaskCreateStatic)
    i.xTaskGetSchedulerState                 0x0800591c   Section        0  tasks.o(i.xTaskGetSchedulerState)
    i.xTaskGetTickCount                      0x0800593c   Section        0  tasks.o(i.xTaskGetTickCount)
    i.xTaskIncrementTick                     0x08005948   Section        0  tasks.o(i.xTaskIncrementTick)
    i.xTaskPriorityDisinherit                0x08005a8c   Section        0  tasks.o(i.xTaskPriorityDisinherit)
    i.xTaskRemoveFromEventList               0x08005b30   Section        0  tasks.o(i.xTaskRemoveFromEventList)
    i.xTaskResumeAll                         0x08005bc8   Section        0  tasks.o(i.xTaskResumeAll)
    i.xTimerCreateTimerTask                  0x08005ccc   Section        0  timers.o(i.xTimerCreateTimerTask)
    i.xTimerGenericCommand                   0x08005d44   Section        0  timers.o(i.xTimerGenericCommand)
    .constdata                               0x08005dc8   Section      156  freertos.o(.constdata)
    .constdata                               0x08005e64   Section        8  stm32f4xx_hal_dma.o(.constdata)
    flagBitshiftOffset                       0x08005e64   Data           8  stm32f4xx_hal_dma.o(.constdata)
    .constdata                               0x08005e6c   Section       24  system_stm32f4xx.o(.constdata)
    .conststring                             0x08005e84   Section       92  freertos.o(.conststring)
    .data                                    0x20000000   Section       28  freertos.o(.data)
    .data                                    0x2000001c   Section        9  stm32f4xx_hal.o(.data)
    .data                                    0x20000028   Section        4  system_stm32f4xx.o(.data)
    .data                                    0x2000002c   Section       60  tasks.o(.data)
    pxDelayedTaskList                        0x20000030   Data           4  tasks.o(.data)
    pxOverflowDelayedTaskList                0x20000034   Data           4  tasks.o(.data)
    uxDeletedTasksWaitingCleanUp             0x20000038   Data           4  tasks.o(.data)
    uxCurrentNumberOfTasks                   0x2000003c   Data           4  tasks.o(.data)
    xTickCount                               0x20000040   Data           4  tasks.o(.data)
    uxTopReadyPriority                       0x20000044   Data           4  tasks.o(.data)
    xSchedulerRunning                        0x20000048   Data           4  tasks.o(.data)
    xPendedTicks                             0x2000004c   Data           4  tasks.o(.data)
    xYieldPending                            0x20000050   Data           4  tasks.o(.data)
    xNumOfOverflows                          0x20000054   Data           4  tasks.o(.data)
    uxTaskNumber                             0x20000058   Data           4  tasks.o(.data)
    xNextTaskUnblockTime                     0x2000005c   Data           4  tasks.o(.data)
    xIdleTaskHandle                          0x20000060   Data           4  tasks.o(.data)
    uxSchedulerSuspended                     0x20000064   Data           4  tasks.o(.data)
    .data                                    0x20000068   Section       20  timers.o(.data)
    pxCurrentTimerList                       0x20000068   Data           4  timers.o(.data)
    pxOverflowTimerList                      0x2000006c   Data           4  timers.o(.data)
    xTimerQueue                              0x20000070   Data           4  timers.o(.data)
    xTimerTaskHandle                         0x20000074   Data           4  timers.o(.data)
    xLastTime                                0x20000078   Data           4  timers.o(.data)
    .data                                    0x2000007c   Section        4  cmsis_os2.o(.data)
    KernelState                              0x2000007c   Data           4  cmsis_os2.o(.data)
    .data                                    0x20000080   Section       32  heap_4.o(.data)
    xStart                                   0x20000080   Data           8  heap_4.o(.data)
    pxEnd                                    0x20000088   Data           4  heap_4.o(.data)
    xFreeBytesRemaining                      0x2000008c   Data           4  heap_4.o(.data)
    xMinimumEverFreeBytesRemaining           0x20000090   Data           4  heap_4.o(.data)
    xNumberOfSuccessfulAllocations           0x20000094   Data           4  heap_4.o(.data)
    xNumberOfSuccessfulFrees                 0x20000098   Data           4  heap_4.o(.data)
    xBlockAllocatedBit                       0x2000009c   Data           4  heap_4.o(.data)
    .data                                    0x200000a0   Section       12  port.o(.data)
    uxCriticalNesting                        0x200000a0   Data           4  port.o(.data)
    ucMaxSysCallPriority                     0x200000a4   Data           1  port.o(.data)
    ulMaxPRIGROUPValue                       0x200000a8   Data           4  port.o(.data)
    .data                                    0x200000ac   Section        1  tjc_usart_hmi.o(.data)
    .bss                                     0x200000b0   Section       72  tim.o(.bss)
    .bss                                     0x200000f8   Section      260  usart.o(.bss)
    .bss                                     0x200001fc   Section       72  stm32f4xx_hal_timebase_tim.o(.bss)
    .bss                                     0x20000244   Section       64  queue.o(.bss)
    .bss                                     0x20000284   Section     1220  tasks.o(.bss)
    pxReadyTasksLists                        0x20000284   Data        1120  tasks.o(.bss)
    xDelayedTaskList1                        0x200006e4   Data          20  tasks.o(.bss)
    xDelayedTaskList2                        0x200006f8   Data          20  tasks.o(.bss)
    xPendingReadyList                        0x2000070c   Data          20  tasks.o(.bss)
    xTasksWaitingTermination                 0x20000720   Data          20  tasks.o(.bss)
    xSuspendedTaskList                       0x20000734   Data          20  tasks.o(.bss)
    .bss                                     0x20000748   Section      280  timers.o(.bss)
    xActiveTimerList1                        0x20000748   Data          20  timers.o(.bss)
    xActiveTimerList2                        0x2000075c   Data          20  timers.o(.bss)
    xStaticTimerQueue                        0x20000770   Data          80  timers.o(.bss)
    ucStaticTimerQueueStorage                0x200007c0   Data         160  timers.o(.bss)
    .bss                                     0x20000860   Section     1752  cmsis_os2.o(.bss)
    Idle_TCB                                 0x20000860   Data         108  cmsis_os2.o(.bss)
    Idle_Stack                               0x200008cc   Data         512  cmsis_os2.o(.bss)
    Timer_TCB                                0x20000acc   Data         108  cmsis_os2.o(.bss)
    Timer_Stack                              0x20000b38   Data        1024  cmsis_os2.o(.bss)
    .bss                                     0x20000f38   Section    15360  heap_4.o(.bss)
    ucHeap                                   0x20000f38   Data       15360  heap_4.o(.bss)
    .bss                                     0x20004b38   Section      506  tjc_usart_hmi.o(.bss)
    STACK                                    0x20004d38   Section     1024  startup_stm32f412rx.o(STACK)

    Global Symbols

    Symbol Name                              Value     Ov Type        Size  Object(Section)

    BuildAttributes$$THM_ISAv4$E$P$D$K$B$S$7EM$VFPi3$EXTD16$VFPS$VFMA$PE$A:L22UL41UL21$X:L11$S22US41US21$IEEE1$IW$USESV6$~STKCKD$USESV7$~SHL$OSPACE$ROPI$EBA8$MICROLIB$REQ8$PRES8$EABIv2 0x00000000   Number         0  anon$$obj.o ABSOLUTE
    __ARM_use_no_argv                        0x00000000   Number         0  main.o ABSOLUTE
    __arm_fini_                               - Undefined Weak Reference
    __cpp_initialize__aeabi_                  - Undefined Weak Reference
    __cxa_finalize                            - Undefined Weak Reference
    __decompress                              - Undefined Weak Reference
    _clock_init                               - Undefined Weak Reference
    _microlib_exit                            - Undefined Weak Reference
    __Vectors_Size                           0x000001c4   Number         0  startup_stm32f412rx.o ABSOLUTE
    __Vectors                                0x08000000   Data           4  startup_stm32f412rx.o(RESET)
    __Vectors_End                            0x080001c4   Data           0  startup_stm32f412rx.o(RESET)
    __main                                   0x080001c5   Thumb Code     0  entry.o(.ARM.Collect$$$$00000000)
    _main_stk                                0x080001c5   Thumb Code     0  entry2.o(.ARM.Collect$$$$00000001)
    _main_scatterload                        0x080001c9   Thumb Code     0  entry5.o(.ARM.Collect$$$$00000004)
    __main_after_scatterload                 0x080001cd   Thumb Code     0  entry5.o(.ARM.Collect$$$$00000004)
    _main_clock                              0x080001cd   Thumb Code     0  entry7b.o(.ARM.Collect$$$$00000008)
    _main_cpp_init                           0x080001cd   Thumb Code     0  entry8b.o(.ARM.Collect$$$$0000000A)
    _main_init                               0x080001cd   Thumb Code     0  entry9a.o(.ARM.Collect$$$$0000000B)
    __rt_lib_shutdown_fini                   0x080001d5   Thumb Code     0  entry12b.o(.ARM.Collect$$$$0000000E)
    __rt_final_cpp                           0x080001d9   Thumb Code     0  entry10a.o(.ARM.Collect$$$$0000000F)
    __rt_final_exit                          0x080001d9   Thumb Code     0  entry11a.o(.ARM.Collect$$$$00000011)
    SVC_Handler                              0x080001dd   Thumb Code    28  port.o(.emb_text)
    __asm___6_port_c_39a90d8d__prvStartFirstTask 0x080001fd   Thumb Code    36  port.o(.emb_text)
    __asm___6_port_c_39a90d8d__prvEnableVFP  0x08000225   Thumb Code    16  port.o(.emb_text)
    PendSV_Handler                           0x08000239   Thumb Code    88  port.o(.emb_text)
    vPortGetIPSR                             0x08000295   Thumb Code     6  port.o(.emb_text)
    Reset_Handler                            0x0800029d   Thumb Code     8  startup_stm32f412rx.o(.text)
    ADC_IRQHandler                           0x080002b7   Thumb Code     0  startup_stm32f412rx.o(.text)
    CAN1_RX0_IRQHandler                      0x080002b7   Thumb Code     0  startup_stm32f412rx.o(.text)
    CAN1_RX1_IRQHandler                      0x080002b7   Thumb Code     0  startup_stm32f412rx.o(.text)
    CAN1_SCE_IRQHandler                      0x080002b7   Thumb Code     0  startup_stm32f412rx.o(.text)
    CAN1_TX_IRQHandler                       0x080002b7   Thumb Code     0  startup_stm32f412rx.o(.text)
    CAN2_RX0_IRQHandler                      0x080002b7   Thumb Code     0  startup_stm32f412rx.o(.text)
    CAN2_RX1_IRQHandler                      0x080002b7   Thumb Code     0  startup_stm32f412rx.o(.text)
    CAN2_SCE_IRQHandler                      0x080002b7   Thumb Code     0  startup_stm32f412rx.o(.text)
    CAN2_TX_IRQHandler                       0x080002b7   Thumb Code     0  startup_stm32f412rx.o(.text)
    DFSDM1_FLT0_IRQHandler                   0x080002b7   Thumb Code     0  startup_stm32f412rx.o(.text)
    DFSDM1_FLT1_IRQHandler                   0x080002b7   Thumb Code     0  startup_stm32f412rx.o(.text)
    DMA1_Stream0_IRQHandler                  0x080002b7   Thumb Code     0  startup_stm32f412rx.o(.text)
    DMA1_Stream1_IRQHandler                  0x080002b7   Thumb Code     0  startup_stm32f412rx.o(.text)
    DMA1_Stream2_IRQHandler                  0x080002b7   Thumb Code     0  startup_stm32f412rx.o(.text)
    DMA1_Stream3_IRQHandler                  0x080002b7   Thumb Code     0  startup_stm32f412rx.o(.text)
    DMA1_Stream4_IRQHandler                  0x080002b7   Thumb Code     0  startup_stm32f412rx.o(.text)
    DMA1_Stream7_IRQHandler                  0x080002b7   Thumb Code     0  startup_stm32f412rx.o(.text)
    DMA2_Stream0_IRQHandler                  0x080002b7   Thumb Code     0  startup_stm32f412rx.o(.text)
    DMA2_Stream1_IRQHandler                  0x080002b7   Thumb Code     0  startup_stm32f412rx.o(.text)
    DMA2_Stream2_IRQHandler                  0x080002b7   Thumb Code     0  startup_stm32f412rx.o(.text)
    DMA2_Stream3_IRQHandler                  0x080002b7   Thumb Code     0  startup_stm32f412rx.o(.text)
    DMA2_Stream4_IRQHandler                  0x080002b7   Thumb Code     0  startup_stm32f412rx.o(.text)
    DMA2_Stream5_IRQHandler                  0x080002b7   Thumb Code     0  startup_stm32f412rx.o(.text)
    DMA2_Stream6_IRQHandler                  0x080002b7   Thumb Code     0  startup_stm32f412rx.o(.text)
    DMA2_Stream7_IRQHandler                  0x080002b7   Thumb Code     0  startup_stm32f412rx.o(.text)
    EXTI0_IRQHandler                         0x080002b7   Thumb Code     0  startup_stm32f412rx.o(.text)
    EXTI15_10_IRQHandler                     0x080002b7   Thumb Code     0  startup_stm32f412rx.o(.text)
    EXTI1_IRQHandler                         0x080002b7   Thumb Code     0  startup_stm32f412rx.o(.text)
    EXTI2_IRQHandler                         0x080002b7   Thumb Code     0  startup_stm32f412rx.o(.text)
    EXTI3_IRQHandler                         0x080002b7   Thumb Code     0  startup_stm32f412rx.o(.text)
    EXTI4_IRQHandler                         0x080002b7   Thumb Code     0  startup_stm32f412rx.o(.text)
    EXTI9_5_IRQHandler                       0x080002b7   Thumb Code     0  startup_stm32f412rx.o(.text)
    FLASH_IRQHandler                         0x080002b7   Thumb Code     0  startup_stm32f412rx.o(.text)
    FMPI2C1_ER_IRQHandler                    0x080002b7   Thumb Code     0  startup_stm32f412rx.o(.text)
    FMPI2C1_EV_IRQHandler                    0x080002b7   Thumb Code     0  startup_stm32f412rx.o(.text)
    FPU_IRQHandler                           0x080002b7   Thumb Code     0  startup_stm32f412rx.o(.text)
    I2C1_ER_IRQHandler                       0x080002b7   Thumb Code     0  startup_stm32f412rx.o(.text)
    I2C1_EV_IRQHandler                       0x080002b7   Thumb Code     0  startup_stm32f412rx.o(.text)
    I2C2_ER_IRQHandler                       0x080002b7   Thumb Code     0  startup_stm32f412rx.o(.text)
    I2C2_EV_IRQHandler                       0x080002b7   Thumb Code     0  startup_stm32f412rx.o(.text)
    I2C3_ER_IRQHandler                       0x080002b7   Thumb Code     0  startup_stm32f412rx.o(.text)
    I2C3_EV_IRQHandler                       0x080002b7   Thumb Code     0  startup_stm32f412rx.o(.text)
    OTG_FS_IRQHandler                        0x080002b7   Thumb Code     0  startup_stm32f412rx.o(.text)
    OTG_FS_WKUP_IRQHandler                   0x080002b7   Thumb Code     0  startup_stm32f412rx.o(.text)
    PVD_IRQHandler                           0x080002b7   Thumb Code     0  startup_stm32f412rx.o(.text)
    QUADSPI_IRQHandler                       0x080002b7   Thumb Code     0  startup_stm32f412rx.o(.text)
    RCC_IRQHandler                           0x080002b7   Thumb Code     0  startup_stm32f412rx.o(.text)
    RNG_IRQHandler                           0x080002b7   Thumb Code     0  startup_stm32f412rx.o(.text)
    RTC_Alarm_IRQHandler                     0x080002b7   Thumb Code     0  startup_stm32f412rx.o(.text)
    RTC_WKUP_IRQHandler                      0x080002b7   Thumb Code     0  startup_stm32f412rx.o(.text)
    SDIO_IRQHandler                          0x080002b7   Thumb Code     0  startup_stm32f412rx.o(.text)
    SPI1_IRQHandler                          0x080002b7   Thumb Code     0  startup_stm32f412rx.o(.text)
    SPI2_IRQHandler                          0x080002b7   Thumb Code     0  startup_stm32f412rx.o(.text)
    SPI3_IRQHandler                          0x080002b7   Thumb Code     0  startup_stm32f412rx.o(.text)
    SPI4_IRQHandler                          0x080002b7   Thumb Code     0  startup_stm32f412rx.o(.text)
    SPI5_IRQHandler                          0x080002b7   Thumb Code     0  startup_stm32f412rx.o(.text)
    TAMP_STAMP_IRQHandler                    0x080002b7   Thumb Code     0  startup_stm32f412rx.o(.text)
    TIM1_BRK_TIM9_IRQHandler                 0x080002b7   Thumb Code     0  startup_stm32f412rx.o(.text)
    TIM1_CC_IRQHandler                       0x080002b7   Thumb Code     0  startup_stm32f412rx.o(.text)
    TIM1_TRG_COM_TIM11_IRQHandler            0x080002b7   Thumb Code     0  startup_stm32f412rx.o(.text)
    TIM3_IRQHandler                          0x080002b7   Thumb Code     0  startup_stm32f412rx.o(.text)
    TIM4_IRQHandler                          0x080002b7   Thumb Code     0  startup_stm32f412rx.o(.text)
    TIM5_IRQHandler                          0x080002b7   Thumb Code     0  startup_stm32f412rx.o(.text)
    TIM6_IRQHandler                          0x080002b7   Thumb Code     0  startup_stm32f412rx.o(.text)
    TIM7_IRQHandler                          0x080002b7   Thumb Code     0  startup_stm32f412rx.o(.text)
    TIM8_BRK_TIM12_IRQHandler                0x080002b7   Thumb Code     0  startup_stm32f412rx.o(.text)
    TIM8_CC_IRQHandler                       0x080002b7   Thumb Code     0  startup_stm32f412rx.o(.text)
    TIM8_TRG_COM_TIM14_IRQHandler            0x080002b7   Thumb Code     0  startup_stm32f412rx.o(.text)
    TIM8_UP_TIM13_IRQHandler                 0x080002b7   Thumb Code     0  startup_stm32f412rx.o(.text)
    USART1_IRQHandler                        0x080002b7   Thumb Code     0  startup_stm32f412rx.o(.text)
    USART3_IRQHandler                        0x080002b7   Thumb Code     0  startup_stm32f412rx.o(.text)
    USART6_IRQHandler                        0x080002b7   Thumb Code     0  startup_stm32f412rx.o(.text)
    WWDG_IRQHandler                          0x080002b7   Thumb Code     0  startup_stm32f412rx.o(.text)
    __aeabi_uldivmod                         0x080002c1   Thumb Code    98  uldiv.o(.text)
    __aeabi_memcpy                           0x08000323   Thumb Code    36  memcpya.o(.text)
    __aeabi_memcpy4                          0x08000323   Thumb Code     0  memcpya.o(.text)
    __aeabi_memcpy8                          0x08000323   Thumb Code     0  memcpya.o(.text)
    __aeabi_memset                           0x08000347   Thumb Code    14  memseta.o(.text)
    __aeabi_memset4                          0x08000347   Thumb Code     0  memseta.o(.text)
    __aeabi_memset8                          0x08000347   Thumb Code     0  memseta.o(.text)
    __aeabi_memclr                           0x08000355   Thumb Code     4  memseta.o(.text)
    __aeabi_memclr4                          0x08000355   Thumb Code     0  memseta.o(.text)
    __aeabi_memclr8                          0x08000355   Thumb Code     0  memseta.o(.text)
    memset                                   0x08000359   Thumb Code    18  memseta.o(.text)
    strlen                                   0x0800036b   Thumb Code    14  strlen.o(.text)
    __aeabi_uidiv                            0x08000379   Thumb Code     0  uidiv.o(.text)
    __aeabi_uidivmod                         0x08000379   Thumb Code    44  uidiv.o(.text)
    __aeabi_llsl                             0x080003a5   Thumb Code    30  llshl.o(.text)
    _ll_shift_l                              0x080003a5   Thumb Code     0  llshl.o(.text)
    __aeabi_llsr                             0x080003c3   Thumb Code    32  llushr.o(.text)
    _ll_ushift_r                             0x080003c3   Thumb Code     0  llushr.o(.text)
    __I$use$fp                               0x080003e3   Thumb Code     0  iusefp.o(.text)
    __aeabi_dadd                             0x080003e3   Thumb Code   322  dadd.o(.text)
    __aeabi_dsub                             0x08000525   Thumb Code     6  dadd.o(.text)
    __aeabi_drsub                            0x0800052b   Thumb Code     6  dadd.o(.text)
    __aeabi_dmul                             0x08000531   Thumb Code   228  dmul.o(.text)
    __aeabi_ddiv                             0x08000615   Thumb Code   222  ddiv.o(.text)
    __aeabi_d2ulz                            0x080006f3   Thumb Code    48  dfixul.o(.text)
    __aeabi_cdrcmple                         0x08000725   Thumb Code    48  cdrcmple.o(.text)
    __scatterload                            0x08000755   Thumb Code    28  init.o(.text)
    __scatterload_rt2                        0x08000755   Thumb Code     0  init.o(.text)
    __aeabi_lasr                             0x08000779   Thumb Code    36  llsshr.o(.text)
    _ll_sshift_r                             0x08000779   Thumb Code     0  llsshr.o(.text)
    _double_round                            0x0800079d   Thumb Code    30  depilogue.o(.text)
    _double_epilogue                         0x080007bb   Thumb Code   156  depilogue.o(.text)
    BusFault_Handler                         0x08000857   Thumb Code     4  stm32f4xx_it.o(i.BusFault_Handler)
    DMA1_Stream5_IRQHandler                  0x0800085d   Thumb Code    10  stm32f4xx_it.o(i.DMA1_Stream5_IRQHandler)
    DMA1_Stream6_IRQHandler                  0x0800086d   Thumb Code    10  stm32f4xx_it.o(i.DMA1_Stream6_IRQHandler)
    DebugMon_Handler                         0x0800095b   Thumb Code     2  stm32f4xx_it.o(i.DebugMon_Handler)
    Error_Handler                            0x0800095d   Thumb Code     6  main.o(i.Error_Handler)
    HAL_DMA_Abort                            0x08000963   Thumb Code   172  stm32f4xx_hal_dma.o(i.HAL_DMA_Abort)
    HAL_DMA_Abort_IT                         0x08000a0f   Thumb Code    40  stm32f4xx_hal_dma.o(i.HAL_DMA_Abort_IT)
    HAL_DMA_IRQHandler                       0x08000a39   Thumb Code   570  stm32f4xx_hal_dma.o(i.HAL_DMA_IRQHandler)
    HAL_DMA_Init                             0x08000c79   Thumb Code   232  stm32f4xx_hal_dma.o(i.HAL_DMA_Init)
    HAL_GPIO_Init                            0x08000d65   Thumb Code   414  stm32f4xx_hal_gpio.o(i.HAL_GPIO_Init)
    HAL_GPIO_WritePin                        0x08000f21   Thumb Code    12  stm32f4xx_hal_gpio.o(i.HAL_GPIO_WritePin)
    HAL_GetTick                              0x08000f2d   Thumb Code     6  stm32f4xx_hal.o(i.HAL_GetTick)
    HAL_IncTick                              0x08000f39   Thumb Code    16  stm32f4xx_hal.o(i.HAL_IncTick)
    HAL_Init                                 0x08000f51   Thumb Code    54  stm32f4xx_hal.o(i.HAL_Init)
    HAL_InitTick                             0x08000f8d   Thumb Code   140  stm32f4xx_hal_timebase_tim.o(i.HAL_InitTick)
    HAL_MspInit                              0x0800102d   Thumb Code    78  stm32f4xx_hal_msp.o(i.HAL_MspInit)
    HAL_NVIC_EnableIRQ                       0x08001081   Thumb Code    32  stm32f4xx_hal_cortex.o(i.HAL_NVIC_EnableIRQ)
    HAL_NVIC_SetPriority                     0x080010a1   Thumb Code   124  stm32f4xx_hal_cortex.o(i.HAL_NVIC_SetPriority)
    HAL_NVIC_SetPriorityGrouping             0x0800111d   Thumb Code    32  stm32f4xx_hal_cortex.o(i.HAL_NVIC_SetPriorityGrouping)
    HAL_RCC_ClockConfig                      0x08001145   Thumb Code   368  stm32f4xx_hal_rcc.o(i.HAL_RCC_ClockConfig)
    HAL_RCC_GetClockConfig                   0x080012c9   Thumb Code    58  stm32f4xx_hal_rcc.o(i.HAL_RCC_GetClockConfig)
    HAL_RCC_GetHCLKFreq                      0x0800130d   Thumb Code     6  stm32f4xx_hal_rcc.o(i.HAL_RCC_GetHCLKFreq)
    HAL_RCC_GetPCLK1Freq                     0x08001319   Thumb Code    22  stm32f4xx_hal_rcc.o(i.HAL_RCC_GetPCLK1Freq)
    HAL_RCC_GetPCLK2Freq                     0x08001339   Thumb Code    22  stm32f4xx_hal_rcc.o(i.HAL_RCC_GetPCLK2Freq)
    HAL_RCC_GetSysClockFreq                  0x08001359   Thumb Code   162  stm32f4xx_hal_rcc.o(i.HAL_RCC_GetSysClockFreq)
    HAL_RCC_OscConfig                        0x08001409   Thumb Code  1192  stm32f4xx_hal_rcc_ex.o(i.HAL_RCC_OscConfig)
    HAL_TIMEx_BreakCallback                  0x080018b9   Thumb Code     2  stm32f4xx_hal_tim_ex.o(i.HAL_TIMEx_BreakCallback)
    HAL_TIMEx_CommutCallback                 0x080018bb   Thumb Code     2  stm32f4xx_hal_tim_ex.o(i.HAL_TIMEx_CommutCallback)
    HAL_TIMEx_MasterConfigSynchronization    0x080018bd   Thumb Code   150  stm32f4xx_hal_tim_ex.o(i.HAL_TIMEx_MasterConfigSynchronization)
    HAL_TIM_Base_Init                        0x08001971   Thumb Code   102  stm32f4xx_hal_tim.o(i.HAL_TIM_Base_Init)
    HAL_TIM_Base_MspInit                     0x080019d7   Thumb Code     2  stm32f4xx_hal_tim.o(i.HAL_TIM_Base_MspInit)
    HAL_TIM_Base_Start_IT                    0x080019d9   Thumb Code   138  stm32f4xx_hal_tim.o(i.HAL_TIM_Base_Start_IT)
    HAL_TIM_IC_CaptureCallback               0x08001a81   Thumb Code   140  main.o(i.HAL_TIM_IC_CaptureCallback)
    HAL_TIM_IC_ConfigChannel                 0x08001b21   Thumb Code   222  stm32f4xx_hal_tim.o(i.HAL_TIM_IC_ConfigChannel)
    HAL_TIM_IC_Init                          0x08001bff   Thumb Code   102  stm32f4xx_hal_tim.o(i.HAL_TIM_IC_Init)
    HAL_TIM_IC_MspInit                       0x08001c65   Thumb Code   136  tim.o(i.HAL_TIM_IC_MspInit)
    HAL_TIM_IC_Start_IT                      0x08001cf5   Thumb Code   372  stm32f4xx_hal_tim.o(i.HAL_TIM_IC_Start_IT)
    HAL_TIM_IRQHandler                       0x08001e85   Thumb Code   406  stm32f4xx_hal_tim.o(i.HAL_TIM_IRQHandler)
    HAL_TIM_OC_DelayElapsedCallback          0x0800201b   Thumb Code     2  stm32f4xx_hal_tim.o(i.HAL_TIM_OC_DelayElapsedCallback)
    HAL_TIM_PWM_PulseFinishedCallback        0x0800201d   Thumb Code     2  stm32f4xx_hal_tim.o(i.HAL_TIM_PWM_PulseFinishedCallback)
    HAL_TIM_PeriodElapsedCallback            0x08002021   Thumb Code    52  main.o(i.HAL_TIM_PeriodElapsedCallback)
    HAL_TIM_ReadCapturedValue                0x08002065   Thumb Code    50  stm32f4xx_hal_tim.o(i.HAL_TIM_ReadCapturedValue)
    HAL_TIM_TriggerCallback                  0x08002097   Thumb Code     2  stm32f4xx_hal_tim.o(i.HAL_TIM_TriggerCallback)
    HAL_UARTEx_RxEventCallback               0x08002099   Thumb Code     2  stm32f4xx_hal_uart.o(i.HAL_UARTEx_RxEventCallback)
    HAL_UART_ErrorCallback                   0x0800209b   Thumb Code     2  stm32f4xx_hal_uart.o(i.HAL_UART_ErrorCallback)
    HAL_UART_IRQHandler                      0x0800209d   Thumb Code   732  stm32f4xx_hal_uart.o(i.HAL_UART_IRQHandler)
    HAL_UART_Init                            0x0800237d   Thumb Code   114  stm32f4xx_hal_uart.o(i.HAL_UART_Init)
    HAL_UART_MspInit                         0x080023f1   Thumb Code   258  usart.o(i.HAL_UART_MspInit)
    HAL_UART_Receive_IT                      0x0800250d   Thumb Code    66  stm32f4xx_hal_uart.o(i.HAL_UART_Receive_IT)
    HAL_UART_RxCpltCallback                  0x08002551   Thumb Code    32  tjc_usart_hmi.o(i.HAL_UART_RxCpltCallback)
    HAL_UART_Transmit_IT                     0x0800257d   Thumb Code    88  stm32f4xx_hal_uart.o(i.HAL_UART_Transmit_IT)
    HAL_UART_TxCpltCallback                  0x080025d5   Thumb Code     2  stm32f4xx_hal_uart.o(i.HAL_UART_TxCpltCallback)
    HardFault_Handler                        0x080025d7   Thumb Code     4  stm32f4xx_it.o(i.HardFault_Handler)
    MX_DMA_Init                              0x080025dd   Thumb Code    68  dma.o(i.MX_DMA_Init)
    MX_FREERTOS_Init                         0x08002625   Thumb Code    74  freertos.o(i.MX_FREERTOS_Init)
    MX_GPIO_Init                             0x080026a5   Thumb Code   140  gpio.o(i.MX_GPIO_Init)
    MX_TIM2_Init                             0x08002739   Thumb Code   112  tim.o(i.MX_TIM2_Init)
    MX_USART2_UART_Init                      0x080027ad   Thumb Code    46  usart.o(i.MX_USART2_UART_Init)
    MemManage_Handler                        0x080027e5   Thumb Code     4  stm32f4xx_it.o(i.MemManage_Handler)
    NMI_Handler                              0x080027e9   Thumb Code     4  stm32f4xx_it.o(i.NMI_Handler)
    Pulse_acquisition                        0x080027ed   Thumb Code    96  freertos.o(i.Pulse_acquisition)
    Screen                                   0x0800285d   Thumb Code   106  freertos.o(i.Screen)
    StartDefaultTask                         0x080028e5   Thumb Code    10  freertos.o(i.StartDefaultTask)
    SysTick_Handler                          0x080028ef   Thumb Code    22  cmsis_os2.o(i.SysTick_Handler)
    SystemClock_Config                       0x08002905   Thumb Code   168  main.o(i.SystemClock_Config)
    SystemInit                               0x080029b5   Thumb Code    14  system_stm32f4xx.o(i.SystemInit)
    TIM1_UP_TIM10_IRQHandler                 0x080029c9   Thumb Code    10  stm32f4xx_it.o(i.TIM1_UP_TIM10_IRQHandler)
    TIM2_IRQHandler                          0x080029d9   Thumb Code    10  stm32f4xx_it.o(i.TIM2_IRQHandler)
    TIM_Base_SetConfig                       0x080029e9   Thumb Code   170  stm32f4xx_hal_tim.o(i.TIM_Base_SetConfig)
    TIM_CCxChannelCmd                        0x08002ac1   Thumb Code    34  stm32f4xx_hal_tim.o(i.TIM_CCxChannelCmd)
    TIM_TI1_SetConfig                        0x08002ae5   Thumb Code   114  stm32f4xx_hal_tim.o(i.TIM_TI1_SetConfig)
    TJCPrintf                                0x08002c25   Thumb Code   152  tjc_usart_hmi.o(i.TJCPrintf)
    UART_Start_Receive_IT                    0x08003085   Thumb Code    74  stm32f4xx_hal_uart.o(i.UART_Start_Receive_IT)
    USART2_IRQHandler                        0x08003131   Thumb Code    10  stm32f4xx_it.o(i.USART2_IRQHandler)
    UsageFault_Handler                       0x08003141   Thumb Code     4  stm32f4xx_it.o(i.UsageFault_Handler)
    __0vsnprintf                             0x08003145   Thumb Code    46  printfa.o(i.__0vsnprintf)
    __1vsnprintf                             0x08003145   Thumb Code     0  printfa.o(i.__0vsnprintf)
    __2vsnprintf                             0x08003145   Thumb Code     0  printfa.o(i.__0vsnprintf)
    __c89vsnprintf                           0x08003145   Thumb Code     0  printfa.o(i.__0vsnprintf)
    vsnprintf                                0x08003145   Thumb Code     0  printfa.o(i.__0vsnprintf)
    __scatterload_copy                       0x080031b7   Thumb Code    14  handlers.o(i.__scatterload_copy)
    __scatterload_null                       0x080031c5   Thumb Code     2  handlers.o(i.__scatterload_null)
    __scatterload_zeroinit                   0x080031c7   Thumb Code    14  handlers.o(i.__scatterload_zeroinit)
    initRingBuff                             0x08003a75   Thumb Code    12  tjc_usart_hmi.o(i.initRingBuff)
    main                                     0x08003a85   Thumb Code    84  main.o(i.main)
    osDelay                                  0x08003aed   Thumb Code    30  cmsis_os2.o(i.osDelay)
    osKernelInitialize                       0x08003b0d   Thumb Code    38  cmsis_os2.o(i.osKernelInitialize)
    osKernelStart                            0x08003b39   Thumb Code    82  cmsis_os2.o(i.osKernelStart)
    osMessageQueueGet                        0x08003b99   Thumb Code   124  cmsis_os2.o(i.osMessageQueueGet)
    osMessageQueueNew                        0x08003c19   Thumb Code   154  cmsis_os2.o(i.osMessageQueueNew)
    osMessageQueuePut                        0x08003cb5   Thumb Code   128  cmsis_os2.o(i.osMessageQueuePut)
    osThreadNew                              0x08003d39   Thumb Code   184  cmsis_os2.o(i.osThreadNew)
    pvPortMalloc                             0x08004815   Thumb Code   306  heap_4.o(i.pvPortMalloc)
    pxPortInitialiseStack                    0x08004961   Thumb Code    38  port.o(i.pxPortInitialiseStack)
    uxListRemove                             0x0800498d   Thumb Code    40  list.o(i.uxListRemove)
    vApplicationGetIdleTaskMemory            0x080049b5   Thumb Code    14  cmsis_os2.o(i.vApplicationGetIdleTaskMemory)
    vApplicationGetTimerTaskMemory           0x080049cd   Thumb Code    16  cmsis_os2.o(i.vApplicationGetTimerTaskMemory)
    vListInitialise                          0x080049e5   Thumb Code    26  list.o(i.vListInitialise)
    vListInitialiseItem                      0x080049ff   Thumb Code     6  list.o(i.vListInitialiseItem)
    vListInsert                              0x08004a05   Thumb Code    52  list.o(i.vListInsert)
    vListInsertEnd                           0x08004a39   Thumb Code    24  list.o(i.vListInsertEnd)
    vPortEnterCritical                       0x08004a51   Thumb Code    76  port.o(i.vPortEnterCritical)
    vPortExitCritical                        0x08004aa5   Thumb Code    56  port.o(i.vPortExitCritical)
    vPortFree                                0x08004ae1   Thumb Code   150  heap_4.o(i.vPortFree)
    vPortSetupTimerInterrupt                 0x08004b85   Thumb Code    36  port.o(i.vPortSetupTimerInterrupt)
    vPortValidateInterruptPriority           0x08004bad   Thumb Code   106  port.o(i.vPortValidateInterruptPriority)
    vQueueAddToRegistry                      0x08004c25   Thumb Code    38  queue.o(i.vQueueAddToRegistry)
    vQueueWaitForMessageRestricted           0x08004c51   Thumb Code    74  queue.o(i.vQueueWaitForMessageRestricted)
    vTaskDelay                               0x08004c9d   Thumb Code    82  tasks.o(i.vTaskDelay)
    vTaskInternalSetTimeOutState             0x08004cf9   Thumb Code    14  tasks.o(i.vTaskInternalSetTimeOutState)
    vTaskMissedYield                         0x08004d11   Thumb Code     8  tasks.o(i.vTaskMissedYield)
    vTaskPlaceOnEventList                    0x08004d1d   Thumb Code    52  tasks.o(i.vTaskPlaceOnEventList)
    vTaskPlaceOnEventListRestricted          0x08004d55   Thumb Code    60  tasks.o(i.vTaskPlaceOnEventListRestricted)
    vTaskStartScheduler                      0x08004d95   Thumb Code   156  tasks.o(i.vTaskStartScheduler)
    vTaskSuspendAll                          0x08004e4d   Thumb Code    12  tasks.o(i.vTaskSuspendAll)
    vTaskSwitchContext                       0x08004e5d   Thumb Code   122  tasks.o(i.vTaskSwitchContext)
    writeRingBuff                            0x08004eed   Thumb Code    54  tjc_usart_hmi.o(i.writeRingBuff)
    xPortStartScheduler                      0x08004f29   Thumb Code   330  port.o(i.xPortStartScheduler)
    xPortSysTickHandler                      0x08005091   Thumb Code    46  port.o(i.xPortSysTickHandler)
    xQueueGenericCreate                      0x080050c5   Thumb Code    90  queue.o(i.xQueueGenericCreate)
    xQueueGenericCreateStatic                0x0800511f   Thumb Code   224  queue.o(i.xQueueGenericCreateStatic)
    xQueueGenericReset                       0x08005201   Thumb Code   146  queue.o(i.xQueueGenericReset)
    xQueueGenericSend                        0x08005299   Thumb Code   420  queue.o(i.xQueueGenericSend)
    xQueueGenericSendFromISR                 0x08005441   Thumb Code   252  queue.o(i.xQueueGenericSendFromISR)
    xQueueReceive                            0x0800553d   Thumb Code   356  queue.o(i.xQueueReceive)
    xQueueReceiveFromISR                     0x080056a5   Thumb Code   202  queue.o(i.xQueueReceiveFromISR)
    xTaskCheckForTimeOut                     0x08005771   Thumb Code   132  tasks.o(i.xTaskCheckForTimeOut)
    xTaskCreate                              0x080057fd   Thumb Code   100  tasks.o(i.xTaskCreate)
    xTaskCreateStatic                        0x08005861   Thumb Code   186  tasks.o(i.xTaskCreateStatic)
    xTaskGetSchedulerState                   0x0800591d   Thumb Code    24  tasks.o(i.xTaskGetSchedulerState)
    xTaskGetTickCount                        0x0800593d   Thumb Code     6  tasks.o(i.xTaskGetTickCount)
    xTaskIncrementTick                       0x08005949   Thumb Code   280  tasks.o(i.xTaskIncrementTick)
    xTaskPriorityDisinherit                  0x08005a8d   Thumb Code   152  tasks.o(i.xTaskPriorityDisinherit)
    xTaskRemoveFromEventList                 0x08005b31   Thumb Code   126  tasks.o(i.xTaskRemoveFromEventList)
    xTaskResumeAll                           0x08005bc9   Thumb Code   222  tasks.o(i.xTaskResumeAll)
    xTimerCreateTimerTask                    0x08005ccd   Thumb Code   100  timers.o(i.xTimerCreateTimerTask)
    xTimerGenericCommand                     0x08005d45   Thumb Code   128  timers.o(i.xTimerGenericCommand)
    defaultTask_attributes                   0x08005dc8   Data          36  freertos.o(.constdata)
    Pulse_acquisitionTask_attributes         0x08005dec   Data          36  freertos.o(.constdata)
    ScreenTask_attributes                    0x08005e10   Data          36  freertos.o(.constdata)
    Pulse_Reception_Queue_attributes         0x08005e34   Data          24  freertos.o(.constdata)
    Pulse_Sending_Queue_attributes           0x08005e4c   Data          24  freertos.o(.constdata)
    AHBPrescTable                            0x08005e6c   Data          16  system_stm32f4xx.o(.constdata)
    APBPrescTable                            0x08005e7c   Data           8  system_stm32f4xx.o(.constdata)
    Region$$Table$$Base                      0x08005ee0   Number         0  anon$$obj.o(Region$$Table)
    Region$$Table$$Limit                     0x08005f00   Number         0  anon$$obj.o(Region$$Table)
    IC_TIMES                                 0x20000000   Data           4  freertos.o(.data)
    IC_START_FLAG                            0x20000004   Data           1  freertos.o(.data)
    IC_DONE_FLAG                             0x20000005   Data           1  freertos.o(.data)
    IC_VALUE                                 0x20000006   Data           2  freertos.o(.data)
    defaultTaskHandle                        0x20000008   Data           4  freertos.o(.data)
    Pulse_acquisitionTaskHandle              0x2000000c   Data           4  freertos.o(.data)
    ScreenTaskHandle                         0x20000010   Data           4  freertos.o(.data)
    Pulse_Reception_QueueHandle              0x20000014   Data           4  freertos.o(.data)
    Pulse_Sending_QueueHandle                0x20000018   Data           4  freertos.o(.data)
    uwTick                                   0x2000001c   Data           4  stm32f4xx_hal.o(.data)
    uwTickPrio                               0x20000020   Data           4  stm32f4xx_hal.o(.data)
    uwTickFreq                               0x20000024   Data           1  stm32f4xx_hal.o(.data)
    SystemCoreClock                          0x20000028   Data           4  system_stm32f4xx.o(.data)
    pxCurrentTCB                             0x2000002c   Data           4  tasks.o(.data)
    RxBuff                                   0x200000ac   Data           1  tjc_usart_hmi.o(.data)
    htim2                                    0x200000b0   Data          72  tim.o(.bss)
    huart2                                   0x200000f8   Data          68  usart.o(.bss)
    hdma_usart2_rx                           0x2000013c   Data          96  usart.o(.bss)
    hdma_usart2_tx                           0x2000019c   Data          96  usart.o(.bss)
    htim1                                    0x200001fc   Data          72  stm32f4xx_hal_timebase_tim.o(.bss)
    xQueueRegistry                           0x20000244   Data          64  queue.o(.bss)
    ringBuff                                 0x20004b38   Data         506  tjc_usart_hmi.o(.bss)
    __initial_sp                             0x20005138   Data           0  startup_stm32f412rx.o(STACK)



==============================================================================

Memory Map of the image

  Image Entry point : 0x080001c5

  Load Region LR_IROM1 (Base: 0x08000000, Size: 0x00005fb0, Max: 0x00080000, ABSOLUTE)

    Execution Region ER_IROM1 (Exec base: 0x08000000, Load base: 0x08000000, Size: 0x00005f00, Max: 0x00080000, ABSOLUTE)

    Exec Addr    Load Addr    Size         Type   Attr      Idx    E Section Name        Object

    0x08000000   0x08000000   0x000001c4   Data   RO            3    RESET               startup_stm32f412rx.o
    0x080001c4   0x080001c4   0x00000000   Code   RO         5108  * .ARM.Collect$$$$00000000  mc_w.l(entry.o)
    0x080001c4   0x080001c4   0x00000004   Code   RO         5151    .ARM.Collect$$$$00000001  mc_w.l(entry2.o)
    0x080001c8   0x080001c8   0x00000004   Code   RO         5154    .ARM.Collect$$$$00000004  mc_w.l(entry5.o)
    0x080001cc   0x080001cc   0x00000000   Code   RO         5156    .ARM.Collect$$$$00000008  mc_w.l(entry7b.o)
    0x080001cc   0x080001cc   0x00000000   Code   RO         5158    .ARM.Collect$$$$0000000A  mc_w.l(entry8b.o)
    0x080001cc   0x080001cc   0x00000008   Code   RO         5159    .ARM.Collect$$$$0000000B  mc_w.l(entry9a.o)
    0x080001d4   0x080001d4   0x00000004   Code   RO         5166    .ARM.Collect$$$$0000000E  mc_w.l(entry12b.o)
    0x080001d8   0x080001d8   0x00000000   Code   RO         5161    .ARM.Collect$$$$0000000F  mc_w.l(entry10a.o)
    0x080001d8   0x080001d8   0x00000000   Code   RO         5163    .ARM.Collect$$$$00000011  mc_w.l(entry11a.o)
    0x080001d8   0x080001d8   0x00000004   Code   RO         5152    .ARM.Collect$$$$00002712  mc_w.l(entry2.o)
    0x080001dc   0x080001dc   0x000000be   Code   RO         4948    .emb_text           port.o
    0x0800029a   0x0800029a   0x00000002   PAD
    0x0800029c   0x0800029c   0x00000024   Code   RO            4    .text               startup_stm32f412rx.o
    0x080002c0   0x080002c0   0x00000062   Code   RO         5111    .text               mc_w.l(uldiv.o)
    0x08000322   0x08000322   0x00000024   Code   RO         5113    .text               mc_w.l(memcpya.o)
    0x08000346   0x08000346   0x00000024   Code   RO         5117    .text               mc_w.l(memseta.o)
    0x0800036a   0x0800036a   0x0000000e   Code   RO         5119    .text               mc_w.l(strlen.o)
    0x08000378   0x08000378   0x0000002c   Code   RO         5170    .text               mc_w.l(uidiv.o)
    0x080003a4   0x080003a4   0x0000001e   Code   RO         5172    .text               mc_w.l(llshl.o)
    0x080003c2   0x080003c2   0x00000020   Code   RO         5174    .text               mc_w.l(llushr.o)
    0x080003e2   0x080003e2   0x00000000   Code   RO         5176    .text               mc_w.l(iusefp.o)
    0x080003e2   0x080003e2   0x0000014e   Code   RO         5177    .text               mf_w.l(dadd.o)
    0x08000530   0x08000530   0x000000e4   Code   RO         5179    .text               mf_w.l(dmul.o)
    0x08000614   0x08000614   0x000000de   Code   RO         5181    .text               mf_w.l(ddiv.o)
    0x080006f2   0x080006f2   0x00000030   Code   RO         5183    .text               mf_w.l(dfixul.o)
    0x08000722   0x08000722   0x00000002   PAD
    0x08000724   0x08000724   0x00000030   Code   RO         5185    .text               mf_w.l(cdrcmple.o)
    0x08000754   0x08000754   0x00000024   Code   RO         5187    .text               mc_w.l(init.o)
    0x08000778   0x08000778   0x00000024   Code   RO         5190    .text               mc_w.l(llsshr.o)
    0x0800079c   0x0800079c   0x000000ba   Code   RO         5193    .text               mf_w.l(depilogue.o)
    0x08000856   0x08000856   0x00000004   Code   RO          398    i.BusFault_Handler  stm32f4xx_it.o
    0x0800085a   0x0800085a   0x00000002   PAD
    0x0800085c   0x0800085c   0x00000010   Code   RO          399    i.DMA1_Stream5_IRQHandler  stm32f4xx_it.o
    0x0800086c   0x0800086c   0x00000010   Code   RO          400    i.DMA1_Stream6_IRQHandler  stm32f4xx_it.o
    0x0800087c   0x0800087c   0x00000034   Code   RO         1129    i.DMA_CalcBaseAndBitshift  stm32f4xx_hal_dma.o
    0x080008b0   0x080008b0   0x000000aa   Code   RO         1130    i.DMA_CheckFifoParam  stm32f4xx_hal_dma.o
    0x0800095a   0x0800095a   0x00000002   Code   RO          401    i.DebugMon_Handler  stm32f4xx_it.o
    0x0800095c   0x0800095c   0x00000006   Code   RO           13    i.Error_Handler     main.o
    0x08000962   0x08000962   0x000000ac   Code   RO         1132    i.HAL_DMA_Abort     stm32f4xx_hal_dma.o
    0x08000a0e   0x08000a0e   0x00000028   Code   RO         1133    i.HAL_DMA_Abort_IT  stm32f4xx_hal_dma.o
    0x08000a36   0x08000a36   0x00000002   PAD
    0x08000a38   0x08000a38   0x00000240   Code   RO         1137    i.HAL_DMA_IRQHandler  stm32f4xx_hal_dma.o
    0x08000c78   0x08000c78   0x000000ec   Code   RO         1138    i.HAL_DMA_Init      stm32f4xx_hal_dma.o
    0x08000d64   0x08000d64   0x000001bc   Code   RO         1025    i.HAL_GPIO_Init     stm32f4xx_hal_gpio.o
    0x08000f20   0x08000f20   0x0000000c   Code   RO         1029    i.HAL_GPIO_WritePin  stm32f4xx_hal_gpio.o
    0x08000f2c   0x08000f2c   0x0000000c   Code   RO         1586    i.HAL_GetTick       stm32f4xx_hal.o
    0x08000f38   0x08000f38   0x00000018   Code   RO         1592    i.HAL_IncTick       stm32f4xx_hal.o
    0x08000f50   0x08000f50   0x0000003c   Code   RO         1593    i.HAL_Init          stm32f4xx_hal.o
    0x08000f8c   0x08000f8c   0x000000a0   Code   RO          510    i.HAL_InitTick      stm32f4xx_hal_timebase_tim.o
    0x0800102c   0x0800102c   0x00000054   Code   RO          486    i.HAL_MspInit       stm32f4xx_hal_msp.o
    0x08001080   0x08001080   0x00000020   Code   RO         1438    i.HAL_NVIC_EnableIRQ  stm32f4xx_hal_cortex.o
    0x080010a0   0x080010a0   0x0000007c   Code   RO         1444    i.HAL_NVIC_SetPriority  stm32f4xx_hal_cortex.o
    0x0800111c   0x0800111c   0x00000028   Code   RO         1445    i.HAL_NVIC_SetPriorityGrouping  stm32f4xx_hal_cortex.o
    0x08001144   0x08001144   0x00000184   Code   RO          550    i.HAL_RCC_ClockConfig  stm32f4xx_hal_rcc.o
    0x080012c8   0x080012c8   0x00000044   Code   RO          554    i.HAL_RCC_GetClockConfig  stm32f4xx_hal_rcc.o
    0x0800130c   0x0800130c   0x0000000c   Code   RO          555    i.HAL_RCC_GetHCLKFreq  stm32f4xx_hal_rcc.o
    0x08001318   0x08001318   0x00000020   Code   RO          557    i.HAL_RCC_GetPCLK1Freq  stm32f4xx_hal_rcc.o
    0x08001338   0x08001338   0x00000020   Code   RO          558    i.HAL_RCC_GetPCLK2Freq  stm32f4xx_hal_rcc.o
    0x08001358   0x08001358   0x000000b0   Code   RO          559    i.HAL_RCC_GetSysClockFreq  stm32f4xx_hal_rcc.o
    0x08001408   0x08001408   0x000004b0   Code   RO          659    i.HAL_RCC_OscConfig  stm32f4xx_hal_rcc_ex.o
    0x080018b8   0x080018b8   0x00000002   Code   RO         2548    i.HAL_TIMEx_BreakCallback  stm32f4xx_hal_tim_ex.o
    0x080018ba   0x080018ba   0x00000002   Code   RO         2549    i.HAL_TIMEx_CommutCallback  stm32f4xx_hal_tim_ex.o
    0x080018bc   0x080018bc   0x000000b4   Code   RO         2567    i.HAL_TIMEx_MasterConfigSynchronization  stm32f4xx_hal_tim_ex.o
    0x08001970   0x08001970   0x00000066   Code   RO         1833    i.HAL_TIM_Base_Init  stm32f4xx_hal_tim.o
    0x080019d6   0x080019d6   0x00000002   Code   RO         1835    i.HAL_TIM_Base_MspInit  stm32f4xx_hal_tim.o
    0x080019d8   0x080019d8   0x000000a8   Code   RO         1838    i.HAL_TIM_Base_Start_IT  stm32f4xx_hal_tim.o
    0x08001a80   0x08001a80   0x000000a0   Code   RO           14    i.HAL_TIM_IC_CaptureCallback  main.o
    0x08001b20   0x08001b20   0x000000de   Code   RO         1869    i.HAL_TIM_IC_ConfigChannel  stm32f4xx_hal_tim.o
    0x08001bfe   0x08001bfe   0x00000066   Code   RO         1872    i.HAL_TIM_IC_Init   stm32f4xx_hal_tim.o
    0x08001c64   0x08001c64   0x00000090   Code   RO          314    i.HAL_TIM_IC_MspInit  tim.o
    0x08001cf4   0x08001cf4   0x00000190   Code   RO         1877    i.HAL_TIM_IC_Start_IT  stm32f4xx_hal_tim.o
    0x08001e84   0x08001e84   0x00000196   Code   RO         1881    i.HAL_TIM_IRQHandler  stm32f4xx_hal_tim.o
    0x0800201a   0x0800201a   0x00000002   Code   RO         1884    i.HAL_TIM_OC_DelayElapsedCallback  stm32f4xx_hal_tim.o
    0x0800201c   0x0800201c   0x00000002   Code   RO         1911    i.HAL_TIM_PWM_PulseFinishedCallback  stm32f4xx_hal_tim.o
    0x0800201e   0x0800201e   0x00000002   PAD
    0x08002020   0x08002020   0x00000044   Code   RO           15    i.HAL_TIM_PeriodElapsedCallback  main.o
    0x08002064   0x08002064   0x00000032   Code   RO         1921    i.HAL_TIM_ReadCapturedValue  stm32f4xx_hal_tim.o
    0x08002096   0x08002096   0x00000002   Code   RO         1924    i.HAL_TIM_TriggerCallback  stm32f4xx_hal_tim.o
    0x08002098   0x08002098   0x00000002   Code   RO         2826    i.HAL_UARTEx_RxEventCallback  stm32f4xx_hal_uart.o
    0x0800209a   0x0800209a   0x00000002   Code   RO         2840    i.HAL_UART_ErrorCallback  stm32f4xx_hal_uart.o
    0x0800209c   0x0800209c   0x000002e0   Code   RO         2843    i.HAL_UART_IRQHandler  stm32f4xx_hal_uart.o
    0x0800237c   0x0800237c   0x00000072   Code   RO         2844    i.HAL_UART_Init     stm32f4xx_hal_uart.o
    0x080023ee   0x080023ee   0x00000002   PAD
    0x080023f0   0x080023f0   0x0000011c   Code   RO          356    i.HAL_UART_MspInit  usart.o
    0x0800250c   0x0800250c   0x00000042   Code   RO         2849    i.HAL_UART_Receive_IT  stm32f4xx_hal_uart.o
    0x0800254e   0x0800254e   0x00000002   PAD
    0x08002550   0x08002550   0x0000002c   Code   RO         5028    i.HAL_UART_RxCpltCallback  tjc_usart_hmi.o
    0x0800257c   0x0800257c   0x00000058   Code   RO         2854    i.HAL_UART_Transmit_IT  stm32f4xx_hal_uart.o
    0x080025d4   0x080025d4   0x00000002   Code   RO         2855    i.HAL_UART_TxCpltCallback  stm32f4xx_hal_uart.o
    0x080025d6   0x080025d6   0x00000004   Code   RO          402    i.HardFault_Handler  stm32f4xx_it.o
    0x080025da   0x080025da   0x00000002   PAD
    0x080025dc   0x080025dc   0x00000048   Code   RO          289    i.MX_DMA_Init       dma.o
    0x08002624   0x08002624   0x00000080   Code   RO          203    i.MX_FREERTOS_Init  freertos.o
    0x080026a4   0x080026a4   0x00000094   Code   RO          179    i.MX_GPIO_Init      gpio.o
    0x08002738   0x08002738   0x00000074   Code   RO          315    i.MX_TIM2_Init      tim.o
    0x080027ac   0x080027ac   0x00000038   Code   RO          357    i.MX_USART2_UART_Init  usart.o
    0x080027e4   0x080027e4   0x00000004   Code   RO          403    i.MemManage_Handler  stm32f4xx_it.o
    0x080027e8   0x080027e8   0x00000004   Code   RO          404    i.NMI_Handler       stm32f4xx_it.o
    0x080027ec   0x080027ec   0x00000070   Code   RO          204    i.Pulse_acquisition  freertos.o
    0x0800285c   0x0800285c   0x00000088   Code   RO          205    i.Screen            freertos.o
    0x080028e4   0x080028e4   0x0000000a   Code   RO          206    i.StartDefaultTask  freertos.o
    0x080028ee   0x080028ee   0x00000016   Code   RO         4363    i.SysTick_Handler   cmsis_os2.o
    0x08002904   0x08002904   0x000000b0   Code   RO           16    i.SystemClock_Config  main.o
    0x080029b4   0x080029b4   0x00000014   Code   RO         3183    i.SystemInit        system_stm32f4xx.o
    0x080029c8   0x080029c8   0x00000010   Code   RO          405    i.TIM1_UP_TIM10_IRQHandler  stm32f4xx_it.o
    0x080029d8   0x080029d8   0x00000010   Code   RO          406    i.TIM2_IRQHandler   stm32f4xx_it.o
    0x080029e8   0x080029e8   0x000000d8   Code   RO         1926    i.TIM_Base_SetConfig  stm32f4xx_hal_tim.o
    0x08002ac0   0x08002ac0   0x00000022   Code   RO         1927    i.TIM_CCxChannelCmd  stm32f4xx_hal_tim.o
    0x08002ae2   0x08002ae2   0x00000002   PAD
    0x08002ae4   0x08002ae4   0x00000090   Code   RO         1945    i.TIM_TI1_SetConfig  stm32f4xx_hal_tim.o
    0x08002b74   0x08002b74   0x0000003a   Code   RO         1947    i.TIM_TI2_SetConfig  stm32f4xx_hal_tim.o
    0x08002bae   0x08002bae   0x00000038   Code   RO         1948    i.TIM_TI3_SetConfig  stm32f4xx_hal_tim.o
    0x08002be6   0x08002be6   0x0000003c   Code   RO         1949    i.TIM_TI4_SetConfig  stm32f4xx_hal_tim.o
    0x08002c22   0x08002c22   0x00000002   PAD
    0x08002c24   0x08002c24   0x0000009c   Code   RO         5029    i.TJCPrintf         tjc_usart_hmi.o
    0x08002cc0   0x08002cc0   0x00000014   Code   RO         2857    i.UART_DMAAbortOnError  stm32f4xx_hal_uart.o
    0x08002cd4   0x08002cd4   0x0000006c   Code   RO         2867    i.UART_EndRxTransfer  stm32f4xx_hal_uart.o
    0x08002d40   0x08002d40   0x00000020   Code   RO         2868    i.UART_EndTransmit_IT  stm32f4xx_hal_uart.o
    0x08002d60   0x08002d60   0x000000f8   Code   RO         2870    i.UART_Receive_IT   stm32f4xx_hal_uart.o
    0x08002e58   0x08002e58   0x0000022c   Code   RO         2871    i.UART_SetConfig    stm32f4xx_hal_uart.o
    0x08003084   0x08003084   0x0000004a   Code   RO         2873    i.UART_Start_Receive_IT  stm32f4xx_hal_uart.o
    0x080030ce   0x080030ce   0x00000060   Code   RO         2874    i.UART_Transmit_IT  stm32f4xx_hal_uart.o
    0x0800312e   0x0800312e   0x00000002   PAD
    0x08003130   0x08003130   0x00000010   Code   RO          407    i.USART2_IRQHandler  stm32f4xx_it.o
    0x08003140   0x08003140   0x00000004   Code   RO          408    i.UsageFault_Handler  stm32f4xx_it.o
    0x08003144   0x08003144   0x00000034   Code   RO         5129    i.__0vsnprintf      mc_w.l(printfa.o)
    0x08003178   0x08003178   0x00000010   Code   RO         1451    i.__NVIC_GetPriorityGrouping  stm32f4xx_hal_cortex.o
    0x08003188   0x08003188   0x00000028   Code   RO         1452    i.__NVIC_SetPriority  stm32f4xx_hal_cortex.o
    0x080031b0   0x080031b0   0x00000006   Code   RO         4365    i.__get_IPSR        cmsis_os2.o
    0x080031b6   0x080031b6   0x0000000e   Code   RO         5197    i.__scatterload_copy  mc_w.l(handlers.o)
    0x080031c4   0x080031c4   0x00000002   Code   RO         5198    i.__scatterload_null  mc_w.l(handlers.o)
    0x080031c6   0x080031c6   0x0000000e   Code   RO         5199    i.__scatterload_zeroinit  mc_w.l(handlers.o)
    0x080031d4   0x080031d4   0x00000184   Code   RO         5131    i._fp_digits        mc_w.l(printfa.o)
    0x08003358   0x08003358   0x000006b4   Code   RO         5132    i._printf_core      mc_w.l(printfa.o)
    0x08003a0c   0x08003a0c   0x00000024   Code   RO         5133    i._printf_post_padding  mc_w.l(printfa.o)
    0x08003a30   0x08003a30   0x0000002e   Code   RO         5134    i._printf_pre_padding  mc_w.l(printfa.o)
    0x08003a5e   0x08003a5e   0x00000016   Code   RO         5135    i._snputc           mc_w.l(printfa.o)
    0x08003a74   0x08003a74   0x00000010   Code   RO         5032    i.initRingBuff      tjc_usart_hmi.o
    0x08003a84   0x08003a84   0x00000068   Code   RO           17    i.main              main.o
    0x08003aec   0x08003aec   0x0000001e   Code   RO         4366    i.osDelay           cmsis_os2.o
    0x08003b0a   0x08003b0a   0x00000002   PAD
    0x08003b0c   0x08003b0c   0x0000002c   Code   RO         4380    i.osKernelInitialize  cmsis_os2.o
    0x08003b38   0x08003b38   0x00000060   Code   RO         4383    i.osKernelStart     cmsis_os2.o
    0x08003b98   0x08003b98   0x00000080   Code   RO         4395    i.osMessageQueueGet  cmsis_os2.o
    0x08003c18   0x08003c18   0x0000009a   Code   RO         4400    i.osMessageQueueNew  cmsis_os2.o
    0x08003cb2   0x08003cb2   0x00000002   PAD
    0x08003cb4   0x08003cb4   0x00000084   Code   RO         4401    i.osMessageQueuePut  cmsis_os2.o
    0x08003d38   0x08003d38   0x000000b8   Code   RO         4425    i.osThreadNew       cmsis_os2.o
    0x08003df0   0x08003df0   0x0000007c   Code   RO         3800    i.prvAddCurrentTaskToDelayedList  tasks.o
    0x08003e6c   0x08003e6c   0x000000b8   Code   RO         3801    i.prvAddNewTaskToReadyList  tasks.o
    0x08003f24   0x08003f24   0x00000074   Code   RO         4176    i.prvCheckForValidListAndQueue  timers.o
    0x08003f98   0x08003f98   0x00000048   Code   RO         3802    i.prvCheckTasksWaitingTermination  tasks.o
    0x08003fe0   0x08003fe0   0x0000002a   Code   RO         3387    i.prvCopyDataFromQueue  queue.o
    0x0800400a   0x0800400a   0x0000007e   Code   RO         3388    i.prvCopyDataToQueue  queue.o
    0x08004088   0x08004088   0x00000050   Code   RO         3803    i.prvDeleteTCB      tasks.o
    0x080040d8   0x080040d8   0x00000028   Code   RO         4177    i.prvGetNextExpireTime  timers.o
    0x08004100   0x08004100   0x0000007c   Code   RO         4893    i.prvHeapInit       heap_4.o
    0x0800417c   0x0800417c   0x00000028   Code   RO         3804    i.prvIdleTask       tasks.o
    0x080041a4   0x080041a4   0x0000002a   Code   RO         3391    i.prvInitialiseNewQueue  queue.o
    0x080041ce   0x080041ce   0x000000be   Code   RO         3805    i.prvInitialiseNewTask  tasks.o
    0x0800428c   0x0800428c   0x00000068   Code   RO         3806    i.prvInitialiseTaskLists  tasks.o
    0x080042f4   0x080042f4   0x00000068   Code   RO         4894    i.prvInsertBlockIntoFreeList  heap_4.o
    0x0800435c   0x0800435c   0x00000058   Code   RO         4179    i.prvInsertTimerInActiveList  timers.o
    0x080043b4   0x080043b4   0x0000001a   Code   RO         3392    i.prvIsQueueEmpty   queue.o
    0x080043ce   0x080043ce   0x0000001e   Code   RO         3393    i.prvIsQueueFull    queue.o
    0x080043ec   0x080043ec   0x00000074   Code   RO         4180    i.prvProcessExpiredTimer  timers.o
    0x08004460   0x08004460   0x00000164   Code   RO         4181    i.prvProcessReceivedCommands  timers.o
    0x080045c4   0x080045c4   0x00000074   Code   RO         4182    i.prvProcessTimerOrBlockTask  timers.o
    0x08004638   0x08004638   0x00000034   Code   RO         3808    i.prvResetNextTaskUnblockTime  tasks.o
    0x0800466c   0x0800466c   0x0000002c   Code   RO         4183    i.prvSampleTimeNow  timers.o
    0x08004698   0x08004698   0x000000a4   Code   RO         4184    i.prvSwitchTimerLists  timers.o
    0x0800473c   0x0800473c   0x00000040   Code   RO         4949    i.prvTaskExitError  port.o
    0x0800477c   0x0800477c   0x0000001a   Code   RO         4185    i.prvTimerTask      timers.o
    0x08004796   0x08004796   0x0000007e   Code   RO         3394    i.prvUnlockQueue    queue.o
    0x08004814   0x08004814   0x0000014c   Code   RO         4895    i.pvPortMalloc      heap_4.o
    0x08004960   0x08004960   0x0000002c   Code   RO         4950    i.pxPortInitialiseStack  port.o
    0x0800498c   0x0800498c   0x00000028   Code   RO         3347    i.uxListRemove      list.o
    0x080049b4   0x080049b4   0x00000018   Code   RO         4437    i.vApplicationGetIdleTaskMemory  cmsis_os2.o
    0x080049cc   0x080049cc   0x00000018   Code   RO         4438    i.vApplicationGetTimerTaskMemory  cmsis_os2.o
    0x080049e4   0x080049e4   0x0000001a   Code   RO         3348    i.vListInitialise   list.o
    0x080049fe   0x080049fe   0x00000006   Code   RO         3349    i.vListInitialiseItem  list.o
    0x08004a04   0x08004a04   0x00000034   Code   RO         3350    i.vListInsert       list.o
    0x08004a38   0x08004a38   0x00000018   Code   RO         3351    i.vListInsertEnd    list.o
    0x08004a50   0x08004a50   0x00000054   Code   RO         4952    i.vPortEnterCritical  port.o
    0x08004aa4   0x08004aa4   0x0000003c   Code   RO         4953    i.vPortExitCritical  port.o
    0x08004ae0   0x08004ae0   0x000000a4   Code   RO         4896    i.vPortFree         heap_4.o
    0x08004b84   0x08004b84   0x00000028   Code   RO         4954    i.vPortSetupTimerInterrupt  port.o
    0x08004bac   0x08004bac   0x00000078   Code   RO         4955    i.vPortValidateInterruptPriority  port.o
    0x08004c24   0x08004c24   0x0000002c   Code   RO         3400    i.vQueueAddToRegistry  queue.o
    0x08004c50   0x08004c50   0x0000004a   Code   RO         3404    i.vQueueWaitForMessageRestricted  queue.o
    0x08004c9a   0x08004c9a   0x00000002   PAD
    0x08004c9c   0x08004c9c   0x0000005c   Code   RO         3821    i.vTaskDelay        tasks.o
    0x08004cf8   0x08004cf8   0x00000018   Code   RO         3826    i.vTaskInternalSetTimeOutState  tasks.o
    0x08004d10   0x08004d10   0x0000000c   Code   RO         3827    i.vTaskMissedYield  tasks.o
    0x08004d1c   0x08004d1c   0x00000038   Code   RO         3829    i.vTaskPlaceOnEventList  tasks.o
    0x08004d54   0x08004d54   0x00000040   Code   RO         3830    i.vTaskPlaceOnEventListRestricted  tasks.o
    0x08004d94   0x08004d94   0x000000b8   Code   RO         3838    i.vTaskStartScheduler  tasks.o
    0x08004e4c   0x08004e4c   0x00000010   Code   RO         3840    i.vTaskSuspendAll   tasks.o
    0x08004e5c   0x08004e5c   0x00000090   Code   RO         3841    i.vTaskSwitchContext  tasks.o
    0x08004eec   0x08004eec   0x0000003c   Code   RO         5035    i.writeRingBuff     tjc_usart_hmi.o
    0x08004f28   0x08004f28   0x00000168   Code   RO         4956    i.xPortStartScheduler  port.o
    0x08005090   0x08005090   0x00000034   Code   RO         4957    i.xPortSysTickHandler  port.o
    0x080050c4   0x080050c4   0x0000005a   Code   RO         3409    i.xQueueGenericCreate  queue.o
    0x0800511e   0x0800511e   0x000000e0   Code   RO         3410    i.xQueueGenericCreateStatic  queue.o
    0x080051fe   0x080051fe   0x00000002   PAD
    0x08005200   0x08005200   0x00000098   Code   RO         3411    i.xQueueGenericReset  queue.o
    0x08005298   0x08005298   0x000001a8   Code   RO         3412    i.xQueueGenericSend  queue.o
    0x08005440   0x08005440   0x000000fc   Code   RO         3413    i.xQueueGenericSendFromISR  queue.o
    0x0800553c   0x0800553c   0x00000168   Code   RO         3422    i.xQueueReceive     queue.o
    0x080056a4   0x080056a4   0x000000ca   Code   RO         3423    i.xQueueReceiveFromISR  queue.o
    0x0800576e   0x0800576e   0x00000002   PAD
    0x08005770   0x08005770   0x0000008c   Code   RO         3843    i.xTaskCheckForTimeOut  tasks.o
    0x080057fc   0x080057fc   0x00000064   Code   RO         3844    i.xTaskCreate       tasks.o
    0x08005860   0x08005860   0x000000ba   Code   RO         3845    i.xTaskCreateStatic  tasks.o
    0x0800591a   0x0800591a   0x00000002   PAD
    0x0800591c   0x0800591c   0x00000020   Code   RO         3849    i.xTaskGetSchedulerState  tasks.o
    0x0800593c   0x0800593c   0x0000000c   Code   RO         3850    i.xTaskGetTickCount  tasks.o
    0x08005948   0x08005948   0x00000144   Code   RO         3852    i.xTaskIncrementTick  tasks.o
    0x08005a8c   0x08005a8c   0x000000a4   Code   RO         3855    i.xTaskPriorityDisinherit  tasks.o
    0x08005b30   0x08005b30   0x00000098   Code   RO         3857    i.xTaskRemoveFromEventList  tasks.o
    0x08005bc8   0x08005bc8   0x00000104   Code   RO         3858    i.xTaskResumeAll    tasks.o
    0x08005ccc   0x08005ccc   0x00000078   Code   RO         4194    i.xTimerCreateTimerTask  timers.o
    0x08005d44   0x08005d44   0x00000084   Code   RO         4195    i.xTimerGenericCommand  timers.o
    0x08005dc8   0x08005dc8   0x0000009c   Data   RO          207    .constdata          freertos.o
    0x08005e64   0x08005e64   0x00000008   Data   RO         1144    .constdata          stm32f4xx_hal_dma.o
    0x08005e6c   0x08005e6c   0x00000018   Data   RO         3184    .constdata          system_stm32f4xx.o
    0x08005e84   0x08005e84   0x0000005c   Data   RO          208    .conststring        freertos.o
    0x08005ee0   0x08005ee0   0x00000020   Data   RO         5195    Region$$Table       anon$$obj.o


    Execution Region RW_IRAM1 (Exec base: 0x20000000, Load base: 0x08005f00, Size: 0x00005138, Max: 0x00040000, ABSOLUTE)

    Exec Addr    Load Addr    Size         Type   Attr      Idx    E Section Name        Object

    0x20000000   0x08005f00   0x0000001c   Data   RW          209    .data               freertos.o
    0x2000001c   0x08005f1c   0x00000009   Data   RW         1600    .data               stm32f4xx_hal.o
    0x20000025   0x08005f25   0x00000003   PAD
    0x20000028   0x08005f28   0x00000004   Data   RW         3185    .data               system_stm32f4xx.o
    0x2000002c   0x08005f2c   0x0000003c   Data   RW         3861    .data               tasks.o
    0x20000068   0x08005f68   0x00000014   Data   RW         4203    .data               timers.o
    0x2000007c   0x08005f7c   0x00000004   Data   RW         4440    .data               cmsis_os2.o
    0x20000080   0x08005f80   0x00000020   Data   RW         4902    .data               heap_4.o
    0x200000a0   0x08005fa0   0x0000000c   Data   RW         4958    .data               port.o
    0x200000ac   0x08005fac   0x00000001   Data   RW         5037    .data               tjc_usart_hmi.o
    0x200000ad   0x08005fad   0x00000003   PAD
    0x200000b0        -       0x00000048   Zero   RW          316    .bss                tim.o
    0x200000f8        -       0x00000104   Zero   RW          358    .bss                usart.o
    0x200001fc        -       0x00000048   Zero   RW          513    .bss                stm32f4xx_hal_timebase_tim.o
    0x20000244        -       0x00000040   Zero   RW         3426    .bss                queue.o
    0x20000284        -       0x000004c4   Zero   RW         3860    .bss                tasks.o
    0x20000748        -       0x00000118   Zero   RW         4202    .bss                timers.o
    0x20000860        -       0x000006d8   Zero   RW         4439    .bss                cmsis_os2.o
    0x20000f38        -       0x00003c00   Zero   RW         4901    .bss                heap_4.o
    0x20004b38        -       0x000001fa   Zero   RW         5036    .bss                tjc_usart_hmi.o
    0x20004d32   0x08005fad   0x00000006   PAD
    0x20004d38        -       0x00000400   Zero   RW            1    STACK               startup_stm32f412rx.o


==============================================================================

Image component sizes


      Code (inc. data)   RO Data    RW Data    ZI Data      Debug   Object Name

       844         46          0          4       1752      68187   cmsis_os2.o
        72          4          0          0          0        806   dma.o
         0          0          0          0          0      19528   event_groups.o
       386        100        248         28          0      10949   freertos.o
       148          8          0          0          0        963   gpio.o
       724         74          0         32      15360       4959   heap_4.o
       148          0          0          0          0       3658   list.o
       514         64          0          0          0     656529   main.o
      1014         92          0         12          0      11881   port.o
      2214         20          0          0         64      20157   queue.o
        36          8        452          0       1024        852   startup_stm32f412rx.o
        96         20          0          9          0       8042   stm32f4xx_hal.o
       252         22          0          0          0      33774   stm32f4xx_hal_cortex.o
      1246         16          8          0          0       5483   stm32f4xx_hal_dma.o
       456         30          0          0          0       2124   stm32f4xx_hal_gpio.o
        84          6          0          0          0        894   stm32f4xx_hal_msp.o
       708         70          0          0          0       4809   stm32f4xx_hal_rcc.o
      1200         24          0          0          0       2016   stm32f4xx_hal_rcc_ex.o
      2026        134          0          0          0      13512   stm32f4xx_hal_tim.o
       184         30          0          0          0       2561   stm32f4xx_hal_tim_ex.o
       160         20          0          0         72       1479   stm32f4xx_hal_timebase_tim.o
      2144         14          0          0          0      11527   stm32f4xx_hal_uart.o
       102         30          0          0          0       5510   stm32f4xx_it.o
         0          0          0          0          0        384   stream_buffer.o
        20          6         24          4          0       1175   system_stm32f4xx.o
      2808        346          0         60       1220      27902   tasks.o
       260         12          0          0         72       1868   tim.o
      1318        124          0         20        280      33171   timers.o
       276         26          0          1        506       3739   tjc_usart_hmi.o
       340         36          0          0        260       1952   usart.o

    ----------------------------------------------------------------------
     19812       1382        764        176      20616     960391   Object Totals
         0          0         32          0          0          0   (incl. Generated)
        32          0          0          6          6          0   (incl. Padding)

    ----------------------------------------------------------------------

      Code (inc. data)   RO Data    RW Data    ZI Data      Debug   Library Member Name

         0          0          0          0          0          0   entry.o
         0          0          0          0          0          0   entry10a.o
         0          0          0          0          0          0   entry11a.o
         4          0          0          0          0          0   entry12b.o
         8          4          0          0          0          0   entry2.o
         4          0          0          0          0          0   entry5.o
         0          0          0          0          0          0   entry7b.o
         0          0          0          0          0          0   entry8b.o
         8          4          0          0          0          0   entry9a.o
        30          0          0          0          0          0   handlers.o
        36          8          0          0          0         68   init.o
         0          0          0          0          0          0   iusefp.o
        30          0          0          0          0         68   llshl.o
        36          0          0          0          0         68   llsshr.o
        32          0          0          0          0         68   llushr.o
        36          0          0          0          0         68   memcpya.o
        36          0          0          0          0        108   memseta.o
      2260         86          0          0          0        528   printfa.o
        14          0          0          0          0         68   strlen.o
        44          0          0          0          0         80   uidiv.o
        98          0          0          0          0         92   uldiv.o
        48          0          0          0          0         68   cdrcmple.o
       334          0          0          0          0        148   dadd.o
       222          0          0          0          0        100   ddiv.o
       186          0          0          0          0        176   depilogue.o
        48          0          0          0          0         68   dfixul.o
       228          0          0          0          0         96   dmul.o

    ----------------------------------------------------------------------
      3744        102          0          0          0       1872   Library Totals
         2          0          0          0          0          0   (incl. Padding)

    ----------------------------------------------------------------------

      Code (inc. data)   RO Data    RW Data    ZI Data      Debug   Library Name

      2676        102          0          0          0       1216   mc_w.l
      1066          0          0          0          0        656   mf_w.l

    ----------------------------------------------------------------------
      3744        102          0          0          0       1872   Library Totals

    ----------------------------------------------------------------------

==============================================================================


      Code (inc. data)   RO Data    RW Data    ZI Data      Debug   

     23556       1484        764        176      20616     945131   Grand Totals
     23556       1484        764        176      20616     945131   ELF Image Totals
     23556       1484        764        176          0          0   ROM Totals

==============================================================================

    Total RO  Size (Code + RO Data)                24320 (  23.75kB)
    Total RW  Size (RW Data + ZI Data)             20792 (  20.30kB)
    Total ROM Size (Code + RO Data + RW Data)      24496 (  23.92kB)

==============================================================================

