Component: ARM Compiler 5.06 update 7 (build 960) Tool: armlink [4d3601]

==============================================================================

Section Cross References

    startup_stm32f413xx.o(STACK) refers (Special) to heapauxi.o(.text) for __use_two_region_memory
    startup_stm32f413xx.o(HEAP) refers (Special) to heapauxi.o(.text) for __use_two_region_memory
    startup_stm32f413xx.o(RESET) refers (Special) to heapauxi.o(.text) for __use_two_region_memory
    startup_stm32f413xx.o(RESET) refers to startup_stm32f413xx.o(STACK) for __initial_sp
    startup_stm32f413xx.o(RESET) refers to startup_stm32f413xx.o(.text) for Reset_Handler
    startup_stm32f413xx.o(RESET) refers to stm32f4xx_it.o(i.NMI_Handler) for NMI_Handler
    startup_stm32f413xx.o(RESET) refers to stm32f4xx_it.o(i.HardFault_Handler) for HardFault_Handler
    startup_stm32f413xx.o(RESET) refers to stm32f4xx_it.o(i.MemManage_Handler) for MemManage_Handler
    startup_stm32f413xx.o(RESET) refers to stm32f4xx_it.o(i.BusFault_Handler) for BusFault_Handler
    startup_stm32f413xx.o(RESET) refers to stm32f4xx_it.o(i.UsageFault_Handler) for UsageFault_Handler
    startup_stm32f413xx.o(RESET) refers to stm32f4xx_it.o(i.SVC_Handler) for SVC_Handler
    startup_stm32f413xx.o(RESET) refers to stm32f4xx_it.o(i.DebugMon_Handler) for DebugMon_Handler
    startup_stm32f413xx.o(RESET) refers to stm32f4xx_it.o(i.PendSV_Handler) for PendSV_Handler
    startup_stm32f413xx.o(RESET) refers to stm32f4xx_it.o(i.SysTick_Handler) for SysTick_Handler
    startup_stm32f413xx.o(RESET) refers to stm32f4xx_it.o(i.EXTI3_IRQHandler) for EXTI3_IRQHandler
    startup_stm32f413xx.o(RESET) refers to stm32f4xx_it.o(i.DMA1_Stream1_IRQHandler) for DMA1_Stream1_IRQHandler
    startup_stm32f413xx.o(RESET) refers to stm32f4xx_it.o(i.DMA1_Stream3_IRQHandler) for DMA1_Stream3_IRQHandler
    startup_stm32f413xx.o(RESET) refers to stm32f4xx_it.o(i.DMA1_Stream5_IRQHandler) for DMA1_Stream5_IRQHandler
    startup_stm32f413xx.o(RESET) refers to stm32f4xx_it.o(i.DMA1_Stream6_IRQHandler) for DMA1_Stream6_IRQHandler
    startup_stm32f413xx.o(RESET) refers to stm32f4xx_it.o(i.CAN1_RX0_IRQHandler) for CAN1_RX0_IRQHandler
    startup_stm32f413xx.o(RESET) refers to time.o(i.TIM3_IRQHandler) for TIM3_IRQHandler
    startup_stm32f413xx.o(RESET) refers to stm32f4xx_it.o(i.SPI2_IRQHandler) for SPI2_IRQHandler
    startup_stm32f413xx.o(RESET) refers to stm32f4xx_it.o(i.USART2_IRQHandler) for USART2_IRQHandler
    startup_stm32f413xx.o(RESET) refers to stm32f4xx_it.o(i.DMA2_Stream1_IRQHandler) for DMA2_Stream1_IRQHandler
    startup_stm32f413xx.o(RESET) refers to stm32f4xx_it.o(i.CAN2_RX1_IRQHandler) for CAN2_RX1_IRQHandler
    startup_stm32f413xx.o(RESET) refers to stm32f4xx_it.o(i.DMA2_Stream6_IRQHandler) for DMA2_Stream6_IRQHandler
    startup_stm32f413xx.o(RESET) refers to stm32f4xx_it.o(i.USART6_IRQHandler) for USART6_IRQHandler
    startup_stm32f413xx.o(RESET) refers to stm32f4xx_it.o(i.CAN3_RX0_IRQHandler) for CAN3_RX0_IRQHandler
    startup_stm32f413xx.o(.text) refers (Special) to heapauxi.o(.text) for __use_two_region_memory
    startup_stm32f413xx.o(.text) refers to system_stm32f4xx.o(i.SystemInit) for SystemInit
    startup_stm32f413xx.o(.text) refers to __main.o(!!!main) for __main
    startup_stm32f413xx.o(.text) refers to startup_stm32f413xx.o(HEAP) for Heap_Mem
    startup_stm32f413xx.o(.text) refers to startup_stm32f413xx.o(STACK) for Stack_Mem
    main.o(i.Abrupt_Stop_Task) refers to main.o(i.Abrupt_Stop_function) for Abrupt_Stop_function
    main.o(i.Abrupt_Stop_function) refers to stm32f4xx_hal_gpio.o(i.HAL_GPIO_ReadPin) for HAL_GPIO_ReadPin
    main.o(i.Abrupt_Stop_function) refers to tasks.o(i.vTaskDelay) for vTaskDelay
    main.o(i.Abrupt_Stop_function) refers to tasks.o(i.xTaskGetTickCount) for xTaskGetTickCount
    main.o(i.Abrupt_Stop_function) refers to bsp_oled19264.o(i.Clear_Screen) for Clear_Screen
    main.o(i.Abrupt_Stop_function) refers to queue.o(i.xQueueGenericSend) for xQueueGenericSend
    main.o(i.Abrupt_Stop_function) refers to tasks.o(i.vTaskSuspend) for vTaskSuspend
    main.o(i.Abrupt_Stop_function) refers to stm32f4xx_hal_gpio.o(i.HAL_GPIO_WritePin) for HAL_GPIO_WritePin
    main.o(i.Abrupt_Stop_function) refers to bsp_ncv7356.o(i.CANx_SendNormalData) for CANx_SendNormalData
    main.o(i.Abrupt_Stop_function) refers to bsp_oled19264.o(i.Display_String) for Display_String
    main.o(i.Abrupt_Stop_function) refers to queue.o(i.xQueueGenericReset) for xQueueGenericReset
    main.o(i.Abrupt_Stop_function) refers to tasks.o(i.vTaskResume) for vTaskResume
    main.o(i.Abrupt_Stop_function) refers to main.o(.data) for .data
    main.o(i.Abrupt_Stop_function) refers to interface.o(.data) for _variant_Interface_disp
    main.o(i.Abrupt_Stop_function) refers to main_logic.o(.data) for _variant_Mainlogic_statement
    main.o(i.Abrupt_Stop_function) refers to set.o(.data) for Structset_Service_DeviceNum1_1
[...]
    display_graphic_16x16_cn                 0x08014983   Thumb Code    52  bsp_oled19264.o(i.display_graphic_16x16_cn)
    display_graphic_8x16_en                  0x080149b7   Thumb Code    52  bsp_oled19264.o(i.display_graphic_8x16_en)
    hw_usart_register                        0x080149ed   Thumb Code   124  drv_usart.o(i.hw_usart_register)
    lcd_address                              0x08014a99   Thumb Code    36  bsp_oled19264.o(i.lcd_address)
    main                                     0x08014abd   Thumb Code   300  main.o(i.main)
    pvPortMalloc                             0x080153ad   Thumb Code   216  heap_4.o(i.pvPortMalloc)
    pxPortInitialiseStack                    0x08015489   Thumb Code    40  port.o(i.pxPortInitialiseStack)
    sin_Function                             0x080154b5   Thumb Code   660  sensor.o(i.sin_Function)
    uart_callback_function                   0x08015749   Thumb Code   138  drv_usart.o(i.uart_callback_function)
    uart_send                                0x080157e9   Thumb Code    46  drv_usart.o(i.uart_send)
    usart7_niming_report                     0x08015819   Thumb Code    26  sensor.o(i.usart7_niming_report)
    usart7_send_char                         0x08015839   Thumb Code    16  sensor.o(i.usart7_send_char)
    uxListRemove                             0x0801584d   Thumb Code    38  list.o(i.uxListRemove)
    vListInitialise                          0x08015873   Thumb Code    22  list.o(i.vListInitialise)
    vListInitialiseItem                      0x08015889   Thumb Code     6  list.o(i.vListInitialiseItem)
    vListInsert                              0x0801588f   Thumb Code    48  list.o(i.vListInsert)
    vListInsertEnd                           0x080158bf   Thumb Code    24  list.o(i.vListInsertEnd)
    vPortEnterCritical                       0x080158d9   Thumb Code    54  port.o(i.vPortEnterCritical)
    vPortExitCritical                        0x08015919   Thumb Code    34  port.o(i.vPortExitCritical)
    vPortFree                                0x08015941   Thumb Code    94  heap_4.o(i.vPortFree)
    vPortSetupTimerInterrupt                 0x080159a5   Thumb Code    32  port.o(i.vPortSetupTimerInterrupt)
    vPortValidateInterruptPriority           0x080159c9   Thumb Code    74  port.o(i.vPortValidateInterruptPriority)
    vQueueAddToRegistry                      0x08015a1d   Thumb Code    32  queue.o(i.vQueueAddToRegistry)
    vQueueWaitForMessageRestricted           0x08015a41   Thumb Code    68  queue.o(i.vQueueWaitForMessageRestricted)
    vTaskDelay                               0x08015a85   Thumb Code    66  tasks.o(i.vTaskDelay)
    vTaskDelete                              0x08015ad1   Thumb Code   156  tasks.o(i.vTaskDelete)
    vTaskInternalSetTimeOutState             0x08015b7d   Thumb Code    12  tasks.o(i.vTaskInternalSetTimeOutState)
    vTaskMissedYield                         0x08015b8d   Thumb Code     8  tasks.o(i.vTaskMissedYield)
    vTaskPlaceOnEventList                    0x08015b99   Thumb Code    44  tasks.o(i.vTaskPlaceOnEventList)
    vTaskPlaceOnEventListRestricted          0x08015bc9   Thumb Code    52  tasks.o(i.vTaskPlaceOnEventListRestricted)
    vTaskResume                              0x08015c01   Thumb Code   112  tasks.o(i.vTaskResume)
    vTaskStartScheduler                      0x08015c7d   Thumb Code    94  tasks.o(i.vTaskStartScheduler)
    vTaskSuspend                             0x08015ced   Thumb Code   170  tasks.o(i.vTaskSuspend)
    vTaskSuspendAll                          0x08015da9   Thumb Code    10  tasks.o(i.vTaskSuspendAll)
    vTaskSwitchContext                       0x08015db9   Thumb Code    82  tasks.o(i.vTaskSwitchContext)
    xPortStartScheduler                      0x08015e15   Thumb Code   224  port.o(i.xPortStartScheduler)
    xPortSysTickHandler                      0x08015f09   Thumb Code    38  port.o(i.xPortSysTickHandler)
    xQueueGenericCreate                      0x08015f35   Thumb Code    76  queue.o(i.xQueueGenericCreate)
    xQueueGenericReset                       0x08015f81   Thumb Code   132  queue.o(i.xQueueGenericReset)
    xQueueGenericSend                        0x08016009   Thumb Code   350  queue.o(i.xQueueGenericSend)
    xQueueGenericSendFromISR                 0x0801616d   Thumb Code   190  queue.o(i.xQueueGenericSendFromISR)
    xQueueReceive                            0x0801622d   Thumb Code   308  queue.o(i.xQueueReceive)
    xTaskCheckForTimeOut                     0x08016365   Thumb Code   112  tasks.o(i.xTaskCheckForTimeOut)
    xTaskCreate                              0x080163d9   Thumb Code    86  tasks.o(i.xTaskCreate)
    xTaskGetSchedulerState                   0x08016431   Thumb Code    22  tasks.o(i.xTaskGetSchedulerState)
    xTaskGetTickCount                        0x0801644d   Thumb Code     6  tasks.o(i.xTaskGetTickCount)
    xTaskIncrementTick                       0x08016459   Thumb Code   194  tasks.o(i.xTaskIncrementTick)
    xTaskPriorityDisinherit                  0x08016525   Thumb Code   144  tasks.o(i.xTaskPriorityDisinherit)
    xTaskRemoveFromEventList                 0x080165bd   Thumb Code   106  tasks.o(i.xTaskRemoveFromEventList)
    xTaskResumeAll                           0x08016635   Thumb Code   182  tasks.o(i.xTaskResumeAll)
    xTimerCreateTimerTask                    0x080166f9   Thumb Code    56  timers.o(i.xTimerCreateTimerTask)
    xTimerGenericCommand                     0x08016741   Thumb Code    94  timers.o(i.xTimerGenericCommand)
    _fp_init                                 0x080167a5   Thumb Code    10  fpinit.o(x$fpl$fpinit)
    __fplib_config_fpu_vfp                   0x080167ad   Thumb Code     0  fpinit.o(x$fpl$fpinit)
    __fplib_config_pureend_doubles           0x080167ad   Thumb Code     0  fpinit.o(x$fpl$fpinit)
    AHBPrescTable                            0x080167b6   Data          16  system_stm32f4xx.o(.constdata)
    APBPrescTable                            0x080167c6   Data           8  system_stm32f4xx.o(.constdata)
    Region$$Table$$Base                      0x08017178   Number         0  anon$$obj.o(Region$$Table)
    Region$$Table$$Limit                     0x08017198   Number         0  anon$$obj.o(Region$$Table)
    instacy_count                            0x20000000   Data           1  main.o(.data)
    lock_count                               0x20000001   Data           1  main.o(.data)
    G_Instancy_NState                        0x20000002   Data           1  main.o(.data)
    G_Lock_NState                            0x20000003   Data           1  main.o(.data)
    Flag_main_STOP                           0x20000004   Data           1  main.o(.data)
    Flag_main_STOPcontitue                   0x20000005   Data           1  main.o(.data)
    State_main_TrumpetStatus                 0x20000006   Data           1  main.o(.data)
    variant_main_STOPnum                     0x20000007   Data           1  main.o(.data)
    array_main_STOPnum                       0x20000008   Data           3  main.o(.data)
    Key_Value_ISR_Queue                      0x20000044   Data           4  main.o(.data)
    Key_Monitor_Start_Queue                  0x20000048   Data           4  main.o(.data)
    Key_Status_Queue                         0x2000004c   Data           4  main.o(.data)
    Trumpet_Start_Queue                      0x20000050   Data           4  main.o(.data)
    CAN_Send_Queue                           0x20000054   Data           4  main.o(.data)
    CAN_Receive_ISR_Queue                    0x20000058   Data           4  main.o(.data)
    CAN2_Receive_ISR_Queue                   0x2000005c   Data           4  main.o(.data)
    LED_Control_Queue                        0x20000060   Data           4  main.o(.data)
    Para_Trans_Queue                         0x20000064   Data           4  main.o(.data)
    Abrupt_Stop_Queue                        0x20000068   Data           4  main.o(.data)
    Group_Unite_Move_Queue                   0x2000006c   Data           4  main.o(.data)
    Unite_Action_Queue                       0x20000070   Data           4  main.o(.data)
    Interface_Mian_Logic_Queue               0x20000074   Data           4  main.o(.data)
    MOVE_Control_Queue                       0x20000078   Data           4  main.o(.data)
    Communication_Detection_Left_Queue       0x2000007c   Data           4  main.o(.data)
    Communication_Detection_Right_Queue      0x20000080   Data           4  main.o(.data)
    CAN_Bus_Receive_Queue                    0x20000084   Data           4  main.o(.data)
    Fault_State_Queue                        0x20000088   Data           4  main.o(.data)
    Follow_Automation_Queue                  0x2000008c   Data           4  main.o(.data)
    Time_main_stop                           0x20000090   Data           4  main.o(.data)
    variant_main_STOPveiw1                   0x20000094   Data           4  main.o(.data)
    variant_main_STOPveiw2                   0x20000098   Data           4  main.o(.data)
    variant_main_STOPveiw3                   0x2000009c   Data           4  main.o(.data)
    LED_4vlaue                               0x200000a2   Data           1  bsp_hd7279.o(.data)
    LED_5vlaue                               0x200000a3   Data           1  bsp_hd7279.o(.data)
    LED_6vlaue                               0x200000a4   Data           1  bsp_hd7279.o(.data)
    LED_7vlaue                               0x200000a5   Data           1  bsp_hd7279.o(.data)
    CH450_buf                                0x200000a6   Data           6  bsp_hd7279.o(.data)
    Flag_ncv7356_cansendeorr                 0x200000ac   Data           1  bsp_ncv7356.o(.data)
    rel_can                                  0x200000b0   Data           4  bsp_ncv7356.o(.data)
    xHigherPriorityTaskWoken                 0x200000b4   Data           4  bsp_ncv7356.o(.data)
    can1_recv_buf                            0x200000b8   Data           8  bsp_ncv7356.o(.data)
    can2_recv_buf                            0x200000c0   Data           8  bsp_ncv7356.o(.data)
    can3_recv_buf                            0x200000c8   Data           8  bsp_ncv7356.o(.data)
    Flag_Controled_driveR                    0x200000d0   Data           1  bsp_485.o(.data)
    uchCRCHi                                 0x200000d1   Data           1  bsp_485.o(.data)
    uchCRCLo                                 0x200000d2   Data           1  bsp_485.o(.data)
    variant_Controled_MoveCMD                0x200002d4   Data           4  bsp_485.o(.data)
    count_Parameter_deliveryR                0x200002d8   Data           1  parameter_operation.o(.data)
    variant_Parameter_Globalset              0x200002da   Data           2  parameter_operation.o(.data)
    pxCurrentTCB                             0x200002dc   Data           4  tasks.o(.data)
    Count_sensor_i                           0x20000358   Data           1  sensor.o(.data)
    Count_sensor_a                           0x20000359   Data           1  sensor.o(.data)
    Sensor_Receive_Num                       0x2000035a   Data           1  sensor.o(.data)
    variant_ADC_SelectD2                     0x2000035c   Data           2  sensor.o(.data)
    variant_Altitude_Vlaue                   0x2000035e   Data           2  sensor.o(.data)
    Memory_Vlaue_red                         0x20000360   Data           2  sensor.o(.data)
    Memory_Vlaue_distance                    0x20000362   Data           2  sensor.o(.data)
    Memory_Vlaue_pressure                    0x20000364   Data           2  sensor.o(.data)
    Memory_Vlaue_Connectingrod_angle         0x20000366   Data           2  sensor.o(.data)
    Memory_Vlaue_canopy_angle                0x20000368   Data           2  sensor.o(.data)
    Memory_Vlaue_Plate_angle                 0x2000036a   Data           2  sensor.o(.data)
    array_Angel_send                         0x2000036c   Data           3  sensor.o(.data)
    variant_ADC_SelectP3                     0x20000370   Data           4  sensor.o(.data)
    variant_sensor_scramcontrol              0x20000374   Data           4  sensor.o(.data)
    Sensor_Time                              0x20000378   Data           4  sensor.o(.data)
    P_random                                 0x2000037c   Data           4  sensor.o(.data)
    array_Altitude_view                      0x20000380   Data           5  sensor.o(.data)
    Flag_Angel_receive                       0x20000385   Data           1  sensor.o(.data)
    min_random                               0x20000386   Data           1  sensor.o(.data)
    State_Mainlogic_pKEYstu                  0x20000387   Data           1  main_logic.o(.data)
    const_Mainlogic_InterfaceFlag            0x20000388   Data           1  main_logic.o(.data)
    State_Mainlogic_DWFAULTstate             0x20000389   Data           1  main_logic.o(.data)
    Count_Mainlogic_workingCondition         0x2000038a   Data           1  main_logic.o(.data)
    Flag_Mainlogic_croupmovecancel           0x2000038b   Data           1  main_logic.o(.data)
    Flag_Mainlogic_Groupcontorl              0x2000038c   Data           1  main_logic.o(.data)
    variant_Mainlogic_GroupMovenum           0x2000038d   Data           1  main_logic.o(.data)
    variant_Mainlogic_KeyValue               0x2000038f   Data           1  main_logic.o(.data)
    variant_Mainlogic_Qreturn                0x20000390   Data           1  main_logic.o(.data)
    variant_Mainlogic_Setting_subdirectory   0x20000391   Data           1  main_logic.o(.data)
    Group_head                               0x20000392   Data           1  main_logic.o(.data)
    Group_tail                               0x20000393   Data           1  main_logic.o(.data)
    _variant_Mainlogic_statement             0x20000396   Data           6  main_logic.o(.data)
    _unitSingalCMD                           0x2000039c   Data           6  main_logic.o(.data)
    _unitGroupCMD                            0x200003a2   Data           8  main_logic.o(.data)
    _variant_Interface_disp                  0x200003ac   Data           2  interface.o(.data)
    STOP_page                                0x200003b0   Data          48  interface.o(.data)
    default_page                             0x200003e0   Data          96  interface.o(.data)
    Singal_Controled_move                    0x200005b0   Data          40  interface.o(.data)
    Follow_Controled_move                    0x200005d8   Data          32  interface.o(.data)
    setting_GLOBAL_SET                       0x200005f8   Data         224  interface.o(.data)
    setting_SERVICE                          0x200006d8   Data          88  interface.o(.data)
    setting_DEFAULT_PARAMETERS               0x20000730   Data         168  interface.o(.data)
    setting_ADVANCING                        0x200007d8   Data         408  interface.o(.data)
    setting_GROUP_CHUTE_PUSH                 0x20000970   Data         120  interface.o(.data)
    setting_Telescopict                      0x200009e8   Data         152  interface.o(.data)
    setting_ChutePullMistspray               0x20000a80   Data         168  interface.o(.data)
    setting_NC                               0x20000b28   Data          32  interface.o(.data)
    setting_AUTOMATION                       0x20000b48   Data          56  interface.o(.data)
    setting_FAULT                            0x20000b80   Data         160  interface.o(.data)
    DeviceNum                                0x20000c90   Data           4  interface.o(.data)
    variant_Service_DeviceNum                0x20000c94   Data           1  interface.o(.data)
    variant_interface_Dive                   0x20000c95   Data           7  interface.o(.data)
    variant_interface_Grouptail              0x20000c9c   Data           4  interface.o(.data)
    variant_interface_Grouphead              0x20000ca0   Data           4  interface.o(.data)
    variant_interface_arrows                 0x20000ca4   Data           4  interface.o(.data)
    variant_interface_move                   0x20000ca8   Data           7  interface.o(.data)
    variant_Interface_SETTINGcursorLimit     0x20000caf   Data           1  interface.o(.data)
    variant_interface_Time                   0x20000cb0   Data           4  interface.o(.data)
    Count_interface_Refresh                  0x20000cb4   Data           1  interface.o(.data)
    array_Cansend_commandR                   0x20000cb5   Data           8  cansend.o(.data)
    array_Cansend_commandTLR                 0x20000cbd   Data           8  cansend.o(.data)
    const_Controled_InterfaceFlag            0x20000cc8   Data           1  controlded.o(.data)
    state_Controled_MoveFlag                 0x20000cc9   Data           1  controlded.o(.data)
    state_Controled_ContiueFlag              0x20000cca   Data           1  controlded.o(.data)
    variant_Controled_Movevaluecheak         0x20000ccb   Data           1  controlded.o(.data)
    bottomFlag                               0x20000ccc   Data           1  controlded.o(.data)
    count_Controled_D_R                      0x20000ccd   Data           1  controlded.o(.data)
    state_controlded_movetype                0x20000cce   Data           1  controlded.o(.data)
    up_send_flag                             0x20000ccf   Data           1  controlded.o(.data)
    time_controled_BOTTOM                    0x20000cd0   Data           4  controlded.o(.data)
    test_time                                0x20000cd4   Data           4  controlded.o(.data)
    Time_Controled_SingalmoveCheak           0x20000cd8   Data           4  controlded.o(.data)
    array_Controled_Reply                    0x20000cdc   Data           8  controlded.o(.data)
    uintCMD                                  0x20000ce4   Data           8  controlded.o(.data)
    upper_message                            0x20000cec   Data           8  controlded.o(.data)
    variant_BUS_continue                     0x20000cf4   Data           1  canreceive.o(.data)
    array_Canreceive_CanLRcmdR               0x20000cf5   Data           8  canreceive.o(.data)
    array_Canreceive_CanBUScmdR              0x20000cfd   Data           8  canreceive.o(.data)
    array_Canreceive_CanBUSinnerT            0x20000d05   Data           8  canreceive.o(.data)
    array_Canreceive_CanBUSreturnT           0x20000d0d   Data           8  canreceive.o(.data)
    variant_Canreceive_STATE                 0x20000d15   Data           1  canreceive.o(.data)
    Flag_Set_Passwd                          0x20000d16   Data           1  set.o(.data)
    Flag_Set_Save                            0x20000d18   Data           1  set.o(.data)
    variant_Set_Qreturn                      0x20000d19   Data           1  set.o(.data)
    const_Set_Passwd                         0x20000d1a   Data           2  set.o(.data)
    Structset_GlobalSet_MaxDeviceNum1_1      0x20000d1c   Data           6  set.o(.data)
    Structset_GlobalSet_minDeviceNum2_1      0x20000d22   Data           6  set.o(.data)
    Structset_GlobalSet_Settingtime3_1       0x20000d28   Data           6  set.o(.data)
    Structset_GlobalSet_Increase4_4          0x20000d2e   Data           6  set.o(.data)
    Structset_GlobalSet_Conswitch5_2         0x20000d34   Data           6  set.o(.data)
    Structset_GlobalSet_Conposition6_1       0x20000d3a   Data           6  set.o(.data)
    Structset_GlobalSet_PositionUpload7_2    0x20000d40   Data           6  set.o(.data)
    Structset_GlobalSet_Adjacentcheak8_2     0x20000d46   Data           6  set.o(.data)
    Structset_GlobalSet_AdjacentWarring9_2   0x20000d4c   Data           6  set.o(.data)
    Structset_GlobalSet_Adjacenttime10_1     0x20000d52   Data           6  set.o(.data)
    Structset_GlobalSet_BUSworkcheak11_2     0x20000d58   Data           6  set.o(.data)
    Structset_GlobalSet_BUSreport12_2        0x20000d5e   Data           6  set.o(.data)
    Structset_GlobalSet_BUScheakTime13_1     0x20000d64   Data           6  set.o(.data)
    Structset_Service_DeviceNum1_1           0x20000d6a   Data           6  set.o(.data)
    Structset_Service_Adjacentcorrelation2_2 0x20000d70   Data           6  set.o(.data)
    Structset_Service_RemoteCortrol3_2       0x20000d76   Data           6  set.o(.data)
    Structset_Default_Pressurecheak1_2       0x20000d7c   Data           6  set.o(.data)
    Structset_Default_Distancecheak2_2       0x20000d82   Data           6  set.o(.data)
    Structset_Default_Pushtime3_1            0x20000d88   Data           6  set.o(.data)
    Structset_Default_PressureLowlimt5_1     0x20000d8e   Data           6  set.o(.data)
    Structset_Default_PressureHighlimt6_1    0x20000d94   Data           6  set.o(.data)
    Structset_Default_aimPressure7_1         0x20000d9a   Data           6  set.o(.data)
    Structset_Default_StepuppressureTime8_1  0x20000da0   Data           6  set.o(.data)
    Structset_Default_StepuppressureGap9_1   0x20000da6   Data           6  set.o(.data)
    Structset_Default_Stepuppressuretimes10_1 0x20000dac   Data           6  set.o(.data)
    Structset_Framemove_Alarm2_2             0x20000db2   Data           6  set.o(.data)
    Structset_Framemove_AlarmTime3_1         0x20000db8   Data           6  set.o(.data)
    Structset_Framemove_movePressure4_1      0x20000dbe   Data           6  set.o(.data)
    Structset_Framemove_TransPressure5_1     0x20000dc4   Data           6  set.o(.data)
    Structset_Framemove_SupportPressure6_1   0x20000dca   Data           6  set.o(.data)
    Structset_Framemove_TelescopictMove7_2   0x20000dd0   Data           6  set.o(.data)
    Structset_Framemove_PlateMove8_2         0x20000dd6   Data           6  set.o(.data)
    Structset_Framemove_ColumndownDelay9_1   0x20000ddc   Data           6  set.o(.data)
    Structset_Framemove_ColumndownTime10_1   0x20000de2   Data           6  set.o(.data)
    Structset_Framemove_ColumndownBalanceaction11_2 0x20000de8   Data           6  set.o(.data)
    Structset_Framemove_Columndownsideplate12_2 0x20000dee   Data           6  set.o(.data)
    Structset_Framemove_DcolumnAgainFrequency13_1 0x20000df4   Data           6  set.o(.data)
    Structset_Framemove_BmttomUP14_2         0x20000dfa   Data           6  set.o(.data)
    Structset_Framemove_AdvancTime16_1       0x20000e00   Data           6  set.o(.data)
    Structset_Framemove_Advancsideplate17_2  0x20000e06   Data           6  set.o(.data)
    Structset_Framemove_AdvancagainTime18_1  0x20000e0c   Data           6  set.o(.data)
    Structset_Framemove_ColumnUPtime19_1     0x20000e12   Data           6  set.o(.data)
    Structset_Framemove_ColumnUPBalanceaction20_2 0x20000e18   Data           6  set.o(.data)
    Structset_Framemove_ColumnUPsideplatew21_2 0x20000e1e   Data           6  set.o(.data)
    Structset_Framemove_Spray22_2            0x20000e24   Data           6  set.o(.data)
    Structset_Framemove_SprayTime23_1        0x20000e2a   Data           6  set.o(.data)
    Structset_Framemove_GroupSeparatedNum24_1 0x20000e30   Data           6  set.o(.data)
    Structset_Framemove_GroupRange25_1       0x20000e36   Data           6  set.o(.data)
    Structset_ChutePush_time2_1              0x20000e3c   Data           6  set.o(.data)
    Structset_ChutePush_Pressure4_1          0x20000e42   Data           6  set.o(.data)
    Structset_ChutePush_GroupSeparatedNum6_1 0x20000e48   Data           6  set.o(.data)
    Structset_ChutePush_GroupRange7_1        0x20000e4e   Data           6  set.o(.data)
    Structset_Telescopict_StretchTime2_1     0x20000e54   Data           6  set.o(.data)
    Structset_Telescopict_ShrinkTime3_1      0x20000e5a   Data           6  set.o(.data)
    Structset_Telescopict_DcolumnTime4_1     0x20000e60   Data           6  set.o(.data)
    Structset_Telescopict_Separatednum5_1    0x20000e66   Data           6  set.o(.data)
    Structset_Telescopict_Range6_1           0x20000e6c   Data           6  set.o(.data)
    Structset_PLATE_StretchTime8_1           0x20000e72   Data           6  set.o(.data)
    Structset_PLATE_ShrinkTime9_1            0x20000e78   Data           6  set.o(.data)
    Structset_ChutePull_time2_1              0x20000e7e   Data           6  set.o(.data)
    Structset_ChutePull_aimDistance3_1       0x20000e84   Data           6  set.o(.data)
    Structset_ChutePull_Pressure4_1          0x20000e8a   Data           6  set.o(.data)
    Structset_ChutePull_GroupSeparatedNum5_1 0x20000e90   Data           6  set.o(.data)
    Structset_ChutePull_GroupRange6_1        0x20000e96   Data           6  set.o(.data)
    Structset_Mistspray_SeparatedNum8_1      0x20000e9c   Data           6  set.o(.data)
    Structset_Mistspray_Range9_1             0x20000ea2   Data           6  set.o(.data)
    Structset_Mistspray_Time10_1             0x20000ea8   Data           6  set.o(.data)
    Structset_Follow_Head1_1                 0x20000eae   Data           6  set.o(.data)
    Structset_Follow_Tail2_1                 0x20000eb4   Data           6  set.o(.data)
    Structset_Framemove_Forbiden1_3          0x20000eba   Data           7  set.o(.data)
    Structset_ChutePush_Forbiden1_3          0x20000ec1   Data           7  set.o(.data)
    Structset_Telescopict_Forbiden1_3        0x20000ec8   Data           7  set.o(.data)
    Structset_PLATE_Forbiden7_3              0x20000ecf   Data           7  set.o(.data)
    Structset_ChutePull_Forbiden1_3          0x20000ed6   Data           7  set.o(.data)
    Structset_Mistspray_Forbiden7_3          0x20000edd   Data           7  set.o(.data)
    Structset_Fault_Lcommunicate1_5          0x20000ee4   Data           7  set.o(.data)
    Structset_Fault_Rcommunicate2_5          0x20000eeb   Data           7  set.o(.data)
    Structset_Fault_BUScommunicate3_5        0x20000ef2   Data           7  set.o(.data)
    Structset_Fault_PressureStepup4_5        0x20000ef9   Data           7  set.o(.data)
    Structset_Fault_Sensorpressure5_5        0x20000f00   Data           7  set.o(.data)
    Structset_Fault_Sensordistance6_5        0x20000f07   Data           7  set.o(.data)
    Structset_Fault_Sensorangel7_5           0x20000f0e   Data           7  set.o(.data)
    Structset_Fault_Receiver8_5              0x20000f15   Data           7  set.o(.data)
    Structset_Fault_Driver9_5                0x20000f1c   Data           7  set.o(.data)
    Structset16_Default_Pushdistance4_1      0x20000f24   Data           8  set.o(.data)
    Structset16_Framemove_Advancaim15_1      0x20000f2c   Data           8  set.o(.data)
    Structset16_ChutePush_aimDistance3_1     0x20000f34   Data           8  set.o(.data)
    Structset16_ChutePush_Maximumdifference5_1 0x20000f3c   Data           8  set.o(.data)
    FLAG_drvusart_romatecontrol              0x20000f44   Data           1  drv_usart.o(.data)
    array_drvusart_bufT                      0x20000f45   Data          20  drv_usart.o(.data)
    state_Follow_movememory                  0x20000f5d   Data           1  follow.o(.data)
    array_FOLLOW_moveCMD                     0x20000f5e   Data           8  follow.o(.data)
    variant_Follow_Cutterposition            0x20000f66   Data           1  follow.o(.data)
    array_Follow_Cutterposition              0x20000f67   Data           4  follow.o(.data)
    variant_Follow_Cutterderction            0x20000f6b   Data           1  follow.o(.data)
    array_Follow_Cutterderction              0x20000f6c   Data           5  follow.o(.data)
    uwTickFreq                               0x20000f74   Data           1  stm32f4xx_hal.o(.data)
    uwTickPrio                               0x20000f78   Data           4  stm32f4xx_hal.o(.data)
    uwTick                                   0x20000f7c   Data           4  stm32f4xx_hal.o(.data)
    SystemCoreClock                          0x20000f80   Data           4  system_stm32f4xx.o(.data)
    hadc1                                    0x20000f84   Data          72  main.o(.bss)
    hcan1                                    0x20000fcc   Data          40  main.o(.bss)
    hcan2                                    0x20000ff4   Data          40  main.o(.bss)
    hcan3                                    0x2000101c   Data          40  main.o(.bss)
    hiwdg                                    0x20001044   Data          12  main.o(.bss)
    hspi2                                    0x20001050   Data          88  main.o(.bss)
    htim1                                    0x200010a8   Data          72  main.o(.bss)
    huart7                                   0x200010f0   Data          68  main.o(.bss)
    huart2                                   0x20001134   Data          68  main.o(.bss)
    huart3                                   0x20001178   Data          68  main.o(.bss)
    huart6                                   0x200011bc   Data          68  main.o(.bss)
    hdma_uart7_rx                            0x20001200   Data          96  main.o(.bss)
    hdma_uart7_tx                            0x20001260   Data          96  main.o(.bss)
    hdma_usart2_rx                           0x200012c0   Data          96  main.o(.bss)
    hdma_usart2_tx                           0x20001320   Data          96  main.o(.bss)
    hdma_usart6_tx                           0x20001380   Data          96  main.o(.bss)
    hdma_usart6_rx                           0x200013e0   Data          96  main.o(.bss)
    CAN_TxHeader                             0x20001440   Data          24  bsp_ncv7356.o(.bss)
    CAN1_RxHeader                            0x20001458   Data          28  bsp_ncv7356.o(.bss)
    CAN2_RxHeader                            0x20001474   Data          28  bsp_ncv7356.o(.bss)
    CAN3_RxHeader                            0x20001490   Data          28  bsp_ncv7356.o(.bss)
    variant_Controled_driveCMD               0x200014ac   Data          10  bsp_485.o(.bss)
    variant_Controled_driveR                 0x200014b6   Data          10  bsp_485.o(.bss)
    TIM3_Handler                             0x200014c0   Data          72  time.o(.bss)
    FlashWriteBuffer                         0x20001508   Data         120  parameter_operation.o(.bss)
    FlashReadBuffer                          0x20001580   Data         120  parameter_operation.o(.bss)
    xQueueRegistry                           0x200015f8   Data          64  queue.o(.bss)
    array_adc_receive                        0x20009944   Data          12  sensor.o(.bss)
    array_Angel_receive                      0x20009950   Data          20  sensor.o(.bss)
    array_ADC_SelectJ                        0x20009964   Data          40  sensor.o(.bss)
    array_ADC_SelectD                        0x2000998c   Data          40  sensor.o(.bss)
    array_ADC_SelectP                        0x200099b4   Data          40  sensor.o(.bss)
    _sensor_distance                         0x200099dc   Data          10  sensor.o(.bss)
    _sensor_pressure                         0x200099e6   Data          10  sensor.o(.bss)
    _sensor_Connectingrod_angle              0x200099f0   Data          10  sensor.o(.bss)
    _sensor_canopy_angle                     0x200099fa   Data          10  sensor.o(.bss)
    _sensor_Plate_angle                      0x20009a04   Data          10  sensor.o(.bss)
    variant_interface_SingalMove             0x20009a0e   Data          11  interface.o(.bss)
    variant_interface_SingalLR               0x20009a19   Data           9  interface.o(.bss)
    variant_interface_viewMes                0x20009a22   Data           9  interface.o(.bss)
    com                                      0x20009a2c   Data          72  drv_usart.o(.bss)
    array_drvusart_bufR                      0x20009a74   Data          20  drv_usart.o(.bss)
    pFlash                                   0x20009a88   Data          32  stm32f4xx_hal_flash.o(.bss)
    _random_number_data                      0x20009aa8   Data         228  rand.o(.bss)
    __libspace_start                         0x20009b8c   Data          96  libspace.o(.bss)
    __temporary_stack_top$libspace           0x20009bec   Data           0  libspace.o(.bss)



==============================================================================

Memory Map of the image

  Image Entry point : 0x080081d9

  Load Region LR_IROM1 (Base: 0x08008000, Size: 0x0001011c, Max: 0x00100000, ABSOLUTE, COMPRESSED[0x0000f760])

    Execution Region ER_IROM1 (Exec base: 0x08008000, Load base: 0x08008000, Size: 0x0000f198, Max: 0x00100000, ABSOLUTE)

    Exec Addr    Load Addr    Size         Type   Attr      Idx    E Section Name        Object

    0x08008000   0x08008000   0x000001d8   Data   RO            3    RESET               startup_stm32f413xx.o
    0x080081d8   0x080081d8   0x00000008   Code   RO         6717  * !!!main             c_w.l(__main.o)
    0x080081e0   0x080081e0   0x00000034   Code   RO         6901    !!!scatter          c_w.l(__scatter.o)
    0x08008214   0x08008214   0x00000064   Code   RO         6899    !!dclz77c           c_w.l(__dclz77c.o)
    0x08008278   0x08008278   0x0000001c   Code   RO         6903    !!handler_zi        c_w.l(__scatter_zi.o)
    0x08008294   0x08008294   0x00000000   Code   RO         6699    .ARM.Collect$$_printf_percent$$00000000  c_w.l(_printf_percent.o)
    0x08008294   0x08008294   0x00000006   Code   RO         6698    .ARM.Collect$$_printf_percent$$00000009  c_w.l(_printf_d.o)
    0x0800829a   0x0800829a   0x00000004   Code   RO         6730    .ARM.Collect$$_printf_percent$$00000017  c_w.l(_printf_percent_end.o)
    0x0800829e   0x0800829e   0x00000002   Code   RO         6820    .ARM.Collect$$libinit$$00000000  c_w.l(libinit.o)
    0x080082a0   0x080082a0   0x00000004   Code   RO         6735    .ARM.Collect$$libinit$$00000001  c_w.l(libinit2.o)
    0x080082a4   0x080082a4   0x00000000   Code   RO         6738    .ARM.Collect$$libinit$$00000004  c_w.l(libinit2.o)
    0x080082a4   0x080082a4   0x00000000   Code   RO         6741    .ARM.Collect$$libinit$$0000000A  c_w.l(libinit2.o)
    0x080082a4   0x080082a4   0x00000000   Code   RO         6743    .ARM.Collect$$libinit$$0000000C  c_w.l(libinit2.o)
    0x080082a4   0x080082a4   0x00000004   Code   RO         6744    .ARM.Collect$$libinit$$0000000D  c_w.l(libinit2.o)
    0x080082a8   0x080082a8   0x00000000   Code   RO         6745    .ARM.Collect$$libinit$$0000000E  c_w.l(libinit2.o)
    0x080082a8   0x080082a8   0x00000000   Code   RO         6748    .ARM.Collect$$libinit$$00000011  c_w.l(libinit2.o)
    0x080082a8   0x080082a8   0x00000000   Code   RO         6750    .ARM.Collect$$libinit$$00000013  c_w.l(libinit2.o)
    0x080082a8   0x080082a8   0x00000000   Code   RO         6752    .ARM.Collect$$libinit$$00000015  c_w.l(libinit2.o)
    0x080082a8   0x080082a8   0x00000000   Code   RO         6754    .ARM.Collect$$libinit$$00000017  c_w.l(libinit2.o)
    0x080082a8   0x080082a8   0x00000000   Code   RO         6756    .ARM.Collect$$libinit$$00000019  c_w.l(libinit2.o)
    0x080082a8   0x080082a8   0x00000000   Code   RO         6758    .ARM.Collect$$libinit$$0000001B  c_w.l(libinit2.o)
    0x080082a8   0x080082a8   0x00000000   Code   RO         6760    .ARM.Collect$$libinit$$0000001D  c_w.l(libinit2.o)
    0x080082a8   0x080082a8   0x00000000   Code   RO         6762    .ARM.Collect$$libinit$$0000001F  c_w.l(libinit2.o)
    0x080082a8   0x080082a8   0x00000000   Code   RO         6764    .ARM.Collect$$libinit$$00000021  c_w.l(libinit2.o)
    0x080082a8   0x080082a8   0x00000000   Code   RO         6766    .ARM.Collect$$libinit$$00000023  c_w.l(libinit2.o)
    0x080082a8   0x080082a8   0x00000000   Code   RO         6768    .ARM.Collect$$libinit$$00000025  c_w.l(libinit2.o)
    0x080082a8   0x080082a8   0x00000000   Code   RO         6772    .ARM.Collect$$libinit$$0000002C  c_w.l(libinit2.o)
    0x080082a8   0x080082a8   0x00000000   Code   RO         6774    .ARM.Collect$$libinit$$0000002E  c_w.l(libinit2.o)
    0x080082a8   0x080082a8   0x00000000   Code   RO         6776    .ARM.Collect$$libinit$$00000030  c_w.l(libinit2.o)
    0x080082a8   0x080082a8   0x00000000   Code   RO         6778    .ARM.Collect$$libinit$$00000032  c_w.l(libinit2.o)
    0x080082a8   0x080082a8   0x00000002   Code   RO         6779    .ARM.Collect$$libinit$$00000033  c_w.l(libinit2.o)
    0x080082aa   0x080082aa   0x00000002   Code   RO         6864    .ARM.Collect$$libshutdown$$00000000  c_w.l(libshutdown.o)
    0x080082ac   0x080082ac   0x00000000   Code   RO         6880    .ARM.Collect$$libshutdown$$00000002  c_w.l(libshutdown2.o)
    0x080082ac   0x080082ac   0x00000000   Code   RO         6882    .ARM.Collect$$libshutdown$$00000004  c_w.l(libshutdown2.o)
    0x080082ac   0x080082ac   0x00000000   Code   RO         6884    .ARM.Collect$$libshutdown$$00000006  c_w.l(libshutdown2.o)
    0x080082ac   0x080082ac   0x00000000   Code   RO         6887    .ARM.Collect$$libshutdown$$00000009  c_w.l(libshutdown2.o)
    0x080082ac   0x080082ac   0x00000000   Code   RO         6890    .ARM.Collect$$libshutdown$$0000000C  c_w.l(libshutdown2.o)
    0x080082ac   0x080082ac   0x00000000   Code   RO         6892    .ARM.Collect$$libshutdown$$0000000E  c_w.l(libshutdown2.o)
    0x080082ac   0x080082ac   0x00000000   Code   RO         6895    .ARM.Collect$$libshutdown$$00000011  c_w.l(libshutdown2.o)
    0x080082ac   0x080082ac   0x00000002   Code   RO         6896    .ARM.Collect$$libshutdown$$00000012  c_w.l(libshutdown2.o)
    0x080082ae   0x080082ae   0x00000000   Code   RO         6719    .ARM.Collect$$rtentry$$00000000  c_w.l(__rtentry.o)
    0x080082ae   0x080082ae   0x00000000   Code   RO         6781    .ARM.Collect$$rtentry$$00000002  c_w.l(__rtentry2.o)
    0x080082ae   0x080082ae   0x00000006   Code   RO         6793    .ARM.Collect$$rtentry$$00000004  c_w.l(__rtentry4.o)
    0x080082b4   0x080082b4   0x00000000   Code   RO         6783    .ARM.Collect$$rtentry$$00000009  c_w.l(__rtentry2.o)
    0x080082b4   0x080082b4   0x00000004   Code   RO         6784    .ARM.Collect$$rtentry$$0000000A  c_w.l(__rtentry2.o)
    0x080082b8   0x080082b8   0x00000000   Code   RO         6786    .ARM.Collect$$rtentry$$0000000C  c_w.l(__rtentry2.o)
    0x080082b8   0x080082b8   0x00000008   Code   RO         6787    .ARM.Collect$$rtentry$$0000000D  c_w.l(__rtentry2.o)
    0x080082c0   0x080082c0   0x00000002   Code   RO         6826    .ARM.Collect$$rtexit$$00000000  c_w.l(rtexit.o)
    0x080082c2   0x080082c2   0x00000000   Code   RO         6846    .ARM.Collect$$rtexit$$00000002  c_w.l(rtexit2.o)
    0x080082c2   0x080082c2   0x00000004   Code   RO         6847    .ARM.Collect$$rtexit$$00000003  c_w.l(rtexit2.o)
    0x080082c6   0x080082c6   0x00000006   Code   RO         6848    .ARM.Collect$$rtexit$$00000004  c_w.l(rtexit2.o)
    0x080082cc   0x080082cc   0x000000be   Code   RO         2591    .emb_text           port.o
    0x0800838a   0x0800838a   0x00000002   PAD
    0x0800838c   0x0800838c   0x00000034   Code   RO         6700    .emb_text           c_w.l(rand.o)
    0x080083c0   0x080083c0   0x00000040   Code   RO            4    .text               startup_stm32f413xx.o
    0x08008400   0x08008400   0x000000ee   Code   RO         6668    .text               c_w.l(lludivv7m.o)
    0x080084ee   0x080084ee   0x00000002   PAD
    0x080084f0   0x080084f0   0x00000028   Code   RO         6672    .text               c_w.l(noretval__2sprintf.o)
    0x08008518   0x08008518   0x00000068   Code   RO         6674    .text               c_w.l(__printf.o)
    0x08008580   0x08008580   0x00000078   Code   RO         6676    .text               c_w.l(_printf_dec.o)
    0x080085f8   0x080085f8   0x0000003c   Code   RO         6701    .text               c_w.l(rand.o)
    0x08008634   0x08008634   0x00000048   Code   RO         6705    .text               c_w.l(strcpy.o)
    0x0800867c   0x0800867c   0x0000008a   Code   RO         6707    .text               c_w.l(rt_memcpy_v6.o)
    0x08008706   0x08008706   0x00000010   Code   RO         6711    .text               c_w.l(aeabi_memset.o)
    0x08008716   0x08008716   0x0000004e   Code   RO         6713    .text               c_w.l(rt_memclr_w.o)
    0x08008764   0x08008764   0x00000006   Code   RO         6715    .text               c_w.l(heapauxi.o)
    0x0800876a   0x0800876a   0x000000b2   Code   RO         6724    .text               c_w.l(_printf_intcommon.o)
    0x0800881c   0x0800881c   0x00000030   Code   RO         6726    .text               c_w.l(_printf_char_common.o)
    0x0800884c   0x0800884c   0x0000000a   Code   RO         6728    .text               c_w.l(_sputc.o)
    0x08008856   0x08008856   0x00000064   Code   RO         6731    .text               c_w.l(rt_memcpy_w.o)
    0x080088ba   0x080088ba   0x00000044   Code   RO         6733    .text               c_w.l(rt_memclr.o)
    0x080088fe   0x080088fe   0x0000004a   Code   RO         6803    .text               c_w.l(sys_stackheap_outer.o)
    0x08008948   0x08008948   0x00000012   Code   RO         6805    .text               c_w.l(exit.o)
    0x0800895a   0x0800895a   0x00000002   PAD
    0x0800895c   0x0800895c   0x00000008   Code   RO         6823    .text               c_w.l(libspace.o)
    0x08008964   0x08008964   0x0000000c   Code   RO         6840    .text               c_w.l(sys_exit.o)
    0x08008970   0x08008970   0x00000002   Code   RO         6842    .text               c_w.l(use_no_semi.o)
    0x08008972   0x08008972   0x00000000   Code   RO         6844    .text               c_w.l(indicate_semi.o)
    0x08008972   0x08008972   0x00000002   PAD
    0x08008974   0x08008974   0x00000128   Code   RO         3240    i.ADC_Init          stm32f4xx_hal_adc.o
    0x08008a9c   0x08008a9c   0x00000006   Code   RO           13    i.Abrupt_Stop_Task  main.o
    0x08008aa2   0x08008aa2   0x00000002   PAD
    0x08008aa4   0x08008aa4   0x000003d8   Code   RO           14    i.Abrupt_Stop_function  main.o
    0x08008e7c   0x08008e7c   0x0000040c   Code   RO           15    i.AppTaskCreate     main.o
    0x08009288   0x08009288   0x00000278   Code   RO         2958    i.BUScan_Reveice_Fuction  canreceive.o
    0x08009500   0x08009500   0x00000002   Code   RO          436    i.BusFault_Handler  stm32f4xx_it.o
    0x08009502   0x08009502   0x00000002   PAD
    0x08009504   0x08009504   0x0000000c   Code   RO          437    i.CAN1_RX0_IRQHandler  stm32f4xx_it.o
    0x08009510   0x08009510   0x0000000c   Code   RO          438    i.CAN2_RX1_IRQHandler  stm32f4xx_it.o
    0x0800951c   0x0800951c   0x0000000c   Code   RO          439    i.CAN3_RX0_IRQHandler  stm32f4xx_it.o
    0x08009528   0x08009528   0x00000010   Code   RO           16    i.CAN_Bus_Receive_Task  main.o
    0x08009538   0x08009538   0x000000a4   Code   RO          896    i.CAN_Config        bsp_ncv7356.o
    0x080095dc   0x080095dc   0x00000020   Code   RO           17    i.CAN_Receive_Task  main.o
    0x080095fc   0x080095fc   0x00000020   Code   RO           18    i.CAN_Send_Task     main.o
    0x0800961c   0x0800961c   0x00000088   Code   RO          897    i.CANx_SendNormalData  bsp_ncv7356.o
    0x080096a4   0x080096a4   0x00000038   Code   RO          681    i.CH450_Write       bsp_hd7279.o
    0x080096dc   0x080096dc   0x0000001c   Code   RO          683    i.CH450_buf_write   bsp_hd7279.o
    0x080096f8   0x080096f8   0x00000020   Code   RO          687    i.CH455_Key_Read    bsp_hd7279.o
    0x08009718   0x08009718   0x00000014   Code   RO          688    i.CH455_init        bsp_hd7279.o
    0x0800972c   0x0800972c   0x0000092c   Code   RO         2916    i.CMD_Control_Faction  controlded.o
    0x0800a058   0x0800a058   0x0000003c   Code   RO         1220    i.CRC16             bsp_485.o
    0x0800a094   0x0800a094   0x00000130   Code   RO         2870    i.Cansendfaction    cansend.o
    0x0800a1c4   0x0800a1c4   0x00000026   Code   RO          951    i.Clear_Screen      bsp_oled19264.o
    0x0800a1ea   0x0800a1ea   0x00000002   PAD
    0x0800a1ec   0x0800a1ec   0x0000000c   Code   RO          440    i.DMA1_Stream1_IRQHandler  stm32f4xx_it.o
    0x0800a1f8   0x0800a1f8   0x0000000c   Code   RO          441    i.DMA1_Stream3_IRQHandler  stm32f4xx_it.o
    0x0800a204   0x0800a204   0x0000000c   Code   RO          442    i.DMA1_Stream5_IRQHandler  stm32f4xx_it.o
    0x0800a210   0x0800a210   0x0000000c   Code   RO          443    i.DMA1_Stream6_IRQHandler  stm32f4xx_it.o
    0x0800a21c   0x0800a21c   0x0000000c   Code   RO          444    i.DMA2_Stream1_IRQHandler  stm32f4xx_it.o
    0x0800a228   0x0800a228   0x0000000c   Code   RO          445    i.DMA2_Stream6_IRQHandler  stm32f4xx_it.o
    0x0800a234   0x0800a234   0x00000028   Code   RO         4018    i.DMA_CalcBaseAndBitshift  stm32f4xx_hal_dma.o
    0x0800a25c   0x0800a25c   0x00000054   Code   RO         4019    i.DMA_CheckFifoParam  stm32f4xx_hal_dma.o
    0x0800a2b0   0x0800a2b0   0x00000028   Code   RO         4020    i.DMA_SetConfig     stm32f4xx_hal_dma.o
    0x0800a2d8   0x0800a2d8   0x00000002   Code   RO          446    i.DebugMon_Handler  stm32f4xx_it.o
    0x0800a2da   0x0800a2da   0x00000002   PAD
    0x0800a2dc   0x0800a2dc   0x00000094   Code   RO         3156    i.Display_Group_Movedirectionjudge  group.o
    0x0800a370   0x0800a370   0x0000009a   Code   RO          954    i.Display_String    bsp_oled19264.o
    0x0800a40a   0x0800a40a   0x000000c0   Code   RO          955    i.Display_String_Reverse  bsp_oled19264.o
    0x0800a4ca   0x0800a4ca   0x00000002   PAD
    0x0800a4cc   0x0800a4cc   0x00000158   Code   RO         2820    i.Display_context_show  interface.o
    0x0800a624   0x0800a624   0x00000006   Code   RO          447    i.EXTI3_IRQHandler  stm32f4xx_it.o
    0x0800a62a   0x0800a62a   0x00000004   Code   RO           19    i.Error_Handler     main.o
    0x0800a62e   0x0800a62e   0x00000002   PAD
    0x0800a630   0x0800a630   0x00000050   Code   RO         3809    i.FLASH_Erase_Sector  stm32f4xx_hal_flash_ex.o
    0x0800a680   0x0800a680   0x00000054   Code   RO         3810    i.FLASH_FlushCaches  stm32f4xx_hal_flash_ex.o
    0x0800a6d4   0x0800a6d4   0x00000028   Code   RO         3811    i.FLASH_MassErase   stm32f4xx_hal_flash_ex.o
    0x0800a6fc   0x0800a6fc   0x00000020   Code   RO         3691    i.FLASH_Program_Byte  stm32f4xx_hal_flash.o
    0x0800a71c   0x0800a71c   0x0000002c   Code   RO         3692    i.FLASH_Program_DoubleWord  stm32f4xx_hal_flash.o
    0x0800a748   0x0800a748   0x00000024   Code   RO         3693    i.FLASH_Program_HalfWord  stm32f4xx_hal_flash.o
    0x0800a76c   0x0800a76c   0x00000024   Code   RO         3694    i.FLASH_Program_Word  stm32f4xx_hal_flash.o
    0x0800a790   0x0800a790   0x0000007c   Code   RO         3695    i.FLASH_SetErrorCode  stm32f4xx_hal_flash.o
    0x0800a80c   0x0800a80c   0x00000050   Code   RO         3696    i.FLASH_WaitForLastOperation  stm32f4xx_hal_flash.o
    0x0800a85c   0x0800a85c   0x00000044   Code   RO         3196    i.Faction_Follow_UP  follow.o
    0x0800a8a0   0x0800a8a0   0x0000002c   Code   RO           20    i.Fault_State_Task  main.o
    0x0800a8cc   0x0800a8cc   0x00000006   Code   RO           21    i.Follow_Automation_Task  main.o
    0x0800a8d2   0x0800a8d2   0x00000002   PAD
    0x0800a8d4   0x0800a8d4   0x00000460   Code   RO         3197    i.Follow_move       follow.o
    0x0800ad34   0x0800ad34   0x000000e8   Code   RO         2671    i.Function_sonser_pcReported  sensor.o
    0x0800ae1c   0x0800ae1c   0x00000478   Code   RO         3157    i.Group_Move_Control  group.o
    0x0800b294   0x0800b294   0x0000005c   Code   RO         3158    i.Group_Pause_Count  group.o
    0x0800b2f0   0x0800b2f0   0x00000164   Code   RO         3242    i.HAL_ADC_ConfigChannel  stm32f4xx_hal_adc.o
    0x0800b454   0x0800b454   0x00000054   Code   RO         3251    i.HAL_ADC_Init      stm32f4xx_hal_adc.o
    0x0800b4a8   0x0800b4a8   0x00000060   Code   RO          598    i.HAL_ADC_MspInit   stm32f4xx_hal_msp.o
    0x0800b508   0x0800b508   0x000000aa   Code   RO         3255    i.HAL_ADC_PollForConversion  stm32f4xx_hal_adc.o
    0x0800b5b2   0x0800b5b2   0x00000002   PAD
    0x0800b5b4   0x0800b5b4   0x000000cc   Code   RO         3257    i.HAL_ADC_Start     stm32f4xx_hal_adc.o
    0x0800b680   0x0800b680   0x0000003c   Code   RO         3260    i.HAL_ADC_Stop      stm32f4xx_hal_adc.o
    0x0800b6bc   0x0800b6bc   0x00000024   Code   RO         4716    i.HAL_CAN_ActivateNotification  stm32f4xx_hal_can.o
    0x0800b6e0   0x0800b6e0   0x000000dc   Code   RO         4717    i.HAL_CAN_AddTxMessage  stm32f4xx_hal_can.o
    0x0800b7bc   0x0800b7bc   0x0000011c   Code   RO         4718    i.HAL_CAN_ConfigFilter  stm32f4xx_hal_can.o
    0x0800b8d8   0x0800b8d8   0x00000002   Code   RO         4721    i.HAL_CAN_ErrorCallback  stm32f4xx_hal_can.o
    0x0800b8da   0x0800b8da   0x000000e8   Code   RO         4724    i.HAL_CAN_GetRxMessage  stm32f4xx_hal_can.o
    0x0800b9c2   0x0800b9c2   0x0000002c   Code   RO         4726    i.HAL_CAN_GetTxMailboxesFreeLevel  stm32f4xx_hal_can.o
    0x0800b9ee   0x0800b9ee   0x000001fc   Code   RO         4728    i.HAL_CAN_IRQHandler  stm32f4xx_hal_can.o
    0x0800bbea   0x0800bbea   0x0000011a   Code   RO         4729    i.HAL_CAN_Init      stm32f4xx_hal_can.o
    0x0800bd04   0x0800bd04   0x0000011c   Code   RO          600    i.HAL_CAN_MspInit   stm32f4xx_hal_msp.o
    0x0800be20   0x0800be20   0x00000002   Code   RO         4736    i.HAL_CAN_RxFifo0FullCallback  stm32f4xx_hal_can.o
    0x0800be22   0x0800be22   0x00000002   PAD
    0x0800be24   0x0800be24   0x00000074   Code   RO          898    i.HAL_CAN_RxFifo0MsgPendingCallback  bsp_ncv7356.o
    0x0800be98   0x0800be98   0x00000002   Code   RO         4738    i.HAL_CAN_RxFifo1FullCallback  stm32f4xx_hal_can.o
    0x0800be9a   0x0800be9a   0x00000002   PAD
    0x0800be9c   0x0800be9c   0x00000084   Code   RO          899    i.HAL_CAN_RxFifo1MsgPendingCallback  bsp_ncv7356.o
    0x0800bf20   0x0800bf20   0x00000002   Code   RO         4740    i.HAL_CAN_SleepCallback  stm32f4xx_hal_can.o
    0x0800bf22   0x0800bf22   0x00000056   Code   RO         4741    i.HAL_CAN_Start     stm32f4xx_hal_can.o
    0x0800bf78   0x0800bf78   0x00000002   Code   RO         4743    i.HAL_CAN_TxMailbox0AbortCallback  stm32f4xx_hal_can.o
    0x0800bf7a   0x0800bf7a   0x00000002   Code   RO         4744    i.HAL_CAN_TxMailbox0CompleteCallback  stm32f4xx_hal_can.o
    0x0800bf7c   0x0800bf7c   0x00000002   Code   RO         4745    i.HAL_CAN_TxMailbox1AbortCallback  stm32f4xx_hal_can.o
    0x0800bf7e   0x0800bf7e   0x00000002   Code   RO         4746    i.HAL_CAN_TxMailbox1CompleteCallback  stm32f4xx_hal_can.o
    0x0800bf80   0x0800bf80   0x00000002   Code   RO         4747    i.HAL_CAN_TxMailbox2AbortCallback  stm32f4xx_hal_can.o
    0x0800bf82   0x0800bf82   0x00000002   Code   RO         4748    i.HAL_CAN_TxMailbox2CompleteCallback  stm32f4xx_hal_can.o
    0x0800bf84   0x0800bf84   0x00000002   Code   RO         4750    i.HAL_CAN_WakeUpFromRxMsgCallback  stm32f4xx_hal_can.o
    0x0800bf86   0x0800bf86   0x00000092   Code   RO         4021    i.HAL_DMA_Abort     stm32f4xx_hal_dma.o
    0x0800c018   0x0800c018   0x00000024   Code   RO         4022    i.HAL_DMA_Abort_IT  stm32f4xx_hal_dma.o
    0x0800c03c   0x0800c03c   0x00000006   Code   RO         4025    i.HAL_DMA_GetState  stm32f4xx_hal_dma.o
    0x0800c042   0x0800c042   0x00000002   PAD
    0x0800c044   0x0800c044   0x000001a0   Code   RO         4026    i.HAL_DMA_IRQHandler  stm32f4xx_hal_dma.o
    0x0800c1e4   0x0800c1e4   0x000000d4   Code   RO         4027    i.HAL_DMA_Init      stm32f4xx_hal_dma.o
    0x0800c2b8   0x0800c2b8   0x0000006e   Code   RO         4031    i.HAL_DMA_Start_IT  stm32f4xx_hal_dma.o
    0x0800c326   0x0800c326   0x00000002   PAD
    0x0800c328   0x0800c328   0x00000098   Code   RO         3814    i.HAL_FLASHEx_Erase  stm32f4xx_hal_flash_ex.o
    0x0800c3c0   0x0800c3c0   0x00000014   Code   RO         3700    i.HAL_FLASH_Lock    stm32f4xx_hal_flash.o
    0x0800c3d4   0x0800c3d4   0x0000007c   Code   RO         3705    i.HAL_FLASH_Program  stm32f4xx_hal_flash.o
    0x0800c450   0x0800c450   0x0000002c   Code   RO         3707    i.HAL_FLASH_Unlock  stm32f4xx_hal_flash.o
    0x0800c47c   0x0800c47c   0x00000028   Code   RO          689    i.HAL_GPIO_EXTI_Callback  bsp_hd7279.o
    0x0800c4a4   0x0800c4a4   0x00000018   Code   RO         3913    i.HAL_GPIO_EXTI_IRQHandler  stm32f4xx_hal_gpio.o
    0x0800c4bc   0x0800c4bc   0x000001c0   Code   RO         3914    i.HAL_GPIO_Init     stm32f4xx_hal_gpio.o
    0x0800c67c   0x0800c67c   0x0000000a   Code   RO         3916    i.HAL_GPIO_ReadPin  stm32f4xx_hal_gpio.o
    0x0800c686   0x0800c686   0x00000010   Code   RO         3917    i.HAL_GPIO_TogglePin  stm32f4xx_hal_gpio.o
    0x0800c696   0x0800c696   0x0000000a   Code   RO         3918    i.HAL_GPIO_WritePin  stm32f4xx_hal_gpio.o
    0x0800c6a0   0x0800c6a0   0x0000000c   Code   RO         4470    i.HAL_GetTick       stm32f4xx_hal.o
    0x0800c6ac   0x0800c6ac   0x00000058   Code   RO         4949    i.HAL_IWDG_Init     stm32f4xx_hal_iwdg.o
    0x0800c704   0x0800c704   0x0000000c   Code   RO         4950    i.HAL_IWDG_Refresh  stm32f4xx_hal_iwdg.o
    0x0800c710   0x0800c710   0x00000010   Code   RO         4476    i.HAL_IncTick       stm32f4xx_hal.o
    0x0800c720   0x0800c720   0x00000034   Code   RO         4477    i.HAL_Init          stm32f4xx_hal.o
    0x0800c754   0x0800c754   0x00000040   Code   RO         4478    i.HAL_InitTick      stm32f4xx_hal.o
    0x0800c794   0x0800c794   0x00000030   Code   RO          601    i.HAL_MspInit       stm32f4xx_hal_msp.o
    0x0800c7c4   0x0800c7c4   0x0000001a   Code   RO         4327    i.HAL_NVIC_EnableIRQ  stm32f4xx_hal_cortex.o
    0x0800c7de   0x0800c7de   0x00000002   PAD
    0x0800c7e0   0x0800c7e0   0x00000040   Code   RO         4333    i.HAL_NVIC_SetPriority  stm32f4xx_hal_cortex.o
    0x0800c820   0x0800c820   0x00000024   Code   RO         4334    i.HAL_NVIC_SetPriorityGrouping  stm32f4xx_hal_cortex.o
    0x0800c844   0x0800c844   0x00000134   Code   RO         3518    i.HAL_RCC_ClockConfig  stm32f4xx_hal_rcc.o
    0x0800c978   0x0800c978   0x00000020   Code   RO         3525    i.HAL_RCC_GetPCLK1Freq  stm32f4xx_hal_rcc.o
    0x0800c998   0x0800c998   0x00000020   Code   RO         3526    i.HAL_RCC_GetPCLK2Freq  stm32f4xx_hal_rcc.o
    0x0800c9b8   0x0800c9b8   0x00000060   Code   RO         3527    i.HAL_RCC_GetSysClockFreq  stm32f4xx_hal_rcc.o
    0x0800ca18   0x0800ca18   0x0000036c   Code   RO         3627    i.HAL_RCC_OscConfig  stm32f4xx_hal_rcc_ex.o
    0x0800cd84   0x0800cd84   0x00000002   Code   RO         4986    i.HAL_SPI_ErrorCallback  stm32f4xx_hal_spi.o
    0x0800cd86   0x0800cd86   0x00000002   PAD
    0x0800cd88   0x0800cd88   0x000000fc   Code   RO         4989    i.HAL_SPI_IRQHandler  stm32f4xx_hal_spi.o
    0x0800ce84   0x0800ce84   0x000000bc   Code   RO         4990    i.HAL_SPI_Init      stm32f4xx_hal_spi.o
    0x0800cf40   0x0800cf40   0x000000c8   Code   RO          603    i.HAL_SPI_MspInit   stm32f4xx_hal_msp.o
    0x0800d008   0x0800d008   0x00000028   Code   RO         4338    i.HAL_SYSTICK_Config  stm32f4xx_hal_cortex.o
    0x0800d030   0x0800d030   0x00000002   Code   RO         6007    i.HAL_TIMEx_BreakCallback  stm32f4xx_hal_tim_ex.o
    0x0800d032   0x0800d032   0x00000002   Code   RO         6008    i.HAL_TIMEx_CommutCallback  stm32f4xx_hal_tim_ex.o
    0x0800d034   0x0800d034   0x00000090   Code   RO         6026    i.HAL_TIMEx_MasterConfigSynchronization  stm32f4xx_hal_tim_ex.o
    0x0800d0c4   0x0800d0c4   0x0000005a   Code   RO         5303    i.HAL_TIM_Base_Init  stm32f4xx_hal_tim.o
    0x0800d11e   0x0800d11e   0x00000002   PAD
    0x0800d120   0x0800d120   0x0000004c   Code   RO          605    i.HAL_TIM_Base_MspInit  stm32f4xx_hal_msp.o
    0x0800d16c   0x0800d16c   0x000000dc   Code   RO         5312    i.HAL_TIM_ConfigClockSource  stm32f4xx_hal_tim.o
    0x0800d248   0x0800d248   0x00000002   Code   RO         5337    i.HAL_TIM_IC_CaptureCallback  stm32f4xx_hal_tim.o
    0x0800d24a   0x0800d24a   0x00000166   Code   RO         5351    i.HAL_TIM_IRQHandler  stm32f4xx_hal_tim.o
    0x0800d3b0   0x0800d3b0   0x00000002   Code   RO         5354    i.HAL_TIM_OC_DelayElapsedCallback  stm32f4xx_hal_tim.o
    0x0800d3b2   0x0800d3b2   0x00000002   Code   RO         5381    i.HAL_TIM_PWM_PulseFinishedCallback  stm32f4xx_hal_tim.o
    0x0800d3b4   0x0800d3b4   0x0000000c   Code   RO         1309    i.HAL_TIM_PeriodElapsedCallback  time.o
    0x0800d3c0   0x0800d3c0   0x00000002   Code   RO         5394    i.HAL_TIM_TriggerCallback  stm32f4xx_hal_tim.o
    0x0800d3c2   0x0800d3c2   0x00000002   Code   RO         6285    i.HAL_UARTEx_RxEventCallback  stm32f4xx_hal_uart.o
    0x0800d3c4   0x0800d3c4   0x00000070   Code   RO         6297    i.HAL_UART_DMAStop  stm32f4xx_hal_uart.o
    0x0800d434   0x0800d434   0x00000002   Code   RO         6299    i.HAL_UART_ErrorCallback  stm32f4xx_hal_uart.o
    0x0800d436   0x0800d436   0x00000002   PAD
    0x0800d438   0x0800d438   0x00000268   Code   RO         6302    i.HAL_UART_IRQHandler  stm32f4xx_hal_uart.o
    0x0800d6a0   0x0800d6a0   0x00000062   Code   RO         6303    i.HAL_UART_Init     stm32f4xx_hal_uart.o
    0x0800d702   0x0800d702   0x00000002   PAD
    0x0800d704   0x0800d704   0x000002d8   Code   RO          607    i.HAL_UART_MspInit  stm32f4xx_hal_msp.o
    0x0800d9dc   0x0800d9dc   0x000000c4   Code   RO         6306    i.HAL_UART_Receive  stm32f4xx_hal_uart.o
    0x0800daa0   0x0800daa0   0x0000002a   Code   RO         6307    i.HAL_UART_Receive_DMA  stm32f4xx_hal_uart.o
    0x0800daca   0x0800daca   0x0000002a   Code   RO         6308    i.HAL_UART_Receive_IT  stm32f4xx_hal_uart.o
    0x0800daf4   0x0800daf4   0x0000006c   Code   RO         1221    i.HAL_UART_RxCpltCallback  bsp_485.o
    0x0800db60   0x0800db60   0x00000002   Code   RO         6310    i.HAL_UART_RxHalfCpltCallback  stm32f4xx_hal_uart.o
    0x0800db62   0x0800db62   0x00000002   PAD
    0x0800db64   0x0800db64   0x0000008c   Code   RO         6312    i.HAL_UART_Transmit_DMA  stm32f4xx_hal_uart.o
    0x0800dbf0   0x0800dbf0   0x00000020   Code   RO         1222    i.HAL_UART_TxCpltCallback  bsp_485.o
    0x0800dc10   0x0800dc10   0x00000002   Code   RO         6315    i.HAL_UART_TxHalfCpltCallback  stm32f4xx_hal_uart.o
    0x0800dc12   0x0800dc12   0x00000002   Code   RO          448    i.HardFault_Handler  stm32f4xx_it.o
    0x0800dc14   0x0800dc14   0x00000064   Code   RO          956    i.I2C_SendByte      bsp_oled19264.o
    0x0800dc78   0x0800dc78   0x00000044   Code   RO          957    i.I2C_Start         bsp_oled19264.o
    0x0800dcbc   0x0800dcbc   0x00000048   Code   RO          958    i.I2C_Stop          bsp_oled19264.o
    0x0800dd04   0x0800dd04   0x00000050   Code   RO          959    i.I2C_WaitAck       bsp_oled19264.o
    0x0800dd54   0x0800dd54   0x00000044   Code   RO          690    i.IIC_Ack           bsp_hd7279.o
    0x0800dd98   0x0800dd98   0x00000044   Code   RO          691    i.IIC_NAck          bsp_hd7279.o
    0x0800dddc   0x0800dddc   0x00000068   Code   RO          692    i.IIC_Read_Byte     bsp_hd7279.o
    0x0800de44   0x0800de44   0x00000064   Code   RO          693    i.IIC_Send_Byte     bsp_hd7279.o
    0x0800dea8   0x0800dea8   0x00000044   Code   RO          694    i.IIC_Start         bsp_hd7279.o
    0x0800deec   0x0800deec   0x00000048   Code   RO          695    i.IIC_Stop          bsp_hd7279.o
    0x0800df34   0x0800df34   0x00000060   Code   RO          696    i.IIC_Wait_Ack      bsp_hd7279.o
    0x0800df94   0x0800df94   0x0000004c   Code   RO         3001    i.Init_Set_Vlaue    set.o
    0x0800dfe0   0x0800dfe0   0x00000184   Code   RO         3002    i.Init_set_typeFuction  set.o
    0x0800e164   0x0800e164   0x000000fc   Code   RO           22    i.Interface_Mian_Logic_Task  main.o
    0x0800e260   0x0800e260   0x00000168   Code   RO         2821    i.Interface_Mian_Logic_View  interface.o
    0x0800e3c8   0x0800e3c8   0x00000074   Code   RO          827    i.LEDS_LIGHT        bsp_leds.o
    0x0800e43c   0x0800e43c   0x000000b4   Code   RO          697    i.LED_Management_Fanction  bsp_hd7279.o
    0x0800e4f0   0x0800e4f0   0x000000d4   Code   RO           23    i.LED_Task          main.o
    0x0800e5c4   0x0800e5c4   0x000005cc   Code   RO         2959    i.LRcan_Reveice_Fuction  canreceive.o
    0x0800eb90   0x0800eb90   0x0000003c   Code   RO          854    i.MCZ33996_INIT     bsp_mcz33996.o
    0x0800ebcc   0x0800ebcc   0x00000060   Code   RO          855    i.MCZ_SOFT_SPI_RW_MODE3  bsp_mcz33996.o
    0x0800ec2c   0x0800ec2c   0x0000000c   Code   RO           24    i.MOVE_Control_Task  main.o
    0x0800ec38   0x0800ec38   0x00000078   Code   RO         1223    i.MOVE_controled_Driver  bsp_485.o
    0x0800ecb0   0x0800ecb0   0x0000008c   Code   RO           25    i.MX_ADC1_Init      main.o
    0x0800ed3c   0x0800ed3c   0x00000040   Code   RO           26    i.MX_CAN1_Init      main.o
    0x0800ed7c   0x0800ed7c   0x00000040   Code   RO           27    i.MX_CAN2_Init      main.o
    0x0800edbc   0x0800edbc   0x00000040   Code   RO           28    i.MX_CAN3_Init      main.o
    0x0800edfc   0x0800edfc   0x0000008c   Code   RO           29    i.MX_DMA_Init       main.o
    0x0800ee88   0x0800ee88   0x000001d8   Code   RO           30    i.MX_GPIO_Init      main.o
    0x0800f060   0x0800f060   0x00000040   Code   RO           31    i.MX_SPI2_Init      main.o
    0x0800f0a0   0x0800f0a0   0x0000006c   Code   RO           32    i.MX_TIM1_Init      main.o
    0x0800f10c   0x0800f10c   0x00000010   Code   RO         2744    i.Main_Logic_Init   main_logic.o
    0x0800f11c   0x0800f11c   0x00000068   Code   RO         2745    i.Main_Logic_SingalMove  main_logic.o
    0x0800f184   0x0800f184   0x00000006   Code   RO           34    i.Main_Menu_Task    main.o
    0x0800f18a   0x0800f18a   0x00000002   PAD
    0x0800f18c   0x0800f18c   0x0000112c   Code   RO         2746    i.Main_logic        main_logic.o
    0x080102b8   0x080102b8   0x00000098   Code   RO         2747    i.Main_logic_STATEchose  main_logic.o
    0x08010350   0x08010350   0x00000002   Code   RO          449    i.MemManage_Handler  stm32f4xx_it.o
    0x08010352   0x08010352   0x00000002   Code   RO          450    i.NMI_Handler       stm32f4xx_it.o
    0x08010354   0x08010354   0x0000000c   Code   RO          960    i.OLED19264_Delay   bsp_oled19264.o
    0x08010360   0x08010360   0x000000b8   Code   RO          961    i.OLED19264_INIT    bsp_oled19264.o
    0x08010418   0x08010418   0x0000002e   Code   RO          963    i.OLED19264_WRITE_COMMAND  bsp_oled19264.o
    0x08010446   0x08010446   0x0000002e   Code   RO          964    i.OLED19264_WRITE_DATA  bsp_oled19264.o
    0x08010474   0x08010474   0x00000016   Code   RO          965    i.OLED_Delay        bsp_oled19264.o
    0x0801048a   0x0801048a   0x00000006   Code   RO          856    i.OPEN_MCZ33996_OUT  bsp_mcz33996.o
    0x08010490   0x08010490   0x00000300   Code   RO         1360    i.Parameter_delivery_R  parameter_operation.o
    0x08010790   0x08010790   0x00000588   Code   RO         1361    i.Parameter_delivery_S  parameter_operation.o
    0x08010d18   0x08010d18   0x0000013c   Code   RO         3003    i.PasswdInput_Set_Fun  set.o
    0x08010e54   0x08010e54   0x00000004   Code   RO          451    i.PendSV_Handler    stm32f4xx_it.o
    0x08010e58   0x08010e58   0x00000058   Code   RO         3078    i.Romate_connect    drv_usart.o
    0x08010eb0   0x08010eb0   0x00000330   Code   RO         3079    i.Romate_control_reception  drv_usart.o
    0x080111e0   0x080111e0   0x0000002c   Code   RO          698    i.SET_GPIO_MODE_INPUT  bsp_hd7279.o
    0x0801120c   0x0801120c   0x0000002c   Code   RO          699    i.SET_GPIO_MODE_OUTPUT  bsp_hd7279.o
    0x08011238   0x08011238   0x0000000c   Code   RO          452    i.SPI2_IRQHandler   stm32f4xx_it.o
    0x08011244   0x08011244   0x00000010   Code   RO         5017    i.SPI_DMAAbortOnError  stm32f4xx_hal_spi.o
    0x08011254   0x08011254   0x0000000c   Code   RO         1100    i.SPI_Delay         bsp_w25q128.o
    0x08011260   0x08011260   0x00000058   Code   RO         1101    i.SPI_FLASH_BufferRead  bsp_w25q128.o
    0x080112b8   0x080112b8   0x0000002c   Code   RO         1104    i.SPI_FLASH_Init    bsp_w25q128.o
    0x080112e4   0x080112e4   0x0000000a   Code   RO          857    i.SPI_MCZ_Delay     bsp_mcz33996.o
    0x080112ee   0x080112ee   0x00000002   PAD
    0x080112f0   0x080112f0   0x000000d4   Code   RO         1362    i.STMFLASH_GetFlashSector  parameter_operation.o
    0x080113c4   0x080113c4   0x00000014   Code   RO         1363    i.STMFLASH_Read     parameter_operation.o
    0x080113d8   0x080113d8   0x00000098   Code   RO         1365    i.STMFLASH_Write    parameter_operation.o
    0x08011470   0x08011470   0x00000004   Code   RO          453    i.SVC_Handler       stm32f4xx_it.o
    0x08011474   0x08011474   0x00000724   Code   RO         1366    i.SaveParaToFlash_ReadingFun  parameter_operation.o
    0x08011b98   0x08011b98   0x00000714   Code   RO         1367    i.SaveParaToFlash_WritingFun  parameter_operation.o
    0x080122ac   0x080122ac   0x00000018   Code   RO           35    i.Security_Msnagement_Task  main.o
    0x080122c4   0x080122c4   0x000000c8   Code   RO         2917    i.Security_controled_Single  controlded.o
    0x0801238c   0x0801238c   0x0000000c   Code   RO           36    i.Sensor_Receive_Task  main.o
    0x08012398   0x08012398   0x00000668   Code   RO         2672    i.Sensor_Receive_rfuc  sensor.o
    0x08012a00   0x08012a00   0x0000007c   Code   RO         1368    i.Serial_Number_delivery_S  parameter_operation.o
    0x08012a7c   0x08012a7c   0x00000154   Code   RO         3004    i.Set_Init_Para     set.o
    0x08012bd0   0x08012bd0   0x0000056c   Code   RO         3005    i.Set_Init_char     set.o
    0x0801313c   0x0801313c   0x000000fc   Code   RO         3006    i.Set_Para_to_char  set.o
    0x08013238   0x08013238   0x00000080   Code   RO         3007    i.Set_Para_to_char16  set.o
    0x080132b8   0x080132b8   0x0000099c   Code   RO         2748    i.Set_Prar_Change   main_logic.o
    0x08013c54   0x08013c54   0x00000340   Code   RO         3008    i.Set_Prar_Change_Input  set.o
    0x08013f94   0x08013f94   0x00000130   Code   RO         1369    i.Structset_GlobalSet_SynchronizationFun_R  parameter_operation.o
    0x080140c4   0x080140c4   0x000000b8   Code   RO         1370    i.Structset_GlobalSet_SynchronizationFun_S  parameter_operation.o
    0x0801417c   0x0801417c   0x00000018   Code   RO          454    i.SysTick_Handler   stm32f4xx_it.o
    0x08014194   0x08014194   0x00000098   Code   RO           37    i.SystemClock_Config  main.o
    0x0801422c   0x0801422c   0x0000001c   Code   RO         6632    i.SystemInit        system_stm32f4xx.o
    0x08014248   0x08014248   0x0000000c   Code   RO         1310    i.TIM3_IRQHandler   time.o
    0x08014254   0x08014254   0x000000c8   Code   RO         5396    i.TIM_Base_SetConfig  stm32f4xx_hal_tim.o
    0x0801431c   0x0801431c   0x00000014   Code   RO         5407    i.TIM_ETR_SetConfig  stm32f4xx_hal_tim.o
    0x08014330   0x08014330   0x00000010   Code   RO         5408    i.TIM_ITRx_SetConfig  stm32f4xx_hal_tim.o
    0x08014340   0x08014340   0x00000022   Code   RO         5414    i.TIM_TI1_ConfigInputStage  stm32f4xx_hal_tim.o
    0x08014362   0x08014362   0x00000024   Code   RO         5416    i.TIM_TI2_ConfigInputStage  stm32f4xx_hal_tim.o
    0x08014386   0x08014386   0x00000010   Code   RO         6316    i.UART_DMAAbortOnError  stm32f4xx_hal_uart.o
    0x08014396   0x08014396   0x0000004a   Code   RO         6317    i.UART_DMAError     stm32f4xx_hal_uart.o
    0x080143e0   0x080143e0   0x00000082   Code   RO         6318    i.UART_DMAReceiveCplt  stm32f4xx_hal_uart.o
    0x08014462   0x08014462   0x0000001a   Code   RO         6320    i.UART_DMARxHalfCplt  stm32f4xx_hal_uart.o
    0x0801447c   0x0801447c   0x00000042   Code   RO         6322    i.UART_DMATransmitCplt  stm32f4xx_hal_uart.o
    0x080144be   0x080144be   0x0000000a   Code   RO         6324    i.UART_DMATxHalfCplt  stm32f4xx_hal_uart.o
    0x080144c8   0x080144c8   0x0000004e   Code   RO         6326    i.UART_EndRxTransfer  stm32f4xx_hal_uart.o
    0x08014516   0x08014516   0x0000001c   Code   RO         6327    i.UART_EndTxTransfer  stm32f4xx_hal_uart.o
    0x08014532   0x08014532   0x000000c0   Code   RO         6328    i.UART_Receive_IT   stm32f4xx_hal_uart.o
    0x080145f2   0x080145f2   0x00000002   PAD
    0x080145f4   0x080145f4   0x00000120   Code   RO         6329    i.UART_SetConfig    stm32f4xx_hal_uart.o
    0x08014714   0x08014714   0x00000098   Code   RO         6330    i.UART_Start_Receive_DMA  stm32f4xx_hal_uart.o
    0x080147ac   0x080147ac   0x0000003a   Code   RO         6331    i.UART_Start_Receive_IT  stm32f4xx_hal_uart.o
    0x080147e6   0x080147e6   0x00000076   Code   RO         6332    i.UART_WaitOnFlagUntilTimeout  stm32f4xx_hal_uart.o
    0x0801485c   0x0801485c   0x00000018   Code   RO          455    i.USART2_IRQHandler  stm32f4xx_it.o
    0x08014874   0x08014874   0x00000018   Code   RO          456    i.USART6_IRQHandler  stm32f4xx_it.o
    0x0801488c   0x0801488c   0x00000006   Code   RO           38    i.Unite_Action_Task  main.o
    0x08014892   0x08014892   0x00000002   Code   RO          457    i.UsageFault_Handler  stm32f4xx_it.o
    0x08014894   0x08014894   0x00000070   Code   RO         1115    i.W25Q128_SOFT_SPI_RW_MODE3  bsp_w25q128.o
    0x08014904   0x08014904   0x00000020   Code   RO         4340    i.__NVIC_SetPriority  stm32f4xx_hal_cortex.o
    0x08014924   0x08014924   0x00000024   Code   RO         2960    i.__NVIC_SystemReset  canreceive.o
    0x08014948   0x08014948   0x0000002e   Code   RO         2674    i.angle_Function    sensor.o
    0x08014976   0x08014976   0x0000000c   Code   RO          700    i.delay_us          bsp_hd7279.o
    0x08014982   0x08014982   0x00000034   Code   RO          967    i.display_graphic_16x16_cn  bsp_oled19264.o
    0x080149b6   0x080149b6   0x00000034   Code   RO          968    i.display_graphic_8x16_en  bsp_oled19264.o
    0x080149ea   0x080149ea   0x00000002   Code   RO         3080    i.hw_usart_callback  drv_usart.o
    0x080149ec   0x080149ec   0x000000ac   Code   RO         3081    i.hw_usart_register  drv_usart.o
    0x08014a98   0x08014a98   0x00000024   Code   RO          970    i.lcd_address       bsp_oled19264.o
    0x08014abc   0x08014abc   0x00000164   Code   RO           40    i.main              main.o
    0x08014c20   0x08014c20   0x00000070   Code   RO         2023    i.prvAddCurrentTaskToDelayedList  tasks.o
    0x08014c90   0x08014c90   0x000000d0   Code   RO         2024    i.prvAddNewTaskToReadyList  tasks.o
    0x08014d60   0x08014d60   0x00000050   Code   RO         2382    i.prvCheckForValidListAndQueue  timers.o
    0x08014db0   0x08014db0   0x00000026   Code   RO         1654    i.prvCopyDataFromQueue  queue.o
    0x08014dd6   0x08014dd6   0x0000006c   Code   RO         1655    i.prvCopyDataToQueue  queue.o
    0x08014e42   0x08014e42   0x00000014   Code   RO         2025    i.prvDeleteTCB      tasks.o
    0x08014e56   0x08014e56   0x00000002   PAD
    0x08014e58   0x08014e58   0x0000004c   Code   RO         2536    i.prvHeapInit       heap_4.o
    0x08014ea4   0x08014ea4   0x0000005c   Code   RO         2026    i.prvIdleTask       tasks.o
    0x08014f00   0x08014f00   0x000000aa   Code   RO         2027    i.prvInitialiseNewTask  tasks.o
    0x08014faa   0x08014faa   0x00000002   PAD
    0x08014fac   0x08014fac   0x0000004c   Code   RO         2537    i.prvInsertBlockIntoFreeList  heap_4.o
    0x08014ff8   0x08014ff8   0x00000038   Code   RO         2383    i.prvInsertTimerInActiveList  timers.o
    0x08015030   0x08015030   0x0000001a   Code   RO         1656    i.prvIsQueueEmpty   queue.o
    0x0801504a   0x0801504a   0x00000002   PAD
    0x0801504c   0x0801504c   0x000000fc   Code   RO         2384    i.prvProcessReceivedCommands  timers.o
    0x08015148   0x08015148   0x000000c0   Code   RO         2385    i.prvProcessTimerOrBlockTask  timers.o
    0x08015208   0x08015208   0x00000020   Code   RO         2029    i.prvResetNextTaskUnblockTime  tasks.o
    0x08015228   0x08015228   0x00000028   Code   RO         2386    i.prvSampleTimeNow  timers.o
    0x08015250   0x08015250   0x0000006c   Code   RO         2387    i.prvSwitchTimerLists  timers.o
    0x080152bc   0x080152bc   0x00000028   Code   RO         2592    i.prvTaskExitError  port.o
    0x080152e4   0x080152e4   0x00000034   Code   RO         2031    i.prvTaskIsTaskSuspended  tasks.o
    0x08015318   0x08015318   0x00000028   Code   RO         2388    i.prvTimerTask      timers.o
    0x08015340   0x08015340   0x0000006a   Code   RO         1657    i.prvUnlockQueue    queue.o
    0x080153aa   0x080153aa   0x00000002   PAD
    0x080153ac   0x080153ac   0x000000dc   Code   RO         2538    i.pvPortMalloc      heap_4.o
    0x08015488   0x08015488   0x0000002c   Code   RO         2593    i.pxPortInitialiseStack  port.o
    0x080154b4   0x080154b4   0x00000294   Code   RO         2675    i.sin_Function      sensor.o
    0x08015748   0x08015748   0x000000a0   Code   RO         3082    i.uart_callback_function  drv_usart.o
    0x080157e8   0x080157e8   0x0000002e   Code   RO         3084    i.uart_send         drv_usart.o
    0x08015816   0x08015816   0x00000002   PAD
    0x08015818   0x08015818   0x00000020   Code   RO         2676    i.usart7_niming_report  sensor.o
    0x08015838   0x08015838   0x00000014   Code   RO         2677    i.usart7_send_char  sensor.o
    0x0801584c   0x0801584c   0x00000026   Code   RO         1614    i.uxListRemove      list.o
    0x08015872   0x08015872   0x00000016   Code   RO         1615    i.vListInitialise   list.o
    0x08015888   0x08015888   0x00000006   Code   RO         1616    i.vListInitialiseItem  list.o
    0x0801588e   0x0801588e   0x00000030   Code   RO         1617    i.vListInsert       list.o
    0x080158be   0x080158be   0x00000018   Code   RO         1618    i.vListInsertEnd    list.o
    0x080158d6   0x080158d6   0x00000002   PAD
    0x080158d8   0x080158d8   0x00000040   Code   RO         2595    i.vPortEnterCritical  port.o
    0x08015918   0x08015918   0x00000028   Code   RO         2596    i.vPortExitCritical  port.o
    0x08015940   0x08015940   0x00000064   Code   RO         2539    i.vPortFree         heap_4.o
    0x080159a4   0x080159a4   0x00000024   Code   RO         2597    i.vPortSetupTimerInterrupt  port.o
    0x080159c8   0x080159c8   0x00000054   Code   RO         2598    i.vPortValidateInterruptPriority  port.o
    0x08015a1c   0x08015a1c   0x00000024   Code   RO         1663    i.vQueueAddToRegistry  queue.o
    0x08015a40   0x08015a40   0x00000044   Code   RO         1667    i.vQueueWaitForMessageRestricted  queue.o
    0x08015a84   0x08015a84   0x0000004c   Code   RO         2042    i.vTaskDelay        tasks.o
    0x08015ad0   0x08015ad0   0x000000ac   Code   RO         2044    i.vTaskDelete       tasks.o
    0x08015b7c   0x08015b7c   0x00000010   Code   RO         2047    i.vTaskInternalSetTimeOutState  tasks.o
    0x08015b8c   0x08015b8c   0x0000000c   Code   RO         2048    i.vTaskMissedYield  tasks.o
    0x08015b98   0x08015b98   0x00000030   Code   RO         2050    i.vTaskPlaceOnEventList  tasks.o
    0x08015bc8   0x08015bc8   0x00000038   Code   RO         2051    i.vTaskPlaceOnEventListRestricted  tasks.o
    0x08015c00   0x08015c00   0x0000007c   Code   RO         2056    i.vTaskResume       tasks.o
    0x08015c7c   0x08015c7c   0x00000070   Code   RO         2059    i.vTaskStartScheduler  tasks.o
    0x08015cec   0x08015cec   0x000000bc   Code   RO         2060    i.vTaskSuspend      tasks.o
    0x08015da8   0x08015da8   0x00000010   Code   RO         2061    i.vTaskSuspendAll   tasks.o
    0x08015db8   0x08015db8   0x0000005c   Code   RO         2062    i.vTaskSwitchContext  tasks.o
    0x08015e14   0x08015e14   0x000000f4   Code   RO         2599    i.xPortStartScheduler  port.o
    0x08015f08   0x08015f08   0x0000002c   Code   RO         2600    i.xPortSysTickHandler  port.o
    0x08015f34   0x08015f34   0x0000004c   Code   RO         1670    i.xQueueGenericCreate  queue.o
    0x08015f80   0x08015f80   0x00000088   Code   RO         1671    i.xQueueGenericReset  queue.o
    0x08016008   0x08016008   0x00000164   Code   RO         1672    i.xQueueGenericSend  queue.o
    0x0801616c   0x0801616c   0x000000be   Code   RO         1673    i.xQueueGenericSendFromISR  queue.o
    0x0801622a   0x0801622a   0x00000002   PAD
    0x0801622c   0x0801622c   0x00000138   Code   RO         1682    i.xQueueReceive     queue.o
    0x08016364   0x08016364   0x00000074   Code   RO         2064    i.xTaskCheckForTimeOut  tasks.o
    0x080163d8   0x080163d8   0x00000056   Code   RO         2065    i.xTaskCreate       tasks.o
    0x0801642e   0x0801642e   0x00000002   PAD
    0x08016430   0x08016430   0x0000001c   Code   RO         2069    i.xTaskGetSchedulerState  tasks.o
    0x0801644c   0x0801644c   0x0000000c   Code   RO         2070    i.xTaskGetTickCount  tasks.o
    0x08016458   0x08016458   0x000000cc   Code   RO         2072    i.xTaskIncrementTick  tasks.o
    0x08016524   0x08016524   0x00000098   Code   RO         2075    i.xTaskPriorityDisinherit  tasks.o
    0x080165bc   0x080165bc   0x00000078   Code   RO         2077    i.xTaskRemoveFromEventList  tasks.o
    0x08016634   0x08016634   0x000000c4   Code   RO         2078    i.xTaskResumeAll    tasks.o
    0x080166f8   0x080166f8   0x00000048   Code   RO         2396    i.xTimerCreateTimerTask  timers.o
    0x08016740   0x08016740   0x00000064   Code   RO         2397    i.xTimerGenericCommand  timers.o
    0x080167a4   0x080167a4   0x0000000a   Code   RO         6801    x$fpl$fpinit        fz_wm.l(fpinit.o)
    0x080167ae   0x080167ae   0x00000008   Data   RO         4033    .constdata          stm32f4xx_hal_dma.o
    0x080167b6   0x080167b6   0x00000010   Data   RO         6633    .constdata          system_stm32f4xx.o
    0x080167c6   0x080167c6   0x00000008   Data   RO         6634    .constdata          system_stm32f4xx.o
    0x080167ce   0x080167ce   0x00000002   PAD
    0x080167d0   0x080167d0   0x000009a5   Data   RO         2825    .conststring        interface.o
    0x08017175   0x08017175   0x00000003   PAD
    0x08017178   0x08017178   0x00000020   Data   RO         6897    Region$$Table       anon$$obj.o


    Execution Region RW_IRAM1 (Exec base: 0x20000000, Load base: 0x08017198, Size: 0x0000a1f0, Max: 0x00050000, ABSOLUTE, COMPRESSED[0x000005c8])

    Exec Addr    Load Addr    Size         Type   Attr      Idx    E Section Name        Object

    0x20000000   COMPRESSED   0x000000a0   Data   RW           53    .data               main.o
    0x200000a0   COMPRESSED   0x0000000c   Data   RW          703    .data               bsp_hd7279.o
    0x200000ac   COMPRESSED   0x00000024   Data   RW          901    .data               bsp_ncv7356.o
    0x200000d0   COMPRESSED   0x00000203   Data   RW         1228    .data               bsp_485.o
    0x200002d3   COMPRESSED   0x00000001   PAD
    0x200002d4   COMPRESSED   0x00000004   Data   RW         1229    .data               bsp_485.o
    0x200002d8   COMPRESSED   0x00000004   Data   RW         1372    .data               parameter_operation.o
    0x200002dc   COMPRESSED   0x0000003c   Data   RW         2081    .data               tasks.o
    0x20000318   COMPRESSED   0x00000014   Data   RW         2405    .data               timers.o
    0x2000032c   COMPRESSED   0x00000020   Data   RW         2545    .data               heap_4.o
    0x2000034c   COMPRESSED   0x0000000c   Data   RW         2601    .data               port.o
    0x20000358   COMPRESSED   0x0000002d   Data   RW         2679    .data               sensor.o
    0x20000385   COMPRESSED   0x00000001   Data   RW         2680    .data               sensor.o
    0x20000386   COMPRESSED   0x00000001   Data   RW         2686    .data               sensor.o
    0x20000387   COMPRESSED   0x00000023   Data   RW         2749    .data               main_logic.o
    0x200003aa   COMPRESSED   0x00000002   PAD
    0x200003ac   COMPRESSED   0x000008e4   Data   RW         2826    .data               interface.o
    0x20000c90   COMPRESSED   0x00000004   Data   RW         2827    .data               interface.o
    0x20000c94   COMPRESSED   0x00000001   Data   RW         2828    .data               interface.o
    0x20000c95   COMPRESSED   0x00000007   Data   RW         2829    .data               interface.o
    0x20000c9c   COMPRESSED   0x00000004   Data   RW         2830    .data               interface.o
    0x20000ca0   COMPRESSED   0x00000004   Data   RW         2831    .data               interface.o
    0x20000ca4   COMPRESSED   0x00000004   Data   RW         2832    .data               interface.o
    0x20000ca8   COMPRESSED   0x00000007   Data   RW         2833    .data               interface.o
    0x20000caf   COMPRESSED   0x00000001   Data   RW         2834    .data               interface.o
    0x20000cb0   COMPRESSED   0x00000004   Data   RW         2835    .data               interface.o
    0x20000cb4   COMPRESSED   0x00000001   Data   RW         2836    .data               interface.o
    0x20000cb5   COMPRESSED   0x00000010   Data   RW         2871    .data               cansend.o
    0x20000cc5   COMPRESSED   0x00000003   PAD
    0x20000cc8   COMPRESSED   0x0000002c   Data   RW         2918    .data               controlded.o
    0x20000cf4   COMPRESSED   0x00000021   Data   RW         2961    .data               canreceive.o
    0x20000d15   COMPRESSED   0x00000001   Data   RW         2962    .data               canreceive.o
    0x20000d16   COMPRESSED   0x00000001   Data   RW         3009    .data               set.o
    0x20000d17   COMPRESSED   0x00000001   PAD
    0x20000d18   COMPRESSED   0x0000022c   Data   RW         3010    .data               set.o
    0x20000f44   COMPRESSED   0x00000015   Data   RW         3088    .data               drv_usart.o
    0x20000f59   COMPRESSED   0x00000004   Data   RW         3160    .data               group.o
    0x20000f5d   COMPRESSED   0x00000009   Data   RW         3198    .data               follow.o
    0x20000f66   COMPRESSED   0x00000001   Data   RW         3199    .data               follow.o
    0x20000f67   COMPRESSED   0x00000004   Data   RW         3200    .data               follow.o
    0x20000f6b   COMPRESSED   0x00000001   Data   RW         3201    .data               follow.o
    0x20000f6c   COMPRESSED   0x00000005   Data   RW         3202    .data               follow.o
    0x20000f71   COMPRESSED   0x00000003   PAD
    0x20000f74   COMPRESSED   0x0000000c   Data   RW         4484    .data               stm32f4xx_hal.o
    0x20000f80   COMPRESSED   0x00000004   Data   RW         6635    .data               system_stm32f4xx.o
    0x20000f84        -       0x0000027c   Zero   RW           41    .bss                main.o
    0x20001200        -       0x00000060   Zero   RW           42    .bss                main.o
    0x20001260        -       0x00000060   Zero   RW           43    .bss                main.o
    0x200012c0        -       0x00000060   Zero   RW           44    .bss                main.o
    0x20001320        -       0x00000060   Zero   RW           45    .bss                main.o
    0x20001380        -       0x00000060   Zero   RW           46    .bss                main.o
    0x200013e0        -       0x00000060   Zero   RW           47    .bss                main.o
    0x20001440        -       0x0000006c   Zero   RW          900    .bss                bsp_ncv7356.o
    0x200014ac        -       0x00000014   Zero   RW         1227    .bss                bsp_485.o
    0x200014c0        -       0x00000048   Zero   RW         1312    .bss                time.o
    0x20001508        -       0x000000f0   Zero   RW         1371    .bss                parameter_operation.o
    0x200015f8        -       0x00000040   Zero   RW         1686    .bss                queue.o
    0x20001638        -       0x000002e4   Zero   RW         2080    .bss                tasks.o
    0x2000191c        -       0x00000028   Zero   RW         2404    .bss                timers.o
    0x20001944        -       0x00008000   Zero   RW         2544    .bss                heap_4.o
    0x20009944        -       0x000000ca   Zero   RW         2678    .bss                sensor.o
    0x20009a0e        -       0x0000000b   Zero   RW         2822    .bss                interface.o
    0x20009a19        -       0x00000009   Zero   RW         2823    .bss                interface.o
    0x20009a22        -       0x00000009   Zero   RW         2824    .bss                interface.o
    0x20009a2b   COMPRESSED   0x00000001   PAD
    0x20009a2c        -       0x0000005c   Zero   RW         3087    .bss                drv_usart.o
    0x20009a88        -       0x00000020   Zero   RW         3708    .bss                stm32f4xx_hal_flash.o
    0x20009aa8        -       0x000000e4   Zero   RW         6702    .bss                c_w.l(rand.o)
    0x20009b8c        -       0x00000060   Zero   RW         6824    .bss                c_w.l(libspace.o)
    0x20009bec   COMPRESSED   0x00000004   PAD
    0x20009bf0        -       0x00000200   Zero   RW            2    HEAP                startup_stm32f413xx.o
    0x20009df0        -       0x00000400   Zero   RW            1    STACK               startup_stm32f413xx.o


==============================================================================

Image component sizes


      Code (inc. data)   RO Data    RW Data    ZI Data      Debug   Object Name

       320         64          0        519         20       3879   bsp_485.o
      1032         72          0         12          0      11202   bsp_hd7279.o
       116          6          0          0          0        681   bsp_leds.o
       172         12          0          0          0       2856   bsp_mcz33996.o
       548        100          0         36        108      34803   bsp_ncv7356.o
      1154         30          0          0          0      11265   bsp_oled19264.o
       256         16          0          0          0       3278   bsp_w25q128.o
      2152        286          0         34          0       5006   canreceive.o
       304         42          0         16          0       1999   cansend.o
      2548        632          0         44          0       5768   controlded.o
      1284        172          0         21         92       6511   drv_usart.o
         0          0          0          0          0      10696   event_groups.o
      1188        212          0         20          0       3658   follow.o
      1384        174          0          4          0       3944   group.o
       472         24          0         32      32768       4935   heap_4.o
       704         60       2469       2313         29       7261   interface.o
       138          0          0          0          0       3566   list.o
      4308        700          0        160       1212     780353   main.o
      7128        994          0         35          0      13981   main_logic.o
      6820       1402          0          4        240      11423   parameter_operation.o
       786         80          0         12          0      12101   port.o
      1452         18          0          0         64      16354   queue.o
      2630        186          0         47        202      11058   sensor.o
      3720        342          0        557          0      16166   set.o
        64         26        472          0       1536        888   startup_stm32f413xx.o
       144         24          0         12          0       9377   stm32f4xx_hal.o
      1170         50          0          0          0       5782   stm32f4xx_hal_adc.o
      1714          8          0          0          0      15905   stm32f4xx_hal_can.o
       198         14          0          0          0      34215   stm32f4xx_hal_cortex.o
      1090         16          8          0          0       8593   stm32f4xx_hal_dma.o
       540         66          0          0         32       7290   stm32f4xx_hal_flash.o
       356         24          0          0          0       4558   stm32f4xx_hal_flash_ex.o
       508         46          0          0          0       4651   stm32f4xx_hal_gpio.o
       100          0          0          0          0       2163   stm32f4xx_hal_iwdg.o
      1432        146          0          0          0       5930   stm32f4xx_hal_msp.o
       468         52          0          0          0       4072   stm32f4xx_hal_rcc.o
       876         22          0          0          0       2316   stm32f4xx_hal_rcc_ex.o
       458          6          0          0          0       3836   stm32f4xx_hal_spi.o
       982         44          0          0          0      10501   stm32f4xx_hal_tim.o
       148         28          0          0          0       2869   stm32f4xx_hal_tim_ex.o
      2490         50          0          0          0      20736   stm32f4xx_hal_uart.o
       218         72          0          0          0      11601   stm32f4xx_it.o
        28          8         24          4          0       1439   system_stm32f4xx.o
      2512        216          0         60        740      28079   tasks.o
        24         12          0          0         72       1813   time.o
       940         82          0         20         40      20639   timers.o

    ----------------------------------------------------------------------
     57136       6636       3010       3972      37156    1189997   Object Totals
         0          0         32          0          0          0   (incl. Generated)
        60          0          5         10          1          0   (incl. Padding)

    ----------------------------------------------------------------------

      Code (inc. data)   RO Data    RW Data    ZI Data      Debug   Library Member Name

       100          0          0          0          0          0   __dclz77c.o
         8          0          0          0          0         68   __main.o
       104          0          0          0          0         84   __printf.o
         0          0          0          0          0          0   __rtentry.o
        12          0          0          0          0          0   __rtentry2.o
         6          0          0          0          0          0   __rtentry4.o
        52          8          0          0          0          0   __scatter.o
        28          0          0          0          0          0   __scatter_zi.o
        48          6          0          0          0         96   _printf_char_common.o
         6          0          0          0          0          0   _printf_d.o
       120         16          0          0          0         92   _printf_dec.o
       178          0          0          0          0         88   _printf_intcommon.o
         0          0          0          0          0          0   _printf_percent.o
         4          0          0          0          0          0   _printf_percent_end.o
        10          0          0          0          0         68   _sputc.o
        16          0          0          0          0         68   aeabi_memset.o
        18          0          0          0          0         80   exit.o
         6          0          0          0          0        152   heapauxi.o
         0          0          0          0          0          0   indicate_semi.o
         2          0          0          0          0          0   libinit.o
        10          0          0          0          0          0   libinit2.o
         2          0          0          0          0          0   libshutdown.o
         2          0          0          0          0          0   libshutdown2.o
         8          4          0          0         96         68   libspace.o
       238          0          0          0          0        100   lludivv7m.o
        40          6          0          0          0         84   noretval__2sprintf.o
       112         18          0          0        228        160   rand.o
        68          0          0          0          0         68   rt_memclr.o
        78          0          0          0          0         80   rt_memclr_w.o
       138          0          0          0          0         68   rt_memcpy_v6.o
       100          0          0          0          0         80   rt_memcpy_w.o
         2          0          0          0          0          0   rtexit.o
        10          0          0          0          0          0   rtexit2.o
        72          0          0          0          0         80   strcpy.o
        12          4          0          0          0         68   sys_exit.o
        74          0          0          0          0         80   sys_stackheap_outer.o
         2          0          0          0          0         68   use_no_semi.o
        10          0          0          0          0        116   fpinit.o

    ----------------------------------------------------------------------
      1702         62          0          0        328       1916   Library Totals
         6          0          0          0          4          0   (incl. Padding)

    ----------------------------------------------------------------------

      Code (inc. data)   RO Data    RW Data    ZI Data      Debug   Library Name

      1686         62          0          0        324       1800   c_w.l
        10          0          0          0          0        116   fz_wm.l

    ----------------------------------------------------------------------
      1702         62          0          0        328       1916   Library Totals

    ----------------------------------------------------------------------

==============================================================================


      Code (inc. data)   RO Data    RW Data    ZI Data      Debug   

     58838       6698       3010       3972      37484    1158977   Grand Totals
     58838       6698       3010       1480      37484    1158977   ELF Image Totals (compressed)
     58838       6698       3010       1480          0          0   ROM Totals

==============================================================================

    Total RO  Size (Code + RO Data)                61848 (  60.40kB)
    Total RW  Size (RW Data + ZI Data)             41456 (  40.48kB)
    Total ROM Size (Code + RO Data + RW Data)      63328 (  61.84kB)

==============================================================================

